[HOTHAM_SIMULATOR] Create vulkan physical device called
[HOTHAM_SIMULATOR] Created physical device: 0x22ede6fba80
[HOTHAM_SIMULATOR] Create vulkan device called with: DeviceCreateInfo { s_type: DEVICE_CREATE_INFO, p_next: 0x0, flags: , queue_create_info_count: 1, p_queue_create_infos: 0x8c530ff2d8, enabled_layer_count: 0, pp_enabled_layer_names: 0x0, enabled_extension_count: 0, pp_enabled_extension_names: 0x0, p_enabled_features: 0x8c530ff3e0 }
[HOTHAM_SIMULATOR] Creating vulkan device with DeviceCreateInfo { s_type: DEVICE_CREATE_INFO, p_next: 0x0, flags: , queue_create_info_count: 1, p_queue_create_infos: 0x8c530ff2d8, enabled_layer_count: 0, pp_enabled_layer_names: 0x0, enabled_extension_count: 1, pp_enabled_extension_names: 0x22ede6bcb70, p_enabled_features: 0x8c530ff3e0 }
[HOTHAM_SIMULATOR] Done! Device created: 0x22ede6c8058
[HOTHAM_SIMULATOR] Create action set called with "gameplay"
[HOTHAM_SIMULATOR] String to path called with "/user/hand/left"
[HOTHAM_SIMULATOR] String to path called with "/user/hand/right"
[HOTHAM_SIMULATOR] Create action set called with ActionSet(42)
[HOTHAM_SIMULATOR] Create action set called with ActionSet(42)
[HOTHAM_SIMULATOR] Create action set called with ActionSet(42)
[HOTHAM_SIMULATOR] Create action set called with ActionSet(42)
[HOTHAM_SIMULATOR] String to path called with "/user/hand/left/input/select/click"
[HOTHAM_SIMULATOR] String to path called with "/user/hand/right/input/select/click"
[HOTHAM_SIMULATOR] String to path called with "/user/hand/left/input/squeeze/value"
[HOTHAM_SIMULATOR] String to path called with "/user/hand/right/input/squeeze/value"
[HOTHAM_SIMULATOR] String to path called with "/user/hand/left/input/squeeze/force"
[HOTHAM_SIMULATOR] String to path called with "/user/hand/right/input/squeeze/force"
[HOTHAM_SIMULATOR] String to path called with "/user/hand/left/input/squeeze/click"
[HOTHAM_SIMULATOR] String to path called with "/user/hand/right/input/squeeze/click"
[HOTHAM_SIMULATOR] String to path called with "/user/hand/left/input/grip/pose"
[HOTHAM_SIMULATOR] String to path called with "/user/hand/right/input/grip/pose"
[HOTHAM_SIMULATOR] String to path called with "/user/hand/left/output/haptic"
[HOTHAM_SIMULATOR] String to path called with "/user/hand/right/output/haptic"
[HOTHAM_SIMULATOR] String to path called with "/user/hand/left/input/menu/click"
[HOTHAM_SIMULATOR] String to path called with "/user/hand/right/input/menu/click"
[HOTHAM_SIMULATOR] String to path called with "/user/hand/left/input/b/click"
[HOTHAM_SIMULATOR] String to path called with "/user/hand/right/input/b/click"
[HOTHAM_SIMULATOR] String to path called with "/user/hand/left/input/trigger/value"
[HOTHAM_SIMULATOR] String to path called with "/user/hand/right/input/trigger/value"
[HOTHAM_SIMULATOR] String to path called with "/interaction_profiles/khr/simple_controller"
[HOTHAM_SIMULATOR] Suggest interaction profile bindings called!
[HOTHAM_SIMULATOR] String to path called with "/interaction_profiles/oculus/touch_controller"
[HOTHAM_SIMULATOR] Suggest interaction profile bindings called!
[HOTHAM_SIMULATOR] String to path called with "/interaction_profiles/htc/vive_controller"
[HOTHAM_SIMULATOR] Suggest interaction profile bindings called!
[HOTHAM_SIMULATOR] String to path called with "/interaction_profiles/valve/index_controller"
[HOTHAM_SIMULATOR] Suggest interaction profile bindings called!
[HOTHAM_SIMULATOR] String to path called with "/interaction_profiles/microsoft/motion_controller"
[HOTHAM_SIMULATOR] Suggest interaction profile bindings called!
[HOTHAM_SIMULATOR] Create action space called
[HOTHAM_SIMULATOR] Create action space called
[HOTHAM_SIMULATOR] Attach action sets called
[HOTHAM_SIMULATOR] Create reference space called
[HOTHAM_SIMULATOR] Create reference space called
[HOTHAM_SIMULATOR] Create reference space called
[HOTHAM_SIMULATOR] Create reference space called
[HOTHAM_SIMULATOR] Create reference space called
[HOTHAM_SIMULATOR] Create reference space called
[HOTHAM_SIMULATOR] Create reference space called
[HOTHAM_SIMULATOR] Create reference space called
[HOTHAM_SIMULATOR] enumerate_view_configuration_views called with: 1
[HOTHAM_SIMULATOR] Creating XR Swapchain..
[HOTHAM_SIMULATOR] ..done.
[HOTHAM_SIMULATOR] Building windows swapchain..
[HOTHAM_SIMULATOR] Creating window with visible true..
[HOTHAM_SIMULATOR] ..done.
[HOTHAM_SIMULATOR] Creating surface..
[HOTHAM_SIMULATOR] ..done
[HOTHAM_SIMULATOR] About to create swapchain..
[HOTHAM_SIMULATOR] Created swapchain: 0x7876fe000000001b. Sending..
[HOTHAM_SIMULATOR] Received swapchain: 0x7876fe000000001b
[HOTHAM_SIMULATOR] Creating descriptor sets..
[HOTHAM_SIMULATOR] Created descriptor pool 0xf89e70000000022
[HOTHAM_SIMULATOR] Allocating descriptor sets with layouts: [0x203fc60000000023, 0x203fc60000000023, 0x203fc60000000023]
[HOTHAM_SIMULATOR] Creating render pass..
[HOTHAM_SIMULATOR] ..done!
[HOTHAM_SIMULATOR] Creating pipelines..
[HOTHAM_SIMULATOR] ..done!
[HOTHAM_SIMULATOR] ..done
[HOTHAM_SIMULATOR] Returning with Swapchain(8680404607756664859)
[HOTHAM_SIMULATOR] Creating swapchain images..
[HOTHAM_SIMULATOR] Done!
[HOTHAM_SIMULATOR] Beginning session: Session(42)
[00:36:02.550][Info   ] Press any key to shutdown...
[00:36:02.554][Verbose] Available Extensions: (2)
[00:36:02.554][Verbose]   Name=XR_KHR_vulkan_enable2 SpecVersion=2
[00:36:02.554][Verbose]   Name=XR_EXT_debug_utils SpecVersion=4
[00:36:02.554][Info   ] Available Layers: (0)
[00:36:02.555][Info   ] Instance RuntimeName=Hotham Simulator RuntimeVersion=0.0.1
[00:36:02.555][Verbose] Using system 42 for form factor XR_FORM_FACTOR_HEAD_MOUNTED_DISPLAY
[00:36:02.555][Info   ] Available View Configuration Types: (0)
[00:36:02.600][Verbose] DEBUG: (INSTANCE 0x22eddfedb60) [Loader Message] Loading layer library C:\VulkanSDK\1.2.162.1\Bin\.\VkLayer_khronos_validation.dll
[00:36:02.600][Info   ] INFO: (INSTANCE 0x22eddfedb60) [Loader Message] Inserted device layer VK_LAYER_KHRONOS_validation (C:\VulkanSDK\1.2.162.1\Bin\.\VkLayer_khronos_validation.dll)
[00:36:02.600][Verbose] DEBUG: (INSTANCE 0x22eddfedb60) [Loader Message] Loading layer library C:\WINDOWS\System32\DriverStore\FileRepository\nv_dispi.inf_amd64_b2801df14ec7de03\.\nvoglv64.dll
[00:36:02.600][Info   ] INFO: (INSTANCE 0x22eddfedb60) [Loader Message] Inserted device layer VK_LAYER_NV_optimus (C:\WINDOWS\System32\DriverStore\FileRepository\nv_dispi.inf_amd64_b2801df14ec7de03\.\nvoglv64.dll)
[00:36:02.687][Info   ] Loaded vertex shader
[00:36:02.687][Info   ] Loaded fragment shader
[00:36:02.687][Verbose] Creating session...
[00:36:02.687][Verbose] Created session 42
[00:36:02.687][Info   ] Available reference spaces: 1
[00:36:02.687][Verbose]   Name: XR_REFERENCE_SPACE_TYPE_STAGE
[00:36:02.688][Info   ] System Properties: Name= VendorId=0
[00:36:02.688][Info   ] System Graphics Properties: MaxWidth=0 MaxHeight=0 MaxLayers=0
[00:36:02.688][Info   ] System Tracking Properties: OrientationTracking=False PositionTracking=False
[00:36:02.688][Verbose] View count 1
[00:36:02.688][Verbose] Swapchain Formats:  [50]
[00:36:02.688][Info   ] Creating swapchain for view 0 with dimensions Width=600 Height=600 SampleCount=3
[00:36:02.731][Info   ] XrEventDataSessionStateChanged: state XR_SESSION_STATE_UNKNOWN->XR_SESSION_STATE_IDLE session=42 time=10
[00:36:02.731][Info   ] XrEventDataSessionStateChanged: state XR_SESSION_STATE_IDLE->XR_SESSION_STATE_READY session=42 time=10
[00:36:02.732][Verbose] Polling actions..
[00:36:02.732][Verbose] Rendering frame..
[00:36:02.732][Verbose] Check session..
[00:36:02.732][Verbose] Rendering layer..
[00:36:02.732][Verbose] Done locating views 1
[00:36:02.732][Verbose] Checking if 1 == 1
[00:36:02.732][Verbose] 1 == 1
[HOTHAM_SIMULATOR] Acquire swapchain image called..
[HOTHAM_SIMULATOR] Done. Index is 0
[HOTHAM_SIMULATOR] Release image called
[HOTHAM_SIMULATOR] Transitioning image 0x1f91b40000000011
[00:36:02.733][Verbose] Ending frame..
[HOTHAM_SIMULATOR] Done transitioning image 0x1f91b40000000011
[HOTHAM_SIMULATOR] done! Probably?
[00:36:02.736][Verbose] Polling actions..
[00:36:02.736][Verbose] Rendering frame..
[00:36:02.736][Verbose] Check session..
[00:36:02.736][Verbose] Rendering layer..
[00:36:02.736][Verbose] Done locating views 1
[00:36:02.736][Verbose] Checking if 1 == 1
[00:36:02.736][Verbose] 1 == 1
[HOTHAM_SIMULATOR] Acquire swapchain image called..
[HOTHAM_SIMULATOR] Done. Index is 1
[HOTHAM_SIMULATOR] Release image called
[HOTHAM_SIMULATOR] Transitioning image 0xfe25f60000000013
[00:36:02.737][Verbose] Ending frame..
[HOTHAM_SIMULATOR] Done transitioning image 0xfe25f60000000013
[HOTHAM_SIMULATOR] done! Probably?
[00:36:02.738][Verbose] Polling actions..
[00:36:02.738][Verbose] Rendering frame..
[00:36:02.738][Verbose] Check session..
[00:36:02.738][Verbose] Rendering layer..
[00:36:02.739][Verbose] Done locating views 1
[00:36:02.739][Verbose] Checking if 1 == 1
[00:36:02.739][Verbose] 1 == 1
[HOTHAM_SIMULATOR] Acquire swapchain image called..
[HOTHAM_SIMULATOR] Done. Index is 2
[HOTHAM_SIMULATOR] Release image called
[HOTHAM_SIMULATOR] Transitioning image 0x6269300000000015
[00:36:02.740][Verbose] Ending frame..
[HOTHAM_SIMULATOR] Done transitioning image 0x6269300000000015
[HOTHAM_SIMULATOR] done! Probably?
[00:36:02.741][Verbose] Polling actions..
[00:36:02.741][Verbose] Rendering frame..
[00:36:02.741][Verbose] Check session..
[00:36:02.741][Verbose] Rendering layer..
[00:36:02.742][Verbose] Done locating views 1
[00:36:02.742][Verbose] Checking if 1 == 1
[00:36:02.742][Verbose] 1 == 1
[HOTHAM_SIMULATOR] Acquire swapchain image called..
[HOTHAM_SIMULATOR] Done. Index is 0
[HOTHAM_SIMULATOR] Release image called
[HOTHAM_SIMULATOR] Transitioning image 0x1f91b40000000011
[00:36:02.743][Verbose] Ending frame..
[HOTHAM_SIMULATOR] Done transitioning image 0x1f91b40000000011
[HOTHAM_SIMULATOR] done! Probably?
[00:36:02.744][Verbose] Polling actions..
[00:36:02.744][Verbose] Rendering frame..
[00:36:02.744][Verbose] Check session..
[00:36:02.744][Verbose] Rendering layer..
[00:36:02.744][Verbose] Done locating views 1
[00:36:02.744][Verbose] Checking if 1 == 1
[00:36:02.744][Verbose] 1 == 1
[HOTHAM_SIMULATOR] Acquire swapchain image called..
[HOTHAM_SIMULATOR] Done. Index is 1
[HOTHAM_SIMULATOR] Release image called
[HOTHAM_SIMULATOR] Transitioning image 0xfe25f60000000013
[00:36:02.745][Verbose] Ending frame..
[HOTHAM_SIMULATOR] Done transitioning image 0xfe25f60000000013
[HOTHAM_SIMULATOR] done! Probably?
[00:36:02.747][Verbose] Polling actions..
[00:36:02.747][Verbose] Rendering frame..
[00:36:02.747][Verbose] Check session..
[00:36:02.747][Verbose] Rendering layer..
[00:36:02.747][Verbose] Done locating views 1
[00:36:02.747][Verbose] Checking if 1 == 1
[00:36:02.747][Verbose] 1 == 1
[HOTHAM_SIMULATOR] Acquire swapchain image called..
[HOTHAM_SIMULATOR] Done. Index is 2
[HOTHAM_SIMULATOR] Release image called
[HOTHAM_SIMULATOR] Transitioning image 0x6269300000000015
[00:36:02.748][Verbose] Ending frame..
[HOTHAM_SIMULATOR] Done transitioning image 0x6269300000000015
[HOTHAM_SIMULATOR] done! Probably?
[00:36:02.750][Verbose] Polling actions..
[00:36:02.750][Verbose] Rendering frame..
[00:36:02.750][Verbose] Check session..
[00:36:02.750][Verbose] Rendering layer..
[00:36:02.750][Verbose] Done locating views 1
[00:36:02.750][Verbose] Checking if 1 == 1
[00:36:02.750][Verbose] 1 == 1
[HOTHAM_SIMULATOR] Acquire swapchain image called..
[HOTHAM_SIMULATOR] Done. Index is 0
[HOTHAM_SIMULATOR] Release image called
[HOTHAM_SIMULATOR] Transitioning image 0x1f91b40000000011
[00:36:02.751][Verbose] Ending frame..
[HOTHAM_SIMULATOR] Done transitioning image 0x1f91b40000000011
[HOTHAM_SIMULATOR] done! Probably?
[00:36:02.752][Verbose] Polling actions..
[00:36:02.752][Verbose] Rendering frame..
[00:36:02.752][Verbose] Check session..
[00:36:02.752][Verbose] Rendering layer..
[00:36:02.753][Verbose] Done locating views 1
[00:36:02.753][Verbose] Checking if 1 == 1
[00:36:02.753][Verbose] 1 == 1
[HOTHAM_SIMULATOR] Acquire swapchain image called..
[HOTHAM_SIMULATOR] Done. Index is 1
[HOTHAM_SIMULATOR] Release image called
[HOTHAM_SIMULATOR] Transitioning image 0xfe25f60000000013
[00:36:02.754][Verbose] Ending frame..
[HOTHAM_SIMULATOR] Done transitioning image 0xfe25f60000000013
[HOTHAM_SIMULATOR] done! Probably?
[00:36:02.755][Verbose] Polling actions..
[00:36:02.755][Verbose] Rendering frame..
[00:36:02.755][Verbose] Check session..
[00:36:02.755][Verbose] Rendering layer..
[00:36:02.755][Verbose] Done locating views 1
[00:36:02.755][Verbose] Checking if 1 == 1
[00:36:02.755][Verbose] 1 == 1
[HOTHAM_SIMULATOR] Acquire swapchain image called..
[HOTHAM_SIMULATOR] Done. Index is 2
[HOTHAM_SIMULATOR] Release image called
[HOTHAM_SIMULATOR] Transitioning image 0x6269300000000015
[00:36:02.757][Verbose] Ending frame..
[HOTHAM_SIMULATOR] Done transitioning image 0x6269300000000015
[HOTHAM_SIMULATOR] done! Probably?
[00:36:02.758][Verbose] Polling actions..
[00:36:02.758][Verbose] Rendering frame..
[00:36:02.758][Verbose] Check session..
[00:36:02.758][Verbose] Rendering layer..
[00:36:02.759][Verbose] Done locating views 1
[00:36:02.759][Verbose] Checking if 1 == 1
[00:36:02.759][Verbose] 1 == 1
[HOTHAM_SIMULATOR] Acquire swapchain image called..
[HOTHAM_SIMULATOR] Done. Index is 0
[HOTHAM_SIMULATOR] Release image called
[HOTHAM_SIMULATOR] Transitioning image 0x1f91b40000000011
[00:36:02.760][Verbose] Ending frame..
[HOTHAM_SIMULATOR] Done transitioning image 0x1f91b40000000011
[HOTHAM_SIMULATOR] done! Probably?
[00:36:02.761][Verbose] Polling actions..
[00:36:02.761][Verbose] Rendering frame..
[00:36:02.761][Verbose] Check session..
[00:36:02.761][Verbose] Rendering layer..
[00:36:02.761][Verbose] Done locating views 1
[00:36:02.761][Verbose] Checking if 1 == 1
[00:36:02.761][Verbose] 1 == 1
[HOTHAM_SIMULATOR] Acquire swapchain image called..
[HOTHAM_SIMULATOR] Done. Index is 1
[HOTHAM_SIMULATOR] Release image called
[HOTHAM_SIMULATOR] Transitioning image 0xfe25f60000000013
[00:36:02.763][Verbose] Ending frame..
[HOTHAM_SIMULATOR] Done transitioning image 0xfe25f60000000013
[HOTHAM_SIMULATOR] done! Probably?
[00:36:02.764][Verbose] Polling actions..
[00:36:02.764][Verbose] Rendering frame..
[00:36:02.764][Verbose] Check session..
[00:36:02.764][Verbose] Rendering layer..
[00:36:02.764][Verbose] Done locating views 1
[00:36:02.764][Verbose] Checking if 1 == 1
[00:36:02.764][Verbose] 1 == 1
[HOTHAM_SIMULATOR] Acquire swapchain image called..
[HOTHAM_SIMULATOR] Done. Index is 2
[HOTHAM_SIMULATOR] Release image called
[HOTHAM_SIMULATOR] Transitioning image 0x6269300000000015
[00:36:02.766][Verbose] Ending frame..
[HOTHAM_SIMULATOR] Done transitioning image 0x6269300000000015
[HOTHAM_SIMULATOR] done! Probably?
[00:36:02.767][Verbose] Polling actions..
[00:36:02.767][Verbose] Rendering frame..
[00:36:02.767][Verbose] Check session..
[00:36:02.767][Verbose] Rendering layer..
[00:36:02.767][Verbose] Done locating views 1
[00:36:02.767][Verbose] Checking if 1 == 1
[00:36:02.767][Verbose] 1 == 1
[HOTHAM_SIMULATOR] Acquire swapchain image called..
[HOTHAM_SIMULATOR] Done. Index is 0
[HOTHAM_SIMULATOR] Release image called
[HOTHAM_SIMULATOR] Transitioning image 0x1f91b40000000011
[00:36:02.768][Verbose] Ending frame..
[HOTHAM_SIMULATOR] Done transitioning image 0x1f91b40000000011
[HOTHAM_SIMULATOR] done! Probably?
[00:36:02.769][Verbose] Polling actions..
[00:36:02.769][Verbose] Rendering frame..
[00:36:02.769][Verbose] Check session..
[00:36:02.769][Verbose] Rendering layer..
[00:36:02.770][Verbose] Done locating views 1
[00:36:02.770][Verbose] Checking if 1 == 1
[00:36:02.770][Verbose] 1 == 1
[HOTHAM_SIMULATOR] Acquire swapchain image called..
[HOTHAM_SIMULATOR] Done. Index is 1
[HOTHAM_SIMULATOR] Release image called
[HOTHAM_SIMULATOR] Transitioning image 0xfe25f60000000013
[00:36:02.771][Verbose] Ending frame..
[HOTHAM_SIMULATOR] Done transitioning image 0xfe25f60000000013
[HOTHAM_SIMULATOR] done! Probably?
[00:36:02.772][Verbose] Polling actions..
[00:36:02.772][Verbose] Rendering frame..
[00:36:02.772][Verbose] Check session..
[00:36:02.772][Verbose] Rendering layer..
[00:36:02.772][Verbose] Done locating views 1
[00:36:02.772][Verbose] Checking if 1 == 1
[00:36:02.772][Verbose] 1 == 1
[HOTHAM_SIMULATOR] Acquire swapchain image called..
[HOTHAM_SIMULATOR] Done. Index is 2
[HOTHAM_SIMULATOR] Release image called
[HOTHAM_SIMULATOR] Transitioning image 0x6269300000000015
[00:36:02.773][Verbose] Ending frame..
[HOTHAM_SIMULATOR] Done transitioning image 0x6269300000000015
[HOTHAM_SIMULATOR] done! Probably?
[00:36:02.775][Verbose] Polling actions..
[00:36:02.775][Verbose] Rendering frame..
[00:36:02.775][Verbose] Check session..
[00:36:02.775][Verbose] Rendering layer..
[00:36:02.775][Verbose] Done locating views 1
[00:36:02.775][Verbose] Checking if 1 == 1
[00:36:02.775][Verbose] 1 == 1
[HOTHAM_SIMULATOR] Acquire swapchain image called..
[HOTHAM_SIMULATOR] Done. Index is 0
[HOTHAM_SIMULATOR] Release image called
[HOTHAM_SIMULATOR] Transitioning image 0x1f91b40000000011
[00:36:02.776][Verbose] Ending frame..
[HOTHAM_SIMULATOR] Done transitioning image 0x1f91b40000000011
[HOTHAM_SIMULATOR] done! Probably?
[00:36:02.777][Verbose] Polling actions..
[00:36:02.777][Verbose] Rendering frame..
[00:36:02.777][Verbose] Check session..
[00:36:02.777][Verbose] Rendering layer..
[00:36:02.778][Verbose] Done locating views 1
[00:36:02.778][Verbose] Checking if 1 == 1
[00:36:02.778][Verbose] 1 == 1
[HOTHAM_SIMULATOR] Acquire swapchain image called..
[HOTHAM_SIMULATOR] Done. Index is 1
[HOTHAM_SIMULATOR] Release image called
[HOTHAM_SIMULATOR] Transitioning image 0xfe25f60000000013
[00:36:02.779][Verbose] Ending frame..
[HOTHAM_SIMULATOR] Done transitioning image 0xfe25f60000000013
[HOTHAM_SIMULATOR] done! Probably?
[00:36:02.780][Verbose] Polling actions..
[00:36:02.780][Verbose] Rendering frame..
[00:36:02.780][Verbose] Check session..
[00:36:02.780][Verbose] Rendering layer..
[00:36:02.781][Verbose] Done locating views 1
[00:36:02.781][Verbose] Checking if 1 == 1
[00:36:02.781][Verbose] 1 == 1
[HOTHAM_SIMULATOR] Acquire swapchain image called..
[HOTHAM_SIMULATOR] Done. Index is 2
[HOTHAM_SIMULATOR] Release image called
[HOTHAM_SIMULATOR] Transitioning image 0x6269300000000015
[00:36:02.782][Verbose] Ending frame..
[HOTHAM_SIMULATOR] Done transitioning image 0x6269300000000015
[HOTHAM_SIMULATOR] done! Probably?
[00:36:02.783][Verbose] Polling actions..
[00:36:02.783][Verbose] Rendering frame..
[00:36:02.783][Verbose] Check session..
[00:36:02.783][Verbose] Rendering layer..
[00:36:02.783][Verbose] Done locating views 1
[00:36:02.783][Verbose] Checking if 1 == 1
[00:36:02.783][Verbose] 1 == 1
[HOTHAM_SIMULATOR] Acquire swapchain image called..
[HOTHAM_SIMULATOR] Done. Index is 0
[HOTHAM_SIMULATOR] Release image called
[HOTHAM_SIMULATOR] Transitioning image 0x1f91b40000000011
[00:36:02.784][Verbose] Ending frame..
[HOTHAM_SIMULATOR] Done transitioning image 0x1f91b40000000011
[HOTHAM_SIMULATOR] done! Probably?
[00:36:02.786][Verbose] Polling actions..
[00:36:02.786][Verbose] Rendering frame..
[00:36:02.786][Verbose] Check session..
[00:36:02.786][Verbose] Rendering layer..
[00:36:02.786][Verbose] Done locating views 1
[00:36:02.786][Verbose] Checking if 1 == 1
[00:36:02.786][Verbose] 1 == 1
[HOTHAM_SIMULATOR] Acquire swapchain image called..
[HOTHAM_SIMULATOR] Done. Index is 1
[HOTHAM_SIMULATOR] Release image called
[HOTHAM_SIMULATOR] Transitioning image 0xfe25f60000000013
[00:36:02.787][Verbose] Ending frame..
[HOTHAM_SIMULATOR] Done transitioning image 0xfe25f60000000013
[HOTHAM_SIMULATOR] done! Probably?
[00:36:02.789][Verbose] Polling actions..
[00:36:02.789][Verbose] Rendering frame..
[00:36:02.789][Verbose] Check session..
[00:36:02.789][Verbose] Rendering layer..
[00:36:02.789][Verbose] Done locating views 1
[00:36:02.789][Verbose] Checking if 1 == 1
[00:36:02.789][Verbose] 1 == 1
[HOTHAM_SIMULATOR] Acquire swapchain image called..
[HOTHAM_SIMULATOR] Done. Index is 2
[HOTHAM_SIMULATOR] Release image called
[HOTHAM_SIMULATOR] Transitioning image 0x6269300000000015
[00:36:02.791][Verbose] Ending frame..
[HOTHAM_SIMULATOR] Done transitioning image 0x6269300000000015
[HOTHAM_SIMULATOR] done! Probably?
[00:36:02.792][Verbose] Polling actions..
[00:36:02.792][Verbose] Rendering frame..
[00:36:02.792][Verbose] Check session..
[00:36:02.792][Verbose] Rendering layer..
[00:36:02.792][Verbose] Done locating views 1
[00:36:02.792][Verbose] Checking if 1 == 1
[00:36:02.792][Verbose] 1 == 1
[HOTHAM_SIMULATOR] Acquire swapchain image called..
[HOTHAM_SIMULATOR] Done. Index is 0
[HOTHAM_SIMULATOR] Release image called
[HOTHAM_SIMULATOR] Transitioning image 0x1f91b40000000011
[00:36:02.794][Verbose] Ending frame..
[HOTHAM_SIMULATOR] Done transitioning image 0x1f91b40000000011
[HOTHAM_SIMULATOR] done! Probably?
[00:36:02.795][Verbose] Polling actions..
[00:36:02.795][Verbose] Rendering frame..
[00:36:02.795][Verbose] Check session..
[00:36:02.795][Verbose] Rendering layer..
[00:36:02.796][Verbose] Done locating views 1
[00:36:02.796][Verbose] Checking if 1 == 1
[00:36:02.796][Verbose] 1 == 1
[HOTHAM_SIMULATOR] Acquire swapchain image called..
[HOTHAM_SIMULATOR] Done. Index is 1
[HOTHAM_SIMULATOR] Release image called
[HOTHAM_SIMULATOR] Transitioning image 0xfe25f60000000013
[00:36:02.797][Verbose] Ending frame..
[HOTHAM_SIMULATOR] Done transitioning image 0xfe25f60000000013
[HOTHAM_SIMULATOR] done! Probably?
[00:36:02.798][Verbose] Polling actions..
[00:36:02.798][Verbose] Rendering frame..
[00:36:02.798][Verbose] Check session..
[00:36:02.798][Verbose] Rendering layer..
[00:36:02.799][Verbose] Done locating views 1
[00:36:02.799][Verbose] Checking if 1 == 1
[00:36:02.799][Verbose] 1 == 1
[HOTHAM_SIMULATOR] Acquire swapchain image called..
[HOTHAM_SIMULATOR] Done. Index is 2
[HOTHAM_SIMULATOR] Release image called
[HOTHAM_SIMULATOR] Transitioning image 0x6269300000000015
[00:36:02.800][Verbose] Ending frame..
[HOTHAM_SIMULATOR] Done transitioning image 0x6269300000000015
[HOTHAM_SIMULATOR] done! Probably?
[00:36:02.801][Verbose] Polling actions..
[00:36:02.801][Verbose] Rendering frame..
[00:36:02.801][Verbose] Check session..
[00:36:02.801][Verbose] Rendering layer..
[00:36:02.801][Verbose] Done locating views 1
[00:36:02.801][Verbose] Checking if 1 == 1
[00:36:02.802][Verbose] 1 == 1
[HOTHAM_SIMULATOR] Acquire swapchain image called..
[HOTHAM_SIMULATOR] Done. Index is 0
[HOTHAM_SIMULATOR] Release image called
[HOTHAM_SIMULATOR] Transitioning image 0x1f91b40000000011
[00:36:02.803][Verbose] Ending frame..
[HOTHAM_SIMULATOR] Done transitioning image 0x1f91b40000000011
[HOTHAM_SIMULATOR] done! Probably?
[00:36:02.804][Verbose] Polling actions..
[00:36:02.804][Verbose] Rendering frame..
[00:36:02.804][Verbose] Check session..
[00:36:02.804][Verbose] Rendering layer..
[00:36:02.804][Verbose] Done locating views 1
[00:36:02.804][Verbose] Checking if 1 == 1
[00:36:02.804][Verbose] 1 == 1
[HOTHAM_SIMULATOR] Acquire swapchain image called..
[HOTHAM_SIMULATOR] Done. Index is 1
[HOTHAM_SIMULATOR] Release image called
[HOTHAM_SIMULATOR] Transitioning image 0xfe25f60000000013
[00:36:02.806][Verbose] Ending frame..
[HOTHAM_SIMULATOR] Done transitioning image 0xfe25f60000000013
[HOTHAM_SIMULATOR] done! Probably?
[00:36:02.807][Verbose] Polling actions..
[00:36:02.807][Verbose] Rendering frame..
[00:36:02.807][Verbose] Check session..
[00:36:02.807][Verbose] Rendering layer..
[00:36:02.807][Verbose] Done locating views 1
[00:36:02.807][Verbose] Checking if 1 == 1
[00:36:02.807][Verbose] 1 == 1
[HOTHAM_SIMULATOR] Acquire swapchain image called..
[HOTHAM_SIMULATOR] Done. Index is 2
[HOTHAM_SIMULATOR] Release image called
[HOTHAM_SIMULATOR] Transitioning image 0x6269300000000015
[00:36:02.808][Verbose] Ending frame..
[HOTHAM_SIMULATOR] Done transitioning image 0x6269300000000015
[HOTHAM_SIMULATOR] done! Probably?
[00:36:02.810][Verbose] Polling actions..
[00:36:02.810][Verbose] Rendering frame..
[00:36:02.810][Verbose] Check session..
[00:36:02.810][Verbose] Rendering layer..
[00:36:02.810][Verbose] Done locating views 1
[00:36:02.810][Verbose] Checking if 1 == 1
[00:36:02.810][Verbose] 1 == 1
[HOTHAM_SIMULATOR] Acquire swapchain image called..
[HOTHAM_SIMULATOR] Done. Index is 0
[HOTHAM_SIMULATOR] Release image called
[HOTHAM_SIMULATOR] Transitioning image 0x1f91b40000000011
[00:36:02.811][Verbose] Ending frame..
[HOTHAM_SIMULATOR] Done transitioning image 0x1f91b40000000011
[HOTHAM_SIMULATOR] done! Probably?
[00:36:02.813][Verbose] Polling actions..
[00:36:02.813][Verbose] Rendering frame..
[00:36:02.813][Verbose] Check session..
[00:36:02.813][Verbose] Rendering layer..
[00:36:02.813][Verbose] Done locating views 1
[00:36:02.813][Verbose] Checking if 1 == 1
[00:36:02.813][Verbose] 1 == 1
[HOTHAM_SIMULATOR] Acquire swapchain image called..
[HOTHAM_SIMULATOR] Done. Index is 1
[HOTHAM_SIMULATOR] Release image called
[HOTHAM_SIMULATOR] Transitioning image 0xfe25f60000000013
[00:36:02.814][Verbose] Ending frame..
[HOTHAM_SIMULATOR] Done transitioning image 0xfe25f60000000013
[HOTHAM_SIMULATOR] done! Probably?
[00:36:02.816][Verbose] Polling actions..
[00:36:02.816][Verbose] Rendering frame..
[00:36:02.816][Verbose] Check session..
[00:36:02.816][Verbose] Rendering layer..
[00:36:02.816][Verbose] Done locating views 1
[00:36:02.816][Verbose] Checking if 1 == 1
[00:36:02.816][Verbose] 1 == 1
[HOTHAM_SIMULATOR] Acquire swapchain image called..
[HOTHAM_SIMULATOR] Done. Index is 2
[HOTHAM_SIMULATOR] Release image called
[HOTHAM_SIMULATOR] Transitioning image 0x6269300000000015
[00:36:02.817][Verbose] Ending frame..
[HOTHAM_SIMULATOR] Done transitioning image 0x6269300000000015
[HOTHAM_SIMULATOR] done! Probably?
[00:36:02.819][Verbose] Polling actions..
[00:36:02.819][Verbose] Rendering frame..
[00:36:02.819][Verbose] Check session..
[00:36:02.819][Verbose] Rendering layer..
[00:36:02.819][Verbose] Done locating views 1
[00:36:02.819][Verbose] Checking if 1 == 1
[00:36:02.819][Verbose] 1 == 1
[HOTHAM_SIMULATOR] Acquire swapchain image called..
[HOTHAM_SIMULATOR] Done. Index is 0
[HOTHAM_SIMULATOR] Release image called
[HOTHAM_SIMULATOR] Transitioning image 0x1f91b40000000011
[00:36:02.820][Verbose] Ending frame..
[HOTHAM_SIMULATOR] Done transitioning image 0x1f91b40000000011
[HOTHAM_SIMULATOR] done! Probably?
[00:36:02.821][Verbose] Polling actions..
[00:36:02.822][Verbose] Rendering frame..
[00:36:02.822][Verbose] Check session..
[00:36:02.822][Verbose] Rendering layer..
[00:36:02.822][Verbose] Done locating views 1
[00:36:02.822][Verbose] Checking if 1 == 1
[00:36:02.822][Verbose] 1 == 1
[HOTHAM_SIMULATOR] Acquire swapchain image called..
[HOTHAM_SIMULATOR] Done. Index is 1
[HOTHAM_SIMULATOR] Release image called
[HOTHAM_SIMULATOR] Transitioning image 0xfe25f60000000013
[00:36:02.823][Verbose] Ending frame..
[HOTHAM_SIMULATOR] Done transitioning image 0xfe25f60000000013
[HOTHAM_SIMULATOR] done! Probably?
[00:36:02.824][Verbose] Polling actions..
[00:36:02.825][Verbose] Rendering frame..
[00:36:02.825][Verbose] Check session..
[00:36:02.825][Verbose] Rendering layer..
[00:36:02.825][Verbose] Done locating views 1
[00:36:02.825][Verbose] Checking if 1 == 1
[00:36:02.825][Verbose] 1 == 1
[HOTHAM_SIMULATOR] Acquire swapchain image called..
[HOTHAM_SIMULATOR] Done. Index is 2
[HOTHAM_SIMULATOR] Release image called
[HOTHAM_SIMULATOR] Transitioning image 0x6269300000000015
[00:36:02.826][Verbose] Ending frame..
[HOTHAM_SIMULATOR] Done transitioning image 0x6269300000000015
[HOTHAM_SIMULATOR] done! Probably?
[00:36:02.827][Verbose] Polling actions..
[00:36:02.827][Verbose] Rendering frame..
[00:36:02.827][Verbose] Check session..
[00:36:02.827][Verbose] Rendering layer..
[00:36:02.827][Verbose] Done locating views 1
[00:36:02.827][Verbose] Checking if 1 == 1
[00:36:02.827][Verbose] 1 == 1
[HOTHAM_SIMULATOR] Acquire swapchain image called..
[HOTHAM_SIMULATOR] Done. Index is 0
[HOTHAM_SIMULATOR] Release image called
[HOTHAM_SIMULATOR] Transitioning image 0x1f91b40000000011
[00:36:02.829][Verbose] Ending frame..
[HOTHAM_SIMULATOR] Done transitioning image 0x1f91b40000000011
[HOTHAM_SIMULATOR] done! Probably?
[00:36:02.830][Verbose] Polling actions..
[00:36:02.830][Verbose] Rendering frame..
[00:36:02.830][Verbose] Check session..
[00:36:02.830][Verbose] Rendering layer..
[00:36:02.831][Verbose] Done locating views 1
[00:36:02.831][Verbose] Checking if 1 == 1
[00:36:02.831][Verbose] 1 == 1
[HOTHAM_SIMULATOR] Acquire swapchain image called..
[HOTHAM_SIMULATOR] Done. Index is 1
[HOTHAM_SIMULATOR] Release image called
[HOTHAM_SIMULATOR] Transitioning image 0xfe25f60000000013
[00:36:02.832][Verbose] Ending frame..
[HOTHAM_SIMULATOR] Done transitioning image 0xfe25f60000000013
[HOTHAM_SIMULATOR] done! Probably?
[00:36:02.833][Verbose] Polling actions..
[00:36:02.833][Verbose] Rendering frame..
[00:36:02.833][Verbose] Check session..
[00:36:02.833][Verbose] Rendering layer..
[00:36:02.833][Verbose] Done locating views 1
[00:36:02.833][Verbose] Checking if 1 == 1
[00:36:02.833][Verbose] 1 == 1
[HOTHAM_SIMULATOR] Acquire swapchain image called..
[HOTHAM_SIMULATOR] Done. Index is 2
[HOTHAM_SIMULATOR] Release image called
[HOTHAM_SIMULATOR] Transitioning image 0x6269300000000015
[00:36:02.835][Verbose] Ending frame..
[HOTHAM_SIMULATOR] Done transitioning image 0x6269300000000015
[HOTHAM_SIMULATOR] done! Probably?
[00:36:02.836][Verbose] Polling actions..
[00:36:02.836][Verbose] Rendering frame..
[00:36:02.836][Verbose] Check session..
[00:36:02.836][Verbose] Rendering layer..
[00:36:02.836][Verbose] Done locating views 1
[00:36:02.836][Verbose] Checking if 1 == 1
[00:36:02.836][Verbose] 1 == 1
[HOTHAM_SIMULATOR] Acquire swapchain image called..
[HOTHAM_SIMULATOR] Done. Index is 0
[HOTHAM_SIMULATOR] Release image called
[HOTHAM_SIMULATOR] Transitioning image 0x1f91b40000000011
[00:36:02.837][Verbose] Ending frame..
[HOTHAM_SIMULATOR] Done transitioning image 0x1f91b40000000011
[HOTHAM_SIMULATOR] done! Probably?
[00:36:02.839][Verbose] Polling actions..
[00:36:02.839][Verbose] Rendering frame..
[00:36:02.839][Verbose] Check session..
[00:36:02.839][Verbose] Rendering layer..
[00:36:02.839][Verbose] Done locating views 1
[00:36:02.839][Verbose] Checking if 1 == 1
[00:36:02.839][Verbose] 1 == 1
[HOTHAM_SIMULATOR] Acquire swapchain image called..
[HOTHAM_SIMULATOR] Done. Index is 1
[HOTHAM_SIMULATOR] Release image called
[HOTHAM_SIMULATOR] Transitioning image 0xfe25f60000000013
[00:36:02.840][Verbose] Ending frame..
[HOTHAM_SIMULATOR] Done transitioning image 0xfe25f60000000013
[HOTHAM_SIMULATOR] done! Probably?
[00:36:02.841][Verbose] Polling actions..
[00:36:02.841][Verbose] Rendering frame..
[00:36:02.841][Verbose] Check session..
[00:36:02.841][Verbose] Rendering layer..
[00:36:02.841][Verbose] Done locating views 1
[00:36:02.841][Verbose] Checking if 1 == 1
[00:36:02.841][Verbose] 1 == 1
[HOTHAM_SIMULATOR] Acquire swapchain image called..
[HOTHAM_SIMULATOR] Done. Index is 2
[HOTHAM_SIMULATOR] Release image called
[HOTHAM_SIMULATOR] Transitioning image 0x6269300000000015
[00:36:02.843][Verbose] Ending frame..
[HOTHAM_SIMULATOR] Done transitioning image 0x6269300000000015
[HOTHAM_SIMULATOR] done! Probably?
[00:36:02.844][Verbose] Polling actions..
[00:36:02.844][Verbose] Rendering frame..
[00:36:02.844][Verbose] Check session..
[00:36:02.844][Verbose] Rendering layer..
[00:36:02.844][Verbose] Done locating views 1
[00:36:02.844][Verbose] Checking if 1 == 1
[00:36:02.844][Verbose] 1 == 1
[HOTHAM_SIMULATOR] Acquire swapchain image called..
[HOTHAM_SIMULATOR] Done. Index is 0
[HOTHAM_SIMULATOR] Release image called
[HOTHAM_SIMULATOR] Transitioning image 0x1f91b40000000011
[00:36:02.846][Verbose] Ending frame..
[HOTHAM_SIMULATOR] Done transitioning image 0x1f91b40000000011
[HOTHAM_SIMULATOR] done! Probably?
[00:36:02.847][Verbose] Polling actions..
[00:36:02.847][Verbose] Rendering frame..
[00:36:02.847][Verbose] Check session..
[00:36:02.847][Verbose] Rendering layer..
[00:36:02.847][Verbose] Done locating views 1
[00:36:02.847][Verbose] Checking if 1 == 1
[00:36:02.847][Verbose] 1 == 1
[HOTHAM_SIMULATOR] Acquire swapchain image called..
[HOTHAM_SIMULATOR] Done. Index is 1
[HOTHAM_SIMULATOR] Release image called
[HOTHAM_SIMULATOR] Transitioning image 0xfe25f60000000013
[00:36:02.848][Verbose] Ending frame..
[HOTHAM_SIMULATOR] Done transitioning image 0xfe25f60000000013
[HOTHAM_SIMULATOR] done! Probably?
[00:36:02.850][Verbose] Polling actions..
[00:36:02.850][Verbose] Rendering frame..
[00:36:02.850][Verbose] Check session..
[00:36:02.850][Verbose] Rendering layer..
[00:36:02.850][Verbose] Done locating views 1
[00:36:02.850][Verbose] Checking if 1 == 1
[00:36:02.850][Verbose] 1 == 1
[HOTHAM_SIMULATOR] Acquire swapchain image called..
[HOTHAM_SIMULATOR] Done. Index is 2
[HOTHAM_SIMULATOR] Release image called
[HOTHAM_SIMULATOR] Transitioning image 0x6269300000000015
[00:36:02.851][Verbose] Ending frame..
[HOTHAM_SIMULATOR] Done transitioning image 0x6269300000000015
[HOTHAM_SIMULATOR] done! Probably?
[00:36:02.852][Verbose] Polling actions..
[00:36:02.852][Verbose] Rendering frame..
[00:36:02.852][Verbose] Check session..
[00:36:02.852][Verbose] Rendering layer..
[00:36:02.853][Verbose] Done locating views 1
[00:36:02.853][Verbose] Checking if 1 == 1
[00:36:02.853][Verbose] 1 == 1
[HOTHAM_SIMULATOR] Acquire swapchain image called..
[HOTHAM_SIMULATOR] Done. Index is 0
[HOTHAM_SIMULATOR] Release image called
[HOTHAM_SIMULATOR] Transitioning image 0x1f91b40000000011
[00:36:02.854][Verbose] Ending frame..
[HOTHAM_SIMULATOR] Done transitioning image 0x1f91b40000000011
[HOTHAM_SIMULATOR] done! Probably?
[00:36:02.855][Verbose] Polling actions..
[00:36:02.855][Verbose] Rendering frame..
[00:36:02.855][Verbose] Check session..
[00:36:02.855][Verbose] Rendering layer..
[00:36:02.856][Verbose] Done locating views 1
[00:36:02.856][Verbose] Checking if 1 == 1
[00:36:02.856][Verbose] 1 == 1
[HOTHAM_SIMULATOR] Acquire swapchain image called..
[HOTHAM_SIMULATOR] Done. Index is 1
[HOTHAM_SIMULATOR] Release image called
[HOTHAM_SIMULATOR] Transitioning image 0xfe25f60000000013
[00:36:02.857][Verbose] Ending frame..
[HOTHAM_SIMULATOR] Done transitioning image 0xfe25f60000000013
[HOTHAM_SIMULATOR] done! Probably?
[00:36:02.858][Verbose] Polling actions..
[00:36:02.858][Verbose] Rendering frame..
[00:36:02.858][Verbose] Check session..
[00:36:02.858][Verbose] Rendering layer..
[00:36:02.858][Verbose] Done locating views 1
[00:36:02.858][Verbose] Checking if 1 == 1
[00:36:02.858][Verbose] 1 == 1
[HOTHAM_SIMULATOR] Acquire swapchain image called..
[HOTHAM_SIMULATOR] Done. Index is 2
[HOTHAM_SIMULATOR] Release image called
[HOTHAM_SIMULATOR] Transitioning image 0x6269300000000015
[00:36:02.860][Verbose] Ending frame..
[HOTHAM_SIMULATOR] Done transitioning image 0x6269300000000015
[HOTHAM_SIMULATOR] done! Probably?
[00:36:02.861][Verbose] Polling actions..
[00:36:02.861][Verbose] Rendering frame..
[00:36:02.861][Verbose] Check session..
[00:36:02.861][Verbose] Rendering layer..
[00:36:02.861][Verbose] Done locating views 1
[00:36:02.861][Verbose] Checking if 1 == 1
[00:36:02.861][Verbose] 1 == 1
[HOTHAM_SIMULATOR] Acquire swapchain image called..
[HOTHAM_SIMULATOR] Done. Index is 0
[HOTHAM_SIMULATOR] Release image called
[HOTHAM_SIMULATOR] Transitioning image 0x1f91b40000000011
[00:36:02.862][Verbose] Ending frame..
[HOTHAM_SIMULATOR] Done transitioning image 0x1f91b40000000011
[HOTHAM_SIMULATOR] done! Probably?
[00:36:02.864][Verbose] Polling actions..
[00:36:02.864][Verbose] Rendering frame..
[00:36:02.864][Verbose] Check session..
[00:36:02.864][Verbose] Rendering layer..
[00:36:02.864][Verbose] Done locating views 1
[00:36:02.864][Verbose] Checking if 1 == 1
[00:36:02.864][Verbose] 1 == 1
[HOTHAM_SIMULATOR] Acquire swapchain image called..
[HOTHAM_SIMULATOR] Done. Index is 1
[HOTHAM_SIMULATOR] Release image called
[HOTHAM_SIMULATOR] Transitioning image 0xfe25f60000000013
[00:36:02.865][Verbose] Ending frame..
[HOTHAM_SIMULATOR] Done transitioning image 0xfe25f60000000013
[HOTHAM_SIMULATOR] done! Probably?
[00:36:02.867][Verbose] Polling actions..
[00:36:02.867][Verbose] Rendering frame..
[00:36:02.867][Verbose] Check session..
[00:36:02.867][Verbose] Rendering layer..
[00:36:02.867][Verbose] Done locating views 1
[00:36:02.867][Verbose] Checking if 1 == 1
[00:36:02.867][Verbose] 1 == 1
[HOTHAM_SIMULATOR] Acquire swapchain image called..
[HOTHAM_SIMULATOR] Done. Index is 2
[HOTHAM_SIMULATOR] Release image called
[HOTHAM_SIMULATOR] Transitioning image 0x6269300000000015
[00:36:02.868][Verbose] Ending frame..
[HOTHAM_SIMULATOR] Done transitioning image 0x6269300000000015
[HOTHAM_SIMULATOR] done! Probably?
[00:36:02.869][Verbose] Polling actions..
[00:36:02.869][Verbose] Rendering frame..
[00:36:02.869][Verbose] Check session..
[00:36:02.869][Verbose] Rendering layer..
[00:36:02.870][Verbose] Done locating views 1
[00:36:02.870][Verbose] Checking if 1 == 1
[00:36:02.870][Verbose] 1 == 1
[HOTHAM_SIMULATOR] Acquire swapchain image called..
[HOTHAM_SIMULATOR] Done. Index is 0
[HOTHAM_SIMULATOR] Release image called
[HOTHAM_SIMULATOR] Transitioning image 0x1f91b40000000011
[00:36:02.871][Verbose] Ending frame..
[HOTHAM_SIMULATOR] Done transitioning image 0x1f91b40000000011
[HOTHAM_SIMULATOR] done! Probably?
[00:36:02.872][Verbose] Polling actions..
[00:36:02.872][Verbose] Rendering frame..
[00:36:02.872][Verbose] Check session..
[00:36:02.872][Verbose] Rendering layer..
[00:36:02.873][Verbose] Done locating views 1
[00:36:02.873][Verbose] Checking if 1 == 1
[00:36:02.873][Verbose] 1 == 1
[HOTHAM_SIMULATOR] Acquire swapchain image called..
[HOTHAM_SIMULATOR] Done. Index is 1
[HOTHAM_SIMULATOR] Release image called
[HOTHAM_SIMULATOR] Transitioning image 0xfe25f60000000013
[00:36:02.874][Verbose] Ending frame..
[HOTHAM_SIMULATOR] Done transitioning image 0xfe25f60000000013
[HOTHAM_SIMULATOR] done! Probably?
[00:36:02.875][Verbose] Polling actions..
[00:36:02.875][Verbose] Rendering frame..
[00:36:02.875][Verbose] Check session..
[00:36:02.875][Verbose] Rendering layer..
[00:36:02.875][Verbose] Done locating views 1
[00:36:02.875][Verbose] Checking if 1 == 1
[00:36:02.875][Verbose] 1 == 1
[HOTHAM_SIMULATOR] Acquire swapchain image called..
[HOTHAM_SIMULATOR] Done. Index is 2
[HOTHAM_SIMULATOR] Release image called
[HOTHAM_SIMULATOR] Transitioning image 0x6269300000000015
[00:36:02.877][Verbose] Ending frame..
[HOTHAM_SIMULATOR] Done transitioning image 0x6269300000000015
[HOTHAM_SIMULATOR] done! Probably?
[00:36:02.878][Verbose] Polling actions..
[00:36:02.878][Verbose] Rendering frame..
[00:36:02.878][Verbose] Check session..
[00:36:02.878][Verbose] Rendering layer..
[00:36:02.878][Verbose] Done locating views 1
[00:36:02.878][Verbose] Checking if 1 == 1
[00:36:02.878][Verbose] 1 == 1
[HOTHAM_SIMULATOR] Acquire swapchain image called..
[HOTHAM_SIMULATOR] Done. Index is 0
[HOTHAM_SIMULATOR] Release image called
[HOTHAM_SIMULATOR] Transitioning image 0x1f91b40000000011
[00:36:02.880][Verbose] Ending frame..
[HOTHAM_SIMULATOR] Done transitioning image 0x1f91b40000000011
[HOTHAM_SIMULATOR] done! Probably?
[00:36:02.881][Verbose] Polling actions..
[00:36:02.881][Verbose] Rendering frame..
[00:36:02.882][Verbose] Check session..
[00:36:02.882][Verbose] Rendering layer..
[00:36:02.882][Verbose] Done locating views 1
[00:36:02.882][Verbose] Checking if 1 == 1
[00:36:02.882][Verbose] 1 == 1
[HOTHAM_SIMULATOR] Acquire swapchain image called..
[HOTHAM_SIMULATOR] Done. Index is 1
[HOTHAM_SIMULATOR] Release image called
[HOTHAM_SIMULATOR] Transitioning image 0xfe25f60000000013
[00:36:02.883][Verbose] Ending frame..
[HOTHAM_SIMULATOR] Done transitioning image 0xfe25f60000000013
[HOTHAM_SIMULATOR] done! Probably?
[00:36:02.884][Verbose] Polling actions..
[00:36:02.884][Verbose] Rendering frame..
[00:36:02.884][Verbose] Check session..
[00:36:02.884][Verbose] Rendering layer..
[00:36:02.885][Verbose] Done locating views 1
[00:36:02.885][Verbose] Checking if 1 == 1
[00:36:02.885][Verbose] 1 == 1
[HOTHAM_SIMULATOR] Acquire swapchain image called..
[HOTHAM_SIMULATOR] Done. Index is 2
[HOTHAM_SIMULATOR] Release image called
[HOTHAM_SIMULATOR] Transitioning image 0x6269300000000015
[00:36:02.886][Verbose] Ending frame..
[HOTHAM_SIMULATOR] Done transitioning image 0x6269300000000015
[HOTHAM_SIMULATOR] done! Probably?
[00:36:02.887][Verbose] Polling actions..
[00:36:02.887][Verbose] Rendering frame..
[00:36:02.887][Verbose] Check session..
[00:36:02.887][Verbose] Rendering layer..
[00:36:02.887][Verbose] Done locating views 1
[00:36:02.888][Verbose] Checking if 1 == 1
[00:36:02.888][Verbose] 1 == 1
[HOTHAM_SIMULATOR] Acquire swapchain image called..
[HOTHAM_SIMULATOR] Done. Index is 0
[HOTHAM_SIMULATOR] Release image called
[HOTHAM_SIMULATOR] Transitioning image 0x1f91b40000000011
[00:36:02.889][Verbose] Ending frame..
[HOTHAM_SIMULATOR] Done transitioning image 0x1f91b40000000011
[HOTHAM_SIMULATOR] done! Probably?
[00:36:02.890][Verbose] Polling actions..
[00:36:02.890][Verbose] Rendering frame..
[00:36:02.890][Verbose] Check session..
[00:36:02.890][Verbose] Rendering layer..
[00:36:02.890][Verbose] Done locating views 1
[00:36:02.890][Verbose] Checking if 1 == 1
[00:36:02.890][Verbose] 1 == 1
[HOTHAM_SIMULATOR] Acquire swapchain image called..
[HOTHAM_SIMULATOR] Done. Index is 1
[HOTHAM_SIMULATOR] Release image called
[HOTHAM_SIMULATOR] Transitioning image 0xfe25f60000000013
[00:36:02.891][Verbose] Ending frame..
[HOTHAM_SIMULATOR] Done transitioning image 0xfe25f60000000013
[HOTHAM_SIMULATOR] done! Probably?
[00:36:02.893][Verbose] Polling actions..
[00:36:02.893][Verbose] Rendering frame..
[00:36:02.893][Verbose] Check session..
[00:36:02.893][Verbose] Rendering layer..
[00:36:02.893][Verbose] Done locating views 1
[00:36:02.893][Verbose] Checking if 1 == 1
[00:36:02.893][Verbose] 1 == 1
[HOTHAM_SIMULATOR] Acquire swapchain image called..
[HOTHAM_SIMULATOR] Done. Index is 2
[HOTHAM_SIMULATOR] Release image called
[HOTHAM_SIMULATOR] Transitioning image 0x6269300000000015
[00:36:02.895][Verbose] Ending frame..
[HOTHAM_SIMULATOR] Done transitioning image 0x6269300000000015
[HOTHAM_SIMULATOR] done! Probably?
[00:36:02.896][Verbose] Polling actions..
[00:36:02.896][Verbose] Rendering frame..
[00:36:02.896][Verbose] Check session..
[00:36:02.896][Verbose] Rendering layer..
[00:36:02.896][Verbose] Done locating views 1
[00:36:02.896][Verbose] Checking if 1 == 1
[00:36:02.896][Verbose] 1 == 1
[HOTHAM_SIMULATOR] Acquire swapchain image called..
[HOTHAM_SIMULATOR] Done. Index is 0
[HOTHAM_SIMULATOR] Release image called
[HOTHAM_SIMULATOR] Transitioning image 0x1f91b40000000011
[00:36:02.898][Verbose] Ending frame..
[HOTHAM_SIMULATOR] Done transitioning image 0x1f91b40000000011
[HOTHAM_SIMULATOR] done! Probably?
[00:36:02.899][Verbose] Polling actions..
[00:36:02.899][Verbose] Rendering frame..
[00:36:02.899][Verbose] Check session..
[00:36:02.899][Verbose] Rendering layer..
[00:36:02.899][Verbose] Done locating views 1
[00:36:02.899][Verbose] Checking if 1 == 1
[00:36:02.899][Verbose] 1 == 1
[HOTHAM_SIMULATOR] Acquire swapchain image called..
[HOTHAM_SIMULATOR] Done. Index is 1
[HOTHAM_SIMULATOR] Release image called
[HOTHAM_SIMULATOR] Transitioning image 0xfe25f60000000013
[00:36:02.900][Verbose] Ending frame..
[HOTHAM_SIMULATOR] Done transitioning image 0xfe25f60000000013
[HOTHAM_SIMULATOR] done! Probably?
[00:36:02.902][Verbose] Polling actions..
[00:36:02.902][Verbose] Rendering frame..
[00:36:02.902][Verbose] Check session..
[00:36:02.902][Verbose] Rendering layer..
[00:36:02.902][Verbose] Done locating views 1
[00:36:02.902][Verbose] Checking if 1 == 1
[00:36:02.902][Verbose] 1 == 1
[HOTHAM_SIMULATOR] Acquire swapchain image called..
[HOTHAM_SIMULATOR] Done. Index is 2
[HOTHAM_SIMULATOR] Release image called
[HOTHAM_SIMULATOR] Transitioning image 0x6269300000000015
[00:36:02.903][Verbose] Ending frame..
[HOTHAM_SIMULATOR] Done transitioning image 0x6269300000000015
[HOTHAM_SIMULATOR] done! Probably?
[00:36:02.905][Verbose] Polling actions..
[00:36:02.905][Verbose] Rendering frame..
[00:36:02.905][Verbose] Check session..
[00:36:02.905][Verbose] Rendering layer..
[00:36:02.905][Verbose] Done locating views 1
[00:36:02.905][Verbose] Checking if 1 == 1
[00:36:02.905][Verbose] 1 == 1
[HOTHAM_SIMULATOR] Acquire swapchain image called..
[HOTHAM_SIMULATOR] Done. Index is 0
[HOTHAM_SIMULATOR] Release image called
[HOTHAM_SIMULATOR] Transitioning image 0x1f91b40000000011
[00:36:02.906][Verbose] Ending frame..
[HOTHAM_SIMULATOR] Done transitioning image 0x1f91b40000000011
[HOTHAM_SIMULATOR] done! Probably?
[00:36:02.908][Verbose] Polling actions..
[00:36:02.908][Verbose] Rendering frame..
[00:36:02.908][Verbose] Check session..
[00:36:02.908][Verbose] Rendering layer..
[00:36:02.908][Verbose] Done locating views 1
[00:36:02.908][Verbose] Checking if 1 == 1
[00:36:02.908][Verbose] 1 == 1
[HOTHAM_SIMULATOR] Acquire swapchain image called..
[HOTHAM_SIMULATOR] Done. Index is 1
[HOTHAM_SIMULATOR] Release image called
[HOTHAM_SIMULATOR] Transitioning image 0xfe25f60000000013
[00:36:02.909][Verbose] Ending frame..
[HOTHAM_SIMULATOR] Done transitioning image 0xfe25f60000000013
[HOTHAM_SIMULATOR] done! Probably?
[00:36:02.910][Verbose] Polling actions..
[00:36:02.911][Verbose] Rendering frame..
[00:36:02.911][Verbose] Check session..
[00:36:02.911][Verbose] Rendering layer..
[00:36:02.911][Verbose] Done locating views 1
[00:36:02.911][Verbose] Checking if 1 == 1
[00:36:02.911][Verbose] 1 == 1
[HOTHAM_SIMULATOR] Acquire swapchain image called..
[HOTHAM_SIMULATOR] Done. Index is 2
[HOTHAM_SIMULATOR] Release image called
[HOTHAM_SIMULATOR] Transitioning image 0x6269300000000015
[00:36:02.912][Verbose] Ending frame..
[HOTHAM_SIMULATOR] Done transitioning image 0x6269300000000015
[HOTHAM_SIMULATOR] done! Probably?
[00:36:02.914][Verbose] Polling actions..
[00:36:02.914][Verbose] Rendering frame..
[00:36:02.914][Verbose] Check session..
[00:36:02.914][Verbose] Rendering layer..
[00:36:02.914][Verbose] Done locating views 1
[00:36:02.914][Verbose] Checking if 1 == 1
[00:36:02.914][Verbose] 1 == 1
[HOTHAM_SIMULATOR] Acquire swapchain image called..
[HOTHAM_SIMULATOR] Done. Index is 0
[HOTHAM_SIMULATOR] Release image called
[HOTHAM_SIMULATOR] Transitioning image 0x1f91b40000000011
[00:36:02.916][Verbose] Ending frame..
[HOTHAM_SIMULATOR] Done transitioning image 0x1f91b40000000011
[HOTHAM_SIMULATOR] done! Probably?
[00:36:02.917][Verbose] Polling actions..
[00:36:02.917][Verbose] Rendering frame..
[00:36:02.917][Verbose] Check session..
[00:36:02.917][Verbose] Rendering layer..
[00:36:02.917][Verbose] Done locating views 1
[00:36:02.917][Verbose] Checking if 1 == 1
[00:36:02.917][Verbose] 1 == 1
[HOTHAM_SIMULATOR] Acquire swapchain image called..
[HOTHAM_SIMULATOR] Done. Index is 1
[HOTHAM_SIMULATOR] Release image called
[HOTHAM_SIMULATOR] Transitioning image 0xfe25f60000000013
[00:36:02.919][Verbose] Ending frame..
[HOTHAM_SIMULATOR] Done transitioning image 0xfe25f60000000013
[HOTHAM_SIMULATOR] done! Probably?
[00:36:02.920][Verbose] Polling actions..
[00:36:02.920][Verbose] Rendering frame..
[00:36:02.920][Verbose] Check session..
[00:36:02.920][Verbose] Rendering layer..
[00:36:02.920][Verbose] Done locating views 1
[00:36:02.920][Verbose] Checking if 1 == 1
[00:36:02.920][Verbose] 1 == 1
[HOTHAM_SIMULATOR] Acquire swapchain image called..
[HOTHAM_SIMULATOR] Done. Index is 2
[HOTHAM_SIMULATOR] Release image called
[HOTHAM_SIMULATOR] Transitioning image 0x6269300000000015
[00:36:02.922][Verbose] Ending frame..
[HOTHAM_SIMULATOR] Done transitioning image 0x6269300000000015
[HOTHAM_SIMULATOR] done! Probably?
[00:36:02.923][Verbose] Polling actions..
[00:36:02.923][Verbose] Rendering frame..
[00:36:02.923][Verbose] Check session..
[00:36:02.923][Verbose] Rendering layer..
[00:36:02.923][Verbose] Done locating views 1
[00:36:02.924][Verbose] Checking if 1 == 1
[00:36:02.924][Verbose] 1 == 1
[HOTHAM_SIMULATOR] Acquire swapchain image called..
[HOTHAM_SIMULATOR] Done. Index is 0
[HOTHAM_SIMULATOR] Release image called
[HOTHAM_SIMULATOR] Transitioning image 0x1f91b40000000011
[00:36:02.925][Verbose] Ending frame..
[HOTHAM_SIMULATOR] Done transitioning image 0x1f91b40000000011
[HOTHAM_SIMULATOR] done! Probably?
[00:36:02.927][Verbose] Polling actions..
[00:36:02.927][Verbose] Rendering frame..
[00:36:02.927][Verbose] Check session..
[00:36:02.927][Verbose] Rendering layer..
[00:36:02.927][Verbose] Done locating views 1
[00:36:02.927][Verbose] Checking if 1 == 1
[00:36:02.927][Verbose] 1 == 1
[HOTHAM_SIMULATOR] Acquire swapchain image called..
[HOTHAM_SIMULATOR] Done. Index is 1
[HOTHAM_SIMULATOR] Release image called
[HOTHAM_SIMULATOR] Transitioning image 0xfe25f60000000013
[00:36:02.928][Verbose] Ending frame..
[HOTHAM_SIMULATOR] Done transitioning image 0xfe25f60000000013
[HOTHAM_SIMULATOR] done! Probably?
[00:36:02.930][Verbose] Polling actions..
[00:36:02.930][Verbose] Rendering frame..
[00:36:02.930][Verbose] Check session..
[00:36:02.930][Verbose] Rendering layer..
[00:36:02.930][Verbose] Done locating views 1
[00:36:02.930][Verbose] Checking if 1 == 1
[00:36:02.930][Verbose] 1 == 1
[HOTHAM_SIMULATOR] Acquire swapchain image called..
[HOTHAM_SIMULATOR] Done. Index is 2
[HOTHAM_SIMULATOR] Release image called
[HOTHAM_SIMULATOR] Transitioning image 0x6269300000000015
[00:36:02.931][Verbose] Ending frame..
[HOTHAM_SIMULATOR] Done transitioning image 0x6269300000000015
[HOTHAM_SIMULATOR] done! Probably?
[00:36:02.933][Verbose] Polling actions..
[00:36:02.933][Verbose] Rendering frame..
[00:36:02.933][Verbose] Check session..
[00:36:02.933][Verbose] Rendering layer..
[00:36:02.933][Verbose] Done locating views 1
[00:36:02.933][Verbose] Checking if 1 == 1
[00:36:02.933][Verbose] 1 == 1
[HOTHAM_SIMULATOR] Acquire swapchain image called..
[HOTHAM_SIMULATOR] Done. Index is 0
[HOTHAM_SIMULATOR] Release image called
[HOTHAM_SIMULATOR] Transitioning image 0x1f91b40000000011
[00:36:02.934][Verbose] Ending frame..
[HOTHAM_SIMULATOR] Done transitioning image 0x1f91b40000000011
[HOTHAM_SIMULATOR] done! Probably?
[00:36:02.936][Verbose] Polling actions..
[00:36:02.936][Verbose] Rendering frame..
[00:36:02.936][Verbose] Check session..
[00:36:02.936][Verbose] Rendering layer..
[00:36:02.936][Verbose] Done locating views 1
[00:36:02.936][Verbose] Checking if 1 == 1
[00:36:02.936][Verbose] 1 == 1
[HOTHAM_SIMULATOR] Acquire swapchain image called..
[HOTHAM_SIMULATOR] Done. Index is 1
[HOTHAM_SIMULATOR] Release image called
[HOTHAM_SIMULATOR] Transitioning image 0xfe25f60000000013
[00:36:02.937][Verbose] Ending frame..
[HOTHAM_SIMULATOR] Done transitioning image 0xfe25f60000000013
[HOTHAM_SIMULATOR] done! Probably?
[00:36:02.938][Verbose] Polling actions..
[00:36:02.938][Verbose] Rendering frame..
[00:36:02.938][Verbose] Check session..
[00:36:02.938][Verbose] Rendering layer..
[00:36:02.938][Verbose] Done locating views 1
[00:36:02.938][Verbose] Checking if 1 == 1
[00:36:02.938][Verbose] 1 == 1
[HOTHAM_SIMULATOR] Acquire swapchain image called..
[HOTHAM_SIMULATOR] Done. Index is 2
[HOTHAM_SIMULATOR] Release image called
[HOTHAM_SIMULATOR] Transitioning image 0x6269300000000015
[00:36:02.940][Verbose] Ending frame..
[HOTHAM_SIMULATOR] Done transitioning image 0x6269300000000015
[HOTHAM_SIMULATOR] done! Probably?
[00:36:02.941][Verbose] Polling actions..
[00:36:02.941][Verbose] Rendering frame..
[00:36:02.941][Verbose] Check session..
[00:36:02.941][Verbose] Rendering layer..
[00:36:02.942][Verbose] Done locating views 1
[00:36:02.942][Verbose] Checking if 1 == 1
[00:36:02.942][Verbose] 1 == 1
[HOTHAM_SIMULATOR] Acquire swapchain image called..
[HOTHAM_SIMULATOR] Done. Index is 0
[HOTHAM_SIMULATOR] Release image called
[HOTHAM_SIMULATOR] Transitioning image 0x1f91b40000000011
[00:36:02.943][Verbose] Ending frame..
[HOTHAM_SIMULATOR] Done transitioning image 0x1f91b40000000011
[HOTHAM_SIMULATOR] done! Probably?
[00:36:02.944][Verbose] Polling actions..
[00:36:02.944][Verbose] Rendering frame..
[00:36:02.944][Verbose] Check session..
[00:36:02.944][Verbose] Rendering layer..
[00:36:02.945][Verbose] Done locating views 1
[00:36:02.945][Verbose] Checking if 1 == 1
[00:36:02.945][Verbose] 1 == 1
[HOTHAM_SIMULATOR] Acquire swapchain image called..
[HOTHAM_SIMULATOR] Done. Index is 1
[HOTHAM_SIMULATOR] Release image called
[HOTHAM_SIMULATOR] Transitioning image 0xfe25f60000000013
[00:36:02.946][Verbose] Ending frame..
[HOTHAM_SIMULATOR] Done transitioning image 0xfe25f60000000013
[HOTHAM_SIMULATOR] done! Probably?
[00:36:02.948][Verbose] Polling actions..
[00:36:02.948][Verbose] Rendering frame..
[00:36:02.948][Verbose] Check session..
[00:36:02.948][Verbose] Rendering layer..
[00:36:02.948][Verbose] Done locating views 1
[00:36:02.948][Verbose] Checking if 1 == 1
[00:36:02.948][Verbose] 1 == 1
[HOTHAM_SIMULATOR] Acquire swapchain image called..
[HOTHAM_SIMULATOR] Done. Index is 2
[HOTHAM_SIMULATOR] Release image called
[HOTHAM_SIMULATOR] Transitioning image 0x6269300000000015
[00:36:02.949][Verbose] Ending frame..
[HOTHAM_SIMULATOR] Done transitioning image 0x6269300000000015
[HOTHAM_SIMULATOR] done! Probably?
[00:36:02.951][Verbose] Polling actions..
[00:36:02.951][Verbose] Rendering frame..
[00:36:02.951][Verbose] Check session..
[00:36:02.951][Verbose] Rendering layer..
[00:36:02.951][Verbose] Done locating views 1
[00:36:02.951][Verbose] Checking if 1 == 1
[00:36:02.951][Verbose] 1 == 1
[HOTHAM_SIMULATOR] Acquire swapchain image called..
[HOTHAM_SIMULATOR] Done. Index is 0
[HOTHAM_SIMULATOR] Release image called
[HOTHAM_SIMULATOR] Transitioning image 0x1f91b40000000011
[00:36:02.953][Verbose] Ending frame..
[HOTHAM_SIMULATOR] Done transitioning image 0x1f91b40000000011
[HOTHAM_SIMULATOR] done! Probably?
[00:36:02.955][Verbose] Polling actions..
[00:36:02.955][Verbose] Rendering frame..
[00:36:02.955][Verbose] Check session..
[00:36:02.955][Verbose] Rendering layer..
[00:36:02.955][Verbose] Done locating views 1
[00:36:02.955][Verbose] Checking if 1 == 1
[00:36:02.955][Verbose] 1 == 1
[HOTHAM_SIMULATOR] Acquire swapchain image called..
[HOTHAM_SIMULATOR] Done. Index is 1
[HOTHAM_SIMULATOR] Release image called
[HOTHAM_SIMULATOR] Transitioning image 0xfe25f60000000013
[00:36:02.956][Verbose] Ending frame..
[HOTHAM_SIMULATOR] Done transitioning image 0xfe25f60000000013
[HOTHAM_SIMULATOR] done! Probably?
[00:36:02.958][Verbose] Polling actions..
[00:36:02.958][Verbose] Rendering frame..
[00:36:02.958][Verbose] Check session..
[00:36:02.958][Verbose] Rendering layer..
[00:36:02.958][Verbose] Done locating views 1
[00:36:02.958][Verbose] Checking if 1 == 1
[00:36:02.958][Verbose] 1 == 1
[HOTHAM_SIMULATOR] Acquire swapchain image called..
[HOTHAM_SIMULATOR] Done. Index is 2
[HOTHAM_SIMULATOR] Release image called
[HOTHAM_SIMULATOR] Transitioning image 0x6269300000000015
[00:36:02.960][Verbose] Ending frame..
[HOTHAM_SIMULATOR] Done transitioning image 0x6269300000000015
[HOTHAM_SIMULATOR] done! Probably?
[00:36:02.961][Verbose] Polling actions..
[00:36:02.961][Verbose] Rendering frame..
[00:36:02.962][Verbose] Check session..
[00:36:02.962][Verbose] Rendering layer..
[00:36:02.962][Verbose] Done locating views 1
[00:36:02.962][Verbose] Checking if 1 == 1
[00:36:02.962][Verbose] 1 == 1
[HOTHAM_SIMULATOR] Acquire swapchain image called..
[HOTHAM_SIMULATOR] Done. Index is 0
[HOTHAM_SIMULATOR] Release image called
[HOTHAM_SIMULATOR] Transitioning image 0x1f91b40000000011
[00:36:02.963][Verbose] Ending frame..
[HOTHAM_SIMULATOR] Done transitioning image 0x1f91b40000000011
[HOTHAM_SIMULATOR] done! Probably?
[00:36:02.965][Verbose] Polling actions..
[00:36:02.965][Verbose] Rendering frame..
[00:36:02.965][Verbose] Check session..
[00:36:02.965][Verbose] Rendering layer..
[00:36:02.965][Verbose] Done locating views 1
[00:36:02.965][Verbose] Checking if 1 == 1
[00:36:02.965][Verbose] 1 == 1
[HOTHAM_SIMULATOR] Acquire swapchain image called..
[HOTHAM_SIMULATOR] Done. Index is 1
[HOTHAM_SIMULATOR] Release image called
[HOTHAM_SIMULATOR] Transitioning image 0xfe25f60000000013
[00:36:02.966][Verbose] Ending frame..
[HOTHAM_SIMULATOR] Done transitioning image 0xfe25f60000000013
[HOTHAM_SIMULATOR] done! Probably?
[00:36:02.968][Verbose] Polling actions..
[00:36:02.968][Verbose] Rendering frame..
[00:36:02.968][Verbose] Check session..
[00:36:02.968][Verbose] Rendering layer..
[00:36:02.968][Verbose] Done locating views 1
[00:36:02.968][Verbose] Checking if 1 == 1
[00:36:02.968][Verbose] 1 == 1
[HOTHAM_SIMULATOR] Acquire swapchain image called..
[HOTHAM_SIMULATOR] Done. Index is 2
[HOTHAM_SIMULATOR] Release image called
[HOTHAM_SIMULATOR] Transitioning image 0x6269300000000015
[00:36:02.970][Verbose] Ending frame..
[HOTHAM_SIMULATOR] Done transitioning image 0x6269300000000015
[HOTHAM_SIMULATOR] done! Probably?
[00:36:02.971][Verbose] Polling actions..
[00:36:02.971][Verbose] Rendering frame..
[00:36:02.971][Verbose] Check session..
[00:36:02.972][Verbose] Rendering layer..
[00:36:02.972][Verbose] Done locating views 1
[00:36:02.972][Verbose] Checking if 1 == 1
[00:36:02.972][Verbose] 1 == 1
[HOTHAM_SIMULATOR] Acquire swapchain image called..
[HOTHAM_SIMULATOR] Done. Index is 0
[HOTHAM_SIMULATOR] Release image called
[HOTHAM_SIMULATOR] Transitioning image 0x1f91b40000000011
[00:36:02.973][Verbose] Ending frame..
[HOTHAM_SIMULATOR] Done transitioning image 0x1f91b40000000011
[HOTHAM_SIMULATOR] done! Probably?
[00:36:02.975][Verbose] Polling actions..
[00:36:02.975][Verbose] Rendering frame..
[00:36:02.975][Verbose] Check session..
[00:36:02.975][Verbose] Rendering layer..
[00:36:02.976][Verbose] Done locating views 1
[00:36:02.976][Verbose] Checking if 1 == 1
[00:36:02.976][Verbose] 1 == 1
[HOTHAM_SIMULATOR] Acquire swapchain image called..
[HOTHAM_SIMULATOR] Done. Index is 1
[HOTHAM_SIMULATOR] Release image called
[HOTHAM_SIMULATOR] Transitioning image 0xfe25f60000000013
[00:36:02.977][Verbose] Ending frame..
[HOTHAM_SIMULATOR] Done transitioning image 0xfe25f60000000013
[HOTHAM_SIMULATOR] done! Probably?
[00:36:02.979][Verbose] Polling actions..
[00:36:02.979][Verbose] Rendering frame..
[00:36:02.979][Verbose] Check session..
[00:36:02.979][Verbose] Rendering layer..
[00:36:02.979][Verbose] Done locating views 1
[00:36:02.979][Verbose] Checking if 1 == 1
[00:36:02.979][Verbose] 1 == 1
[HOTHAM_SIMULATOR] Acquire swapchain image called..
[HOTHAM_SIMULATOR] Done. Index is 2
[HOTHAM_SIMULATOR] Release image called
[HOTHAM_SIMULATOR] Transitioning image 0x6269300000000015
[00:36:02.980][Verbose] Ending frame..
[HOTHAM_SIMULATOR] Done transitioning image 0x6269300000000015
[HOTHAM_SIMULATOR] done! Probably?
[00:36:02.981][Verbose] Polling actions..
[00:36:02.981][Verbose] Rendering frame..
[00:36:02.981][Verbose] Check session..
[00:36:02.981][Verbose] Rendering layer..
[00:36:02.982][Verbose] Done locating views 1
[00:36:02.982][Verbose] Checking if 1 == 1
[00:36:02.982][Verbose] 1 == 1
[HOTHAM_SIMULATOR] Acquire swapchain image called..
[HOTHAM_SIMULATOR] Done. Index is 0
[HOTHAM_SIMULATOR] Release image called
[HOTHAM_SIMULATOR] Transitioning image 0x1f91b40000000011
[00:36:02.983][Verbose] Ending frame..
[HOTHAM_SIMULATOR] Done transitioning image 0x1f91b40000000011
[HOTHAM_SIMULATOR] done! Probably?
[00:36:02.985][Verbose] Polling actions..
[00:36:02.985][Verbose] Rendering frame..
[00:36:02.985][Verbose] Check session..
[00:36:02.985][Verbose] Rendering layer..
[00:36:02.985][Verbose] Done locating views 1
[00:36:02.985][Verbose] Checking if 1 == 1
[00:36:02.985][Verbose] 1 == 1
[HOTHAM_SIMULATOR] Acquire swapchain image called..
[HOTHAM_SIMULATOR] Done. Index is 1
[HOTHAM_SIMULATOR] Release image called
[HOTHAM_SIMULATOR] Transitioning image 0xfe25f60000000013
[00:36:02.987][Verbose] Ending frame..
[HOTHAM_SIMULATOR] Done transitioning image 0xfe25f60000000013
[HOTHAM_SIMULATOR] done! Probably?
[00:36:02.989][Verbose] Polling actions..
[00:36:02.989][Verbose] Rendering frame..
[00:36:02.989][Verbose] Check session..
[00:36:02.989][Verbose] Rendering layer..
[00:36:02.989][Verbose] Done locating views 1
[00:36:02.989][Verbose] Checking if 1 == 1
[00:36:02.989][Verbose] 1 == 1
[HOTHAM_SIMULATOR] Acquire swapchain image called..
[HOTHAM_SIMULATOR] Done. Index is 2
[HOTHAM_SIMULATOR] Release image called
[HOTHAM_SIMULATOR] Transitioning image 0x6269300000000015
[00:36:02.991][Verbose] Ending frame..
[HOTHAM_SIMULATOR] Done transitioning image 0x6269300000000015
[HOTHAM_SIMULATOR] done! Probably?
[00:36:02.992][Verbose] Polling actions..
[00:36:02.992][Verbose] Rendering frame..
[00:36:02.992][Verbose] Check session..
[00:36:02.992][Verbose] Rendering layer..
[00:36:02.993][Verbose] Done locating views 1
[00:36:02.993][Verbose] Checking if 1 == 1
[00:36:02.993][Verbose] 1 == 1
[HOTHAM_SIMULATOR] Acquire swapchain image called..
[HOTHAM_SIMULATOR] Done. Index is 0
[HOTHAM_SIMULATOR] Release image called
[HOTHAM_SIMULATOR] Transitioning image 0x1f91b40000000011
[00:36:02.994][Verbose] Ending frame..
[HOTHAM_SIMULATOR] Done transitioning image 0x1f91b40000000011
[HOTHAM_SIMULATOR] done! Probably?
[00:36:02.995][Verbose] Polling actions..
[00:36:02.995][Verbose] Rendering frame..
[00:36:02.995][Verbose] Check session..
[00:36:02.995][Verbose] Rendering layer..
[00:36:02.996][Verbose] Done locating views 1
[00:36:02.996][Verbose] Checking if 1 == 1
[00:36:02.996][Verbose] 1 == 1
[HOTHAM_SIMULATOR] Acquire swapchain image called..
[HOTHAM_SIMULATOR] Done. Index is 1
[HOTHAM_SIMULATOR] Release image called
[HOTHAM_SIMULATOR] Transitioning image 0xfe25f60000000013
[00:36:02.997][Verbose] Ending frame..
[HOTHAM_SIMULATOR] Done transitioning image 0xfe25f60000000013
[HOTHAM_SIMULATOR] done! Probably?
[00:36:02.998][Verbose] Polling actions..
[00:36:02.998][Verbose] Rendering frame..
[00:36:02.999][Verbose] Check session..
[00:36:02.999][Verbose] Rendering layer..
[00:36:02.999][Verbose] Done locating views 1
[00:36:02.999][Verbose] Checking if 1 == 1
[00:36:02.999][Verbose] 1 == 1
[HOTHAM_SIMULATOR] Acquire swapchain image called..
[HOTHAM_SIMULATOR] Done. Index is 2
[HOTHAM_SIMULATOR] Release image called
[HOTHAM_SIMULATOR] Transitioning image 0x6269300000000015
[00:36:03.000][Verbose] Ending frame..
[HOTHAM_SIMULATOR] Done transitioning image 0x6269300000000015
[HOTHAM_SIMULATOR] done! Probably?
[00:36:03.002][Verbose] Polling actions..
[00:36:03.002][Verbose] Rendering frame..
[00:36:03.002][Verbose] Check session..
[00:36:03.002][Verbose] Rendering layer..
[00:36:03.002][Verbose] Done locating views 1
[00:36:03.002][Verbose] Checking if 1 == 1
[00:36:03.002][Verbose] 1 == 1
[HOTHAM_SIMULATOR] Acquire swapchain image called..
[HOTHAM_SIMULATOR] Done. Index is 0
[HOTHAM_SIMULATOR] Release image called
[HOTHAM_SIMULATOR] Transitioning image 0x1f91b40000000011
[00:36:03.003][Verbose] Ending frame..
[HOTHAM_SIMULATOR] Done transitioning image 0x1f91b40000000011
[HOTHAM_SIMULATOR] done! Probably?
[00:36:03.005][Verbose] Polling actions..
[00:36:03.005][Verbose] Rendering frame..
[00:36:03.005][Verbose] Check session..
[00:36:03.005][Verbose] Rendering layer..
[00:36:03.005][Verbose] Done locating views 1
[00:36:03.005][Verbose] Checking if 1 == 1
[00:36:03.005][Verbose] 1 == 1
[HOTHAM_SIMULATOR] Acquire swapchain image called..
[HOTHAM_SIMULATOR] Done. Index is 1
[HOTHAM_SIMULATOR] Release image called
[HOTHAM_SIMULATOR] Transitioning image 0xfe25f60000000013
[00:36:03.007][Verbose] Ending frame..
[HOTHAM_SIMULATOR] Done transitioning image 0xfe25f60000000013
[HOTHAM_SIMULATOR] done! Probably?
[00:36:03.008][Verbose] Polling actions..
[00:36:03.008][Verbose] Rendering frame..
[00:36:03.008][Verbose] Check session..
[00:36:03.008][Verbose] Rendering layer..
[00:36:03.008][Verbose] Done locating views 1
[00:36:03.008][Verbose] Checking if 1 == 1
[00:36:03.008][Verbose] 1 == 1
[HOTHAM_SIMULATOR] Acquire swapchain image called..
[HOTHAM_SIMULATOR] Done. Index is 2
[HOTHAM_SIMULATOR] Release image called
[HOTHAM_SIMULATOR] Transitioning image 0x6269300000000015
[00:36:03.010][Verbose] Ending frame..
[HOTHAM_SIMULATOR] Done transitioning image 0x6269300000000015
[HOTHAM_SIMULATOR] done! Probably?
[00:36:03.011][Verbose] Polling actions..
[00:36:03.011][Verbose] Rendering frame..
[00:36:03.011][Verbose] Check session..
[00:36:03.011][Verbose] Rendering layer..
[00:36:03.011][Verbose] Done locating views 1
[00:36:03.011][Verbose] Checking if 1 == 1
[00:36:03.011][Verbose] 1 == 1
[HOTHAM_SIMULATOR] Acquire swapchain image called..
[HOTHAM_SIMULATOR] Done. Index is 0
[HOTHAM_SIMULATOR] Release image called
[HOTHAM_SIMULATOR] Transitioning image 0x1f91b40000000011
[00:36:03.013][Verbose] Ending frame..
[HOTHAM_SIMULATOR] Done transitioning image 0x1f91b40000000011
[HOTHAM_SIMULATOR] done! Probably?
[00:36:03.014][Verbose] Polling actions..
[00:36:03.014][Verbose] Rendering frame..
[00:36:03.014][Verbose] Check session..
[00:36:03.014][Verbose] Rendering layer..
[00:36:03.014][Verbose] Done locating views 1
[00:36:03.014][Verbose] Checking if 1 == 1
[00:36:03.014][Verbose] 1 == 1
[HOTHAM_SIMULATOR] Acquire swapchain image called..
[HOTHAM_SIMULATOR] Done. Index is 1
[HOTHAM_SIMULATOR] Release image called
[HOTHAM_SIMULATOR] Transitioning image 0xfe25f60000000013
[00:36:03.016][Verbose] Ending frame..
[HOTHAM_SIMULATOR] Done transitioning image 0xfe25f60000000013
[HOTHAM_SIMULATOR] done! Probably?
[00:36:03.017][Verbose] Polling actions..
[00:36:03.017][Verbose] Rendering frame..
[00:36:03.017][Verbose] Check session..
[00:36:03.017][Verbose] Rendering layer..
[00:36:03.017][Verbose] Done locating views 1
[00:36:03.017][Verbose] Checking if 1 == 1
[00:36:03.017][Verbose] 1 == 1
[HOTHAM_SIMULATOR] Acquire swapchain image called..
[HOTHAM_SIMULATOR] Done. Index is 2
[HOTHAM_SIMULATOR] Release image called
[HOTHAM_SIMULATOR] Transitioning image 0x6269300000000015
[00:36:03.018][Verbose] Ending frame..
[HOTHAM_SIMULATOR] Done transitioning image 0x6269300000000015
[HOTHAM_SIMULATOR] done! Probably?
[00:36:03.020][Verbose] Polling actions..
[00:36:03.020][Verbose] Rendering frame..
[00:36:03.020][Verbose] Check session..
[00:36:03.020][Verbose] Rendering layer..
[00:36:03.020][Verbose] Done locating views 1
[00:36:03.020][Verbose] Checking if 1 == 1
[00:36:03.020][Verbose] 1 == 1
[HOTHAM_SIMULATOR] Acquire swapchain image called..
[HOTHAM_SIMULATOR] Done. Index is 0
[HOTHAM_SIMULATOR] Release image called
[HOTHAM_SIMULATOR] Transitioning image 0x1f91b40000000011
[00:36:03.022][Verbose] Ending frame..
[HOTHAM_SIMULATOR] Done transitioning image 0x1f91b40000000011
[HOTHAM_SIMULATOR] done! Probably?
[00:36:03.023][Verbose] Polling actions..
[00:36:03.023][Verbose] Rendering frame..
[00:36:03.023][Verbose] Check session..
[00:36:03.023][Verbose] Rendering layer..
[00:36:03.023][Verbose] Done locating views 1
[00:36:03.023][Verbose] Checking if 1 == 1
[00:36:03.023][Verbose] 1 == 1
[HOTHAM_SIMULATOR] Acquire swapchain image called..
[HOTHAM_SIMULATOR] Done. Index is 1
[HOTHAM_SIMULATOR] Release image called
[HOTHAM_SIMULATOR] Transitioning image 0xfe25f60000000013
[00:36:03.025][Verbose] Ending frame..
[HOTHAM_SIMULATOR] Done transitioning image 0xfe25f60000000013
[HOTHAM_SIMULATOR] done! Probably?
[00:36:03.026][Verbose] Polling actions..
[00:36:03.027][Verbose] Rendering frame..
[00:36:03.027][Verbose] Check session..
[00:36:03.027][Verbose] Rendering layer..
[00:36:03.027][Verbose] Done locating views 1
[00:36:03.027][Verbose] Checking if 1 == 1
[00:36:03.027][Verbose] 1 == 1
[HOTHAM_SIMULATOR] Acquire swapchain image called..
[HOTHAM_SIMULATOR] Done. Index is 2
[HOTHAM_SIMULATOR] Release image called
[HOTHAM_SIMULATOR] Transitioning image 0x6269300000000015
[00:36:03.028][Verbose] Ending frame..
[HOTHAM_SIMULATOR] Done transitioning image 0x6269300000000015
[HOTHAM_SIMULATOR] done! Probably?
[00:36:03.030][Verbose] Polling actions..
[00:36:03.030][Verbose] Rendering frame..
[00:36:03.030][Verbose] Check session..
[00:36:03.030][Verbose] Rendering layer..
[00:36:03.030][Verbose] Done locating views 1
[00:36:03.030][Verbose] Checking if 1 == 1
[00:36:03.030][Verbose] 1 == 1
[HOTHAM_SIMULATOR] Acquire swapchain image called..
[HOTHAM_SIMULATOR] Done. Index is 0
[HOTHAM_SIMULATOR] Release image called
[HOTHAM_SIMULATOR] Transitioning image 0x1f91b40000000011
[00:36:03.031][Verbose] Ending frame..
[HOTHAM_SIMULATOR] Done transitioning image 0x1f91b40000000011
[HOTHAM_SIMULATOR] done! Probably?
[00:36:03.032][Verbose] Polling actions..
[00:36:03.032][Verbose] Rendering frame..
[00:36:03.032][Verbose] Check session..
[00:36:03.032][Verbose] Rendering layer..
[00:36:03.032][Verbose] Done locating views 1
[00:36:03.032][Verbose] Checking if 1 == 1
[00:36:03.032][Verbose] 1 == 1
[HOTHAM_SIMULATOR] Acquire swapchain image called..
[HOTHAM_SIMULATOR] Done. Index is 1
[HOTHAM_SIMULATOR] Release image called
[HOTHAM_SIMULATOR] Transitioning image 0xfe25f60000000013
[00:36:03.034][Verbose] Ending frame..
[HOTHAM_SIMULATOR] Done transitioning image 0xfe25f60000000013
[HOTHAM_SIMULATOR] done! Probably?
[00:36:03.035][Verbose] Polling actions..
[00:36:03.035][Verbose] Rendering frame..
[00:36:03.035][Verbose] Check session..
[00:36:03.035][Verbose] Rendering layer..
[00:36:03.035][Verbose] Done locating views 1
[00:36:03.035][Verbose] Checking if 1 == 1
[00:36:03.035][Verbose] 1 == 1
[HOTHAM_SIMULATOR] Acquire swapchain image called..
[HOTHAM_SIMULATOR] Done. Index is 2
[HOTHAM_SIMULATOR] Release image called
[HOTHAM_SIMULATOR] Transitioning image 0x6269300000000015
[00:36:03.036][Verbose] Ending frame..
[HOTHAM_SIMULATOR] Done transitioning image 0x6269300000000015
[HOTHAM_SIMULATOR] done! Probably?
[00:36:03.037][Verbose] Polling actions..
[00:36:03.037][Verbose] Rendering frame..
[00:36:03.037][Verbose] Check session..
[00:36:03.037][Verbose] Rendering layer..
[00:36:03.038][Verbose] Done locating views 1
[00:36:03.038][Verbose] Checking if 1 == 1
[00:36:03.038][Verbose] 1 == 1
[HOTHAM_SIMULATOR] Acquire swapchain image called..
[HOTHAM_SIMULATOR] Done. Index is 0
[HOTHAM_SIMULATOR] Release image called
[HOTHAM_SIMULATOR] Transitioning image 0x1f91b40000000011
[00:36:03.039][Verbose] Ending frame..
[HOTHAM_SIMULATOR] Done transitioning image 0x1f91b40000000011
[HOTHAM_SIMULATOR] done! Probably?
[00:36:03.040][Verbose] Polling actions..
[00:36:03.040][Verbose] Rendering frame..
[00:36:03.040][Verbose] Check session..
[00:36:03.040][Verbose] Rendering layer..
[00:36:03.040][Verbose] Done locating views 1
[00:36:03.041][Verbose] Checking if 1 == 1
[00:36:03.041][Verbose] 1 == 1
[HOTHAM_SIMULATOR] Acquire swapchain image called..
[HOTHAM_SIMULATOR] Done. Index is 1
[HOTHAM_SIMULATOR] Release image called
[HOTHAM_SIMULATOR] Transitioning image 0xfe25f60000000013
[00:36:03.042][Verbose] Ending frame..
[HOTHAM_SIMULATOR] Done transitioning image 0xfe25f60000000013
[HOTHAM_SIMULATOR] done! Probably?
[00:36:03.044][Verbose] Polling actions..
[00:36:03.044][Verbose] Rendering frame..
[00:36:03.044][Verbose] Check session..
[00:36:03.044][Verbose] Rendering layer..
[00:36:03.044][Verbose] Done locating views 1
[00:36:03.044][Verbose] Checking if 1 == 1
[00:36:03.044][Verbose] 1 == 1
[HOTHAM_SIMULATOR] Acquire swapchain image called..
[HOTHAM_SIMULATOR] Done. Index is 2
[HOTHAM_SIMULATOR] Release image called
[HOTHAM_SIMULATOR] Transitioning image 0x6269300000000015
[00:36:03.045][Verbose] Ending frame..
[HOTHAM_SIMULATOR] Done transitioning image 0x6269300000000015
[HOTHAM_SIMULATOR] done! Probably?
[00:36:03.046][Verbose] Polling actions..
[00:36:03.046][Verbose] Rendering frame..
[00:36:03.046][Verbose] Check session..
[00:36:03.046][Verbose] Rendering layer..
[00:36:03.046][Verbose] Done locating views 1
[00:36:03.046][Verbose] Checking if 1 == 1
[00:36:03.046][Verbose] 1 == 1
[HOTHAM_SIMULATOR] Acquire swapchain image called..
[HOTHAM_SIMULATOR] Done. Index is 0
[HOTHAM_SIMULATOR] Release image called
[HOTHAM_SIMULATOR] Transitioning image 0x1f91b40000000011
[00:36:03.048][Verbose] Ending frame..
[HOTHAM_SIMULATOR] Done transitioning image 0x1f91b40000000011
[HOTHAM_SIMULATOR] done! Probably?
[00:36:03.049][Verbose] Polling actions..
[00:36:03.049][Verbose] Rendering frame..
[00:36:03.049][Verbose] Check session..
[00:36:03.049][Verbose] Rendering layer..
[00:36:03.049][Verbose] Done locating views 1
[00:36:03.049][Verbose] Checking if 1 == 1
[00:36:03.049][Verbose] 1 == 1
[HOTHAM_SIMULATOR] Acquire swapchain image called..
[HOTHAM_SIMULATOR] Done. Index is 1
[HOTHAM_SIMULATOR] Release image called
[HOTHAM_SIMULATOR] Transitioning image 0xfe25f60000000013
[00:36:03.050][Verbose] Ending frame..
[HOTHAM_SIMULATOR] Done transitioning image 0xfe25f60000000013
[HOTHAM_SIMULATOR] done! Probably?
[00:36:03.051][Verbose] Polling actions..
[00:36:03.051][Verbose] Rendering frame..
[00:36:03.051][Verbose] Check session..
[00:36:03.051][Verbose] Rendering layer..
[00:36:03.052][Verbose] Done locating views 1
[00:36:03.052][Verbose] Checking if 1 == 1
[00:36:03.052][Verbose] 1 == 1
[HOTHAM_SIMULATOR] Acquire swapchain image called..
[HOTHAM_SIMULATOR] Done. Index is 2
[HOTHAM_SIMULATOR] Release image called
[HOTHAM_SIMULATOR] Transitioning image 0x6269300000000015
[00:36:03.053][Verbose] Ending frame..
[HOTHAM_SIMULATOR] Done transitioning image 0x6269300000000015
[HOTHAM_SIMULATOR] done! Probably?
[00:36:03.054][Verbose] Polling actions..
[00:36:03.054][Verbose] Rendering frame..
[00:36:03.054][Verbose] Check session..
[00:36:03.054][Verbose] Rendering layer..
[00:36:03.054][Verbose] Done locating views 1
[00:36:03.055][Verbose] Checking if 1 == 1
[00:36:03.055][Verbose] 1 == 1
[HOTHAM_SIMULATOR] Acquire swapchain image called..
[HOTHAM_SIMULATOR] Done. Index is 0
[HOTHAM_SIMULATOR] Release image called
[HOTHAM_SIMULATOR] Transitioning image 0x1f91b40000000011
[00:36:03.055][Verbose] Ending frame..
[HOTHAM_SIMULATOR] Done transitioning image 0x1f91b40000000011
[HOTHAM_SIMULATOR] done! Probably?
[00:36:03.057][Verbose] Polling actions..
[00:36:03.057][Verbose] Rendering frame..
[00:36:03.057][Verbose] Check session..
[00:36:03.057][Verbose] Rendering layer..
[00:36:03.057][Verbose] Done locating views 1
[00:36:03.057][Verbose] Checking if 1 == 1
[00:36:03.057][Verbose] 1 == 1
[HOTHAM_SIMULATOR] Acquire swapchain image called..
[HOTHAM_SIMULATOR] Done. Index is 1
[HOTHAM_SIMULATOR] Release image called
[HOTHAM_SIMULATOR] Transitioning image 0xfe25f60000000013
[00:36:03.058][Verbose] Ending frame..
[HOTHAM_SIMULATOR] Done transitioning image 0xfe25f60000000013
[HOTHAM_SIMULATOR] done! Probably?
[00:36:03.060][Verbose] Polling actions..
[00:36:03.060][Verbose] Rendering frame..
[00:36:03.060][Verbose] Check session..
[00:36:03.060][Verbose] Rendering layer..
[00:36:03.060][Verbose] Done locating views 1
[00:36:03.060][Verbose] Checking if 1 == 1
[00:36:03.060][Verbose] 1 == 1
[HOTHAM_SIMULATOR] Acquire swapchain image called..
[HOTHAM_SIMULATOR] Done. Index is 2
[HOTHAM_SIMULATOR] Release image called
[HOTHAM_SIMULATOR] Transitioning image 0x6269300000000015
[00:36:03.061][Verbose] Ending frame..
[HOTHAM_SIMULATOR] Done transitioning image 0x6269300000000015
[HOTHAM_SIMULATOR] done! Probably?
[00:36:03.062][Verbose] Polling actions..
[00:36:03.062][Verbose] Rendering frame..
[00:36:03.062][Verbose] Check session..
[00:36:03.062][Verbose] Rendering layer..
[00:36:03.062][Verbose] Done locating views 1
[00:36:03.062][Verbose] Checking if 1 == 1
[00:36:03.062][Verbose] 1 == 1
[HOTHAM_SIMULATOR] Acquire swapchain image called..
[HOTHAM_SIMULATOR] Done. Index is 0
[HOTHAM_SIMULATOR] Release image called
[HOTHAM_SIMULATOR] Transitioning image 0x1f91b40000000011
[00:36:03.064][Verbose] Ending frame..
[HOTHAM_SIMULATOR] Done transitioning image 0x1f91b40000000011
[HOTHAM_SIMULATOR] done! Probably?
[00:36:03.065][Verbose] Polling actions..
[00:36:03.066][Verbose] Rendering frame..
[00:36:03.066][Verbose] Check session..
[00:36:03.066][Verbose] Rendering layer..
[00:36:03.066][Verbose] Done locating views 1
[00:36:03.066][Verbose] Checking if 1 == 1
[00:36:03.066][Verbose] 1 == 1
[HOTHAM_SIMULATOR] Acquire swapchain image called..
[HOTHAM_SIMULATOR] Done. Index is 1
[HOTHAM_SIMULATOR] Release image called
[HOTHAM_SIMULATOR] Transitioning image 0xfe25f60000000013
[00:36:03.067][Verbose] Ending frame..
[HOTHAM_SIMULATOR] Done transitioning image 0xfe25f60000000013
[HOTHAM_SIMULATOR] done! Probably?
[00:36:03.068][Verbose] Polling actions..
[00:36:03.068][Verbose] Rendering frame..
[00:36:03.068][Verbose] Check session..
[00:36:03.068][Verbose] Rendering layer..
[00:36:03.069][Verbose] Done locating views 1
[00:36:03.069][Verbose] Checking if 1 == 1
[00:36:03.069][Verbose] 1 == 1
[HOTHAM_SIMULATOR] Acquire swapchain image called..
[HOTHAM_SIMULATOR] Done. Index is 2
[HOTHAM_SIMULATOR] Release image called
[HOTHAM_SIMULATOR] Transitioning image 0x6269300000000015
[00:36:03.070][Verbose] Ending frame..
[HOTHAM_SIMULATOR] Done transitioning image 0x6269300000000015
[HOTHAM_SIMULATOR] done! Probably?
[00:36:03.071][Verbose] Polling actions..
[00:36:03.071][Verbose] Rendering frame..
[00:36:03.071][Verbose] Check session..
[00:36:03.071][Verbose] Rendering layer..
[00:36:03.071][Verbose] Done locating views 1
[00:36:03.072][Verbose] Checking if 1 == 1
[00:36:03.072][Verbose] 1 == 1
[HOTHAM_SIMULATOR] Acquire swapchain image called..
[HOTHAM_SIMULATOR] Done. Index is 0
[HOTHAM_SIMULATOR] Release image called
[HOTHAM_SIMULATOR] Transitioning image 0x1f91b40000000011
[00:36:03.073][Verbose] Ending frame..
[HOTHAM_SIMULATOR] Done transitioning image 0x1f91b40000000011
[HOTHAM_SIMULATOR] done! Probably?
[00:36:03.074][Verbose] Polling actions..
[00:36:03.074][Verbose] Rendering frame..
[00:36:03.074][Verbose] Check session..
[00:36:03.074][Verbose] Rendering layer..
[00:36:03.074][Verbose] Done locating views 1
[00:36:03.074][Verbose] Checking if 1 == 1
[00:36:03.075][Verbose] 1 == 1
[HOTHAM_SIMULATOR] Acquire swapchain image called..
[HOTHAM_SIMULATOR] Done. Index is 1
[HOTHAM_SIMULATOR] Release image called
[HOTHAM_SIMULATOR] Transitioning image 0xfe25f60000000013
[00:36:03.076][Verbose] Ending frame..
[HOTHAM_SIMULATOR] Done transitioning image 0xfe25f60000000013
[HOTHAM_SIMULATOR] done! Probably?
[00:36:03.077][Verbose] Polling actions..
[00:36:03.077][Verbose] Rendering frame..
[00:36:03.077][Verbose] Check session..
[00:36:03.077][Verbose] Rendering layer..
[00:36:03.077][Verbose] Done locating views 1
[00:36:03.077][Verbose] Checking if 1 == 1
[00:36:03.077][Verbose] 1 == 1
[HOTHAM_SIMULATOR] Acquire swapchain image called..
[HOTHAM_SIMULATOR] Done. Index is 2
[HOTHAM_SIMULATOR] Release image called
[HOTHAM_SIMULATOR] Transitioning image 0x6269300000000015
[00:36:03.079][Verbose] Ending frame..
[HOTHAM_SIMULATOR] Done transitioning image 0x6269300000000015
[HOTHAM_SIMULATOR] done! Probably?
[00:36:03.080][Verbose] Polling actions..
[00:36:03.080][Verbose] Rendering frame..
[00:36:03.080][Verbose] Check session..
[00:36:03.080][Verbose] Rendering layer..
[00:36:03.080][Verbose] Done locating views 1
[00:36:03.080][Verbose] Checking if 1 == 1
[00:36:03.080][Verbose] 1 == 1
[HOTHAM_SIMULATOR] Acquire swapchain image called..
[HOTHAM_SIMULATOR] Done. Index is 0
[HOTHAM_SIMULATOR] Release image called
[HOTHAM_SIMULATOR] Transitioning image 0x1f91b40000000011
[00:36:03.082][Verbose] Ending frame..
[HOTHAM_SIMULATOR] Done transitioning image 0x1f91b40000000011
[HOTHAM_SIMULATOR] done! Probably?
[00:36:03.083][Verbose] Polling actions..
[00:36:03.083][Verbose] Rendering frame..
[00:36:03.083][Verbose] Check session..
[00:36:03.083][Verbose] Rendering layer..
[00:36:03.083][Verbose] Done locating views 1
[00:36:03.083][Verbose] Checking if 1 == 1
[00:36:03.083][Verbose] 1 == 1
[HOTHAM_SIMULATOR] Acquire swapchain image called..
[HOTHAM_SIMULATOR] Done. Index is 1
[HOTHAM_SIMULATOR] Release image called
[HOTHAM_SIMULATOR] Transitioning image 0xfe25f60000000013
[00:36:03.084][Verbose] Ending frame..
[HOTHAM_SIMULATOR] Done transitioning image 0xfe25f60000000013
[HOTHAM_SIMULATOR] done! Probably?
[00:36:03.085][Verbose] Polling actions..
[00:36:03.085][Verbose] Rendering frame..
[00:36:03.085][Verbose] Check session..
[00:36:03.085][Verbose] Rendering layer..
[00:36:03.085][Verbose] Done locating views 1
[00:36:03.085][Verbose] Checking if 1 == 1
[00:36:03.085][Verbose] 1 == 1
[HOTHAM_SIMULATOR] Acquire swapchain image called..
[HOTHAM_SIMULATOR] Done. Index is 2
[HOTHAM_SIMULATOR] Release image called
[HOTHAM_SIMULATOR] Transitioning image 0x6269300000000015
[00:36:03.087][Verbose] Ending frame..
[HOTHAM_SIMULATOR] Done transitioning image 0x6269300000000015
[HOTHAM_SIMULATOR] done! Probably?
[00:36:03.088][Verbose] Polling actions..
[00:36:03.088][Verbose] Rendering frame..
[00:36:03.088][Verbose] Check session..
[00:36:03.088][Verbose] Rendering layer..
[00:36:03.088][Verbose] Done locating views 1
[00:36:03.088][Verbose] Checking if 1 == 1
[00:36:03.088][Verbose] 1 == 1
[HOTHAM_SIMULATOR] Acquire swapchain image called..
[HOTHAM_SIMULATOR] Done. Index is 0
[HOTHAM_SIMULATOR] Release image called
[HOTHAM_SIMULATOR] Transitioning image 0x1f91b40000000011
[00:36:03.089][Verbose] Ending frame..
[HOTHAM_SIMULATOR] Done transitioning image 0x1f91b40000000011
[HOTHAM_SIMULATOR] done! Probably?
[00:36:03.090][Verbose] Polling actions..
[00:36:03.090][Verbose] Rendering frame..
[00:36:03.090][Verbose] Check session..
[00:36:03.090][Verbose] Rendering layer..
[00:36:03.091][Verbose] Done locating views 1
[00:36:03.091][Verbose] Checking if 1 == 1
[00:36:03.091][Verbose] 1 == 1
[HOTHAM_SIMULATOR] Acquire swapchain image called..
[HOTHAM_SIMULATOR] Done. Index is 1
[HOTHAM_SIMULATOR] Release image called
[HOTHAM_SIMULATOR] Transitioning image 0xfe25f60000000013
[00:36:03.092][Verbose] Ending frame..
[HOTHAM_SIMULATOR] Done transitioning image 0xfe25f60000000013
[HOTHAM_SIMULATOR] done! Probably?
[00:36:03.094][Verbose] Polling actions..
[00:36:03.094][Verbose] Rendering frame..
[00:36:03.094][Verbose] Check session..
[00:36:03.094][Verbose] Rendering layer..
[00:36:03.094][Verbose] Done locating views 1
[00:36:03.094][Verbose] Checking if 1 == 1
[00:36:03.094][Verbose] 1 == 1
[HOTHAM_SIMULATOR] Acquire swapchain image called..
[HOTHAM_SIMULATOR] Done. Index is 2
[HOTHAM_SIMULATOR] Release image called
[HOTHAM_SIMULATOR] Transitioning image 0x6269300000000015
[00:36:03.095][Verbose] Ending frame..
[HOTHAM_SIMULATOR] Done transitioning image 0x6269300000000015
[HOTHAM_SIMULATOR] done! Probably?
[00:36:03.097][Verbose] Polling actions..
[00:36:03.097][Verbose] Rendering frame..
[00:36:03.097][Verbose] Check session..
[00:36:03.097][Verbose] Rendering layer..
[00:36:03.097][Verbose] Done locating views 1
[00:36:03.097][Verbose] Checking if 1 == 1
[00:36:03.097][Verbose] 1 == 1
[HOTHAM_SIMULATOR] Acquire swapchain image called..
[HOTHAM_SIMULATOR] Done. Index is 0
[HOTHAM_SIMULATOR] Release image called
[HOTHAM_SIMULATOR] Transitioning image 0x1f91b40000000011
[00:36:03.098][Verbose] Ending frame..
[HOTHAM_SIMULATOR] Done transitioning image 0x1f91b40000000011
[HOTHAM_SIMULATOR] done! Probably?
[00:36:03.100][Verbose] Polling actions..
[00:36:03.100][Verbose] Rendering frame..
[00:36:03.100][Verbose] Check session..
[00:36:03.100][Verbose] Rendering layer..
[00:36:03.100][Verbose] Done locating views 1
[00:36:03.100][Verbose] Checking if 1 == 1
[00:36:03.100][Verbose] 1 == 1
[HOTHAM_SIMULATOR] Acquire swapchain image called..
[HOTHAM_SIMULATOR] Done. Index is 1
[HOTHAM_SIMULATOR] Release image called
[HOTHAM_SIMULATOR] Transitioning image 0xfe25f60000000013
[00:36:03.101][Verbose] Ending frame..
[HOTHAM_SIMULATOR] Done transitioning image 0xfe25f60000000013
[HOTHAM_SIMULATOR] done! Probably?
[00:36:03.103][Verbose] Polling actions..
[00:36:03.103][Verbose] Rendering frame..
[00:36:03.103][Verbose] Check session..
[00:36:03.103][Verbose] Rendering layer..
[00:36:03.103][Verbose] Done locating views 1
[00:36:03.103][Verbose] Checking if 1 == 1
[00:36:03.103][Verbose] 1 == 1
[HOTHAM_SIMULATOR] Acquire swapchain image called..
[HOTHAM_SIMULATOR] Done. Index is 2
[HOTHAM_SIMULATOR] Release image called
[HOTHAM_SIMULATOR] Transitioning image 0x6269300000000015
[00:36:03.104][Verbose] Ending frame..
[HOTHAM_SIMULATOR] Done transitioning image 0x6269300000000015
[HOTHAM_SIMULATOR] done! Probably?
[00:36:03.106][Verbose] Polling actions..
[00:36:03.106][Verbose] Rendering frame..
[00:36:03.106][Verbose] Check session..
[00:36:03.106][Verbose] Rendering layer..
[00:36:03.106][Verbose] Done locating views 1
[00:36:03.106][Verbose] Checking if 1 == 1
[00:36:03.106][Verbose] 1 == 1
[HOTHAM_SIMULATOR] Acquire swapchain image called..
[HOTHAM_SIMULATOR] Done. Index is 0
[HOTHAM_SIMULATOR] Release image called
[HOTHAM_SIMULATOR] Transitioning image 0x1f91b40000000011
[00:36:03.107][Verbose] Ending frame..
[HOTHAM_SIMULATOR] Done transitioning image 0x1f91b40000000011
[HOTHAM_SIMULATOR] done! Probably?
[00:36:03.109][Verbose] Polling actions..
[00:36:03.109][Verbose] Rendering frame..
[00:36:03.109][Verbose] Check session..
[00:36:03.109][Verbose] Rendering layer..
[00:36:03.109][Verbose] Done locating views 1
[00:36:03.109][Verbose] Checking if 1 == 1
[00:36:03.109][Verbose] 1 == 1
[HOTHAM_SIMULATOR] Acquire swapchain image called..
[HOTHAM_SIMULATOR] Done. Index is 1
[HOTHAM_SIMULATOR] Release image called
[HOTHAM_SIMULATOR] Transitioning image 0xfe25f60000000013
[00:36:03.110][Verbose] Ending frame..
[HOTHAM_SIMULATOR] Done transitioning image 0xfe25f60000000013
[HOTHAM_SIMULATOR] done! Probably?
[00:36:03.112][Verbose] Polling actions..
[00:36:03.112][Verbose] Rendering frame..
[00:36:03.112][Verbose] Check session..
[00:36:03.112][Verbose] Rendering layer..
[00:36:03.112][Verbose] Done locating views 1
[00:36:03.112][Verbose] Checking if 1 == 1
[00:36:03.112][Verbose] 1 == 1
[HOTHAM_SIMULATOR] Acquire swapchain image called..
[HOTHAM_SIMULATOR] Done. Index is 2
[HOTHAM_SIMULATOR] Release image called
[HOTHAM_SIMULATOR] Transitioning image 0x6269300000000015
[00:36:03.113][Verbose] Ending frame..
[HOTHAM_SIMULATOR] Done transitioning image 0x6269300000000015
[HOTHAM_SIMULATOR] done! Probably?
[00:36:03.115][Verbose] Polling actions..
[00:36:03.115][Verbose] Rendering frame..
[00:36:03.115][Verbose] Check session..
[00:36:03.115][Verbose] Rendering layer..
[00:36:03.115][Verbose] Done locating views 1
[00:36:03.115][Verbose] Checking if 1 == 1
[00:36:03.115][Verbose] 1 == 1
[HOTHAM_SIMULATOR] Acquire swapchain image called..
[HOTHAM_SIMULATOR] Done. Index is 0
[HOTHAM_SIMULATOR] Release image called
[HOTHAM_SIMULATOR] Transitioning image 0x1f91b40000000011
[00:36:03.116][Verbose] Ending frame..
[HOTHAM_SIMULATOR] Done transitioning image 0x1f91b40000000011
[HOTHAM_SIMULATOR] done! Probably?
[00:36:03.118][Verbose] Polling actions..
[00:36:03.118][Verbose] Rendering frame..
[00:36:03.118][Verbose] Check session..
[00:36:03.118][Verbose] Rendering layer..
[00:36:03.118][Verbose] Done locating views 1
[00:36:03.118][Verbose] Checking if 1 == 1
[00:36:03.118][Verbose] 1 == 1
[HOTHAM_SIMULATOR] Acquire swapchain image called..
[HOTHAM_SIMULATOR] Done. Index is 1
[HOTHAM_SIMULATOR] Release image called
[HOTHAM_SIMULATOR] Transitioning image 0xfe25f60000000013
[00:36:03.119][Verbose] Ending frame..
[HOTHAM_SIMULATOR] Done transitioning image 0xfe25f60000000013
[HOTHAM_SIMULATOR] done! Probably?
[00:36:03.120][Verbose] Polling actions..
[00:36:03.121][Verbose] Rendering frame..
[00:36:03.121][Verbose] Check session..
[00:36:03.121][Verbose] Rendering layer..
[00:36:03.121][Verbose] Done locating views 1
[00:36:03.121][Verbose] Checking if 1 == 1
[00:36:03.121][Verbose] 1 == 1
[HOTHAM_SIMULATOR] Acquire swapchain image called..
[HOTHAM_SIMULATOR] Done. Index is 2
[HOTHAM_SIMULATOR] Release image called
[HOTHAM_SIMULATOR] Transitioning image 0x6269300000000015
[00:36:03.122][Verbose] Ending frame..
[HOTHAM_SIMULATOR] Done transitioning image 0x6269300000000015
[HOTHAM_SIMULATOR] done! Probably?
[00:36:03.123][Verbose] Polling actions..
[00:36:03.124][Verbose] Rendering frame..
[00:36:03.124][Verbose] Check session..
[00:36:03.124][Verbose] Rendering layer..
[00:36:03.124][Verbose] Done locating views 1
[00:36:03.124][Verbose] Checking if 1 == 1
[00:36:03.124][Verbose] 1 == 1
[HOTHAM_SIMULATOR] Acquire swapchain image called..
[HOTHAM_SIMULATOR] Done. Index is 0
[HOTHAM_SIMULATOR] Release image called
[HOTHAM_SIMULATOR] Transitioning image 0x1f91b40000000011
[00:36:03.125][Verbose] Ending frame..
[HOTHAM_SIMULATOR] Done transitioning image 0x1f91b40000000011
[HOTHAM_SIMULATOR] done! Probably?
[00:36:03.127][Verbose] Polling actions..
[00:36:03.127][Verbose] Rendering frame..
[00:36:03.127][Verbose] Check session..
[00:36:03.127][Verbose] Rendering layer..
[00:36:03.128][Verbose] Done locating views 1
[00:36:03.128][Verbose] Checking if 1 == 1
[00:36:03.128][Verbose] 1 == 1
[HOTHAM_SIMULATOR] Acquire swapchain image called..
[HOTHAM_SIMULATOR] Done. Index is 1
[HOTHAM_SIMULATOR] Release image called
[HOTHAM_SIMULATOR] Transitioning image 0xfe25f60000000013
[00:36:03.129][Verbose] Ending frame..
[HOTHAM_SIMULATOR] Done transitioning image 0xfe25f60000000013
[HOTHAM_SIMULATOR] done! Probably?
[00:36:03.131][Verbose] Polling actions..
[00:36:03.131][Verbose] Rendering frame..
[00:36:03.131][Verbose] Check session..
[00:36:03.131][Verbose] Rendering layer..
[00:36:03.131][Verbose] Done locating views 1
[00:36:03.131][Verbose] Checking if 1 == 1
[00:36:03.131][Verbose] 1 == 1
[HOTHAM_SIMULATOR] Acquire swapchain image called..
[HOTHAM_SIMULATOR] Done. Index is 2
[HOTHAM_SIMULATOR] Release image called
[HOTHAM_SIMULATOR] Transitioning image 0x6269300000000015
[00:36:03.132][Verbose] Ending frame..
[HOTHAM_SIMULATOR] Done transitioning image 0x6269300000000015
[HOTHAM_SIMULATOR] done! Probably?
[00:36:03.134][Verbose] Polling actions..
[00:36:03.134][Verbose] Rendering frame..
[00:36:03.134][Verbose] Check session..
[00:36:03.134][Verbose] Rendering layer..
[00:36:03.134][Verbose] Done locating views 1
[00:36:03.134][Verbose] Checking if 1 == 1
[00:36:03.134][Verbose] 1 == 1
[HOTHAM_SIMULATOR] Acquire swapchain image called..
[HOTHAM_SIMULATOR] Done. Index is 0
[HOTHAM_SIMULATOR] Release image called
[HOTHAM_SIMULATOR] Transitioning image 0x1f91b40000000011
[00:36:03.135][Verbose] Ending frame..
[HOTHAM_SIMULATOR] Done transitioning image 0x1f91b40000000011
[HOTHAM_SIMULATOR] done! Probably?
[00:36:03.137][Verbose] Polling actions..
[00:36:03.137][Verbose] Rendering frame..
[00:36:03.137][Verbose] Check session..
[00:36:03.137][Verbose] Rendering layer..
[00:36:03.137][Verbose] Done locating views 1
[00:36:03.137][Verbose] Checking if 1 == 1
[00:36:03.137][Verbose] 1 == 1
[HOTHAM_SIMULATOR] Acquire swapchain image called..
[HOTHAM_SIMULATOR] Done. Index is 1
[HOTHAM_SIMULATOR] Release image called
[HOTHAM_SIMULATOR] Transitioning image 0xfe25f60000000013
[00:36:03.138][Verbose] Ending frame..
[HOTHAM_SIMULATOR] Done transitioning image 0xfe25f60000000013
[HOTHAM_SIMULATOR] done! Probably?
[00:36:03.140][Verbose] Polling actions..
[00:36:03.140][Verbose] Rendering frame..
[00:36:03.140][Verbose] Check session..
[00:36:03.140][Verbose] Rendering layer..
[00:36:03.140][Verbose] Done locating views 1
[00:36:03.140][Verbose] Checking if 1 == 1
[00:36:03.140][Verbose] 1 == 1
[HOTHAM_SIMULATOR] Acquire swapchain image called..
[HOTHAM_SIMULATOR] Done. Index is 2
[HOTHAM_SIMULATOR] Release image called
[HOTHAM_SIMULATOR] Transitioning image 0x6269300000000015
[00:36:03.141][Verbose] Ending frame..
[HOTHAM_SIMULATOR] Done transitioning image 0x6269300000000015
[HOTHAM_SIMULATOR] done! Probably?
[00:36:03.143][Verbose] Polling actions..
[00:36:03.143][Verbose] Rendering frame..
[00:36:03.143][Verbose] Check session..
[00:36:03.143][Verbose] Rendering layer..
[00:36:03.143][Verbose] Done locating views 1
[00:36:03.143][Verbose] Checking if 1 == 1
[00:36:03.143][Verbose] 1 == 1
[HOTHAM_SIMULATOR] Acquire swapchain image called..
[HOTHAM_SIMULATOR] Done. Index is 0
[HOTHAM_SIMULATOR] Release image called
[HOTHAM_SIMULATOR] Transitioning image 0x1f91b40000000011
[00:36:03.144][Verbose] Ending frame..
[HOTHAM_SIMULATOR] Done transitioning image 0x1f91b40000000011
[HOTHAM_SIMULATOR] done! Probably?
[00:36:03.146][Verbose] Polling actions..
[00:36:03.146][Verbose] Rendering frame..
[00:36:03.146][Verbose] Check session..
[00:36:03.146][Verbose] Rendering layer..
[00:36:03.146][Verbose] Done locating views 1
[00:36:03.146][Verbose] Checking if 1 == 1
[00:36:03.146][Verbose] 1 == 1
[HOTHAM_SIMULATOR] Acquire swapchain image called..
[HOTHAM_SIMULATOR] Done. Index is 1
[HOTHAM_SIMULATOR] Release image called
[HOTHAM_SIMULATOR] Transitioning image 0xfe25f60000000013
[00:36:03.147][Verbose] Ending frame..
[HOTHAM_SIMULATOR] Done transitioning image 0xfe25f60000000013
[HOTHAM_SIMULATOR] done! Probably?
[00:36:03.149][Verbose] Polling actions..
[00:36:03.149][Verbose] Rendering frame..
[00:36:03.149][Verbose] Check session..
[00:36:03.149][Verbose] Rendering layer..
[00:36:03.149][Verbose] Done locating views 1
[00:36:03.149][Verbose] Checking if 1 == 1
[00:36:03.149][Verbose] 1 == 1
[HOTHAM_SIMULATOR] Acquire swapchain image called..
[HOTHAM_SIMULATOR] Done. Index is 2
[HOTHAM_SIMULATOR] Release image called
[HOTHAM_SIMULATOR] Transitioning image 0x6269300000000015
[00:36:03.150][Verbose] Ending frame..
[HOTHAM_SIMULATOR] Done transitioning image 0x6269300000000015
[HOTHAM_SIMULATOR] done! Probably?
[00:36:03.151][Verbose] Polling actions..
[00:36:03.151][Verbose] Rendering frame..
[00:36:03.151][Verbose] Check session..
[00:36:03.151][Verbose] Rendering layer..
[00:36:03.151][Verbose] Done locating views 1
[00:36:03.151][Verbose] Checking if 1 == 1
[00:36:03.151][Verbose] 1 == 1
[HOTHAM_SIMULATOR] Acquire swapchain image called..
[HOTHAM_SIMULATOR] Done. Index is 0
[HOTHAM_SIMULATOR] Release image called
[HOTHAM_SIMULATOR] Transitioning image 0x1f91b40000000011
[00:36:03.153][Verbose] Ending frame..
[HOTHAM_SIMULATOR] Done transitioning image 0x1f91b40000000011
[HOTHAM_SIMULATOR] done! Probably?
[00:36:03.154][Verbose] Polling actions..
[00:36:03.154][Verbose] Rendering frame..
[00:36:03.154][Verbose] Check session..
[00:36:03.154][Verbose] Rendering layer..
[00:36:03.154][Verbose] Done locating views 1
[00:36:03.154][Verbose] Checking if 1 == 1
[00:36:03.154][Verbose] 1 == 1
[HOTHAM_SIMULATOR] Acquire swapchain image called..
[HOTHAM_SIMULATOR] Done. Index is 1
[HOTHAM_SIMULATOR] Release image called
[HOTHAM_SIMULATOR] Transitioning image 0xfe25f60000000013
[00:36:03.155][Verbose] Ending frame..
[HOTHAM_SIMULATOR] Done transitioning image 0xfe25f60000000013
[HOTHAM_SIMULATOR] done! Probably?
[00:36:03.157][Verbose] Polling actions..
[00:36:03.157][Verbose] Rendering frame..
[00:36:03.157][Verbose] Check session..
[00:36:03.157][Verbose] Rendering layer..
[00:36:03.157][Verbose] Done locating views 1
[00:36:03.157][Verbose] Checking if 1 == 1
[00:36:03.157][Verbose] 1 == 1
[HOTHAM_SIMULATOR] Acquire swapchain image called..
[HOTHAM_SIMULATOR] Done. Index is 2
[HOTHAM_SIMULATOR] Release image called
[HOTHAM_SIMULATOR] Transitioning image 0x6269300000000015
[00:36:03.158][Verbose] Ending frame..
[HOTHAM_SIMULATOR] Done transitioning image 0x6269300000000015
[HOTHAM_SIMULATOR] done! Probably?
[00:36:03.160][Verbose] Polling actions..
[00:36:03.160][Verbose] Rendering frame..
[00:36:03.160][Verbose] Check session..
[00:36:03.160][Verbose] Rendering layer..
[00:36:03.160][Verbose] Done locating views 1
[00:36:03.160][Verbose] Checking if 1 == 1
[00:36:03.160][Verbose] 1 == 1
[HOTHAM_SIMULATOR] Acquire swapchain image called..
[HOTHAM_SIMULATOR] Done. Index is 0
[HOTHAM_SIMULATOR] Release image called
[HOTHAM_SIMULATOR] Transitioning image 0x1f91b40000000011
[00:36:03.161][Verbose] Ending frame..
[HOTHAM_SIMULATOR] Done transitioning image 0x1f91b40000000011
[HOTHAM_SIMULATOR] done! Probably?
[00:36:03.163][Verbose] Polling actions..
[00:36:03.163][Verbose] Rendering frame..
[00:36:03.163][Verbose] Check session..
[00:36:03.163][Verbose] Rendering layer..
[00:36:03.163][Verbose] Done locating views 1
[00:36:03.163][Verbose] Checking if 1 == 1
[00:36:03.163][Verbose] 1 == 1
[HOTHAM_SIMULATOR] Acquire swapchain image called..
[HOTHAM_SIMULATOR] Done. Index is 1
[HOTHAM_SIMULATOR] Release image called
[HOTHAM_SIMULATOR] Transitioning image 0xfe25f60000000013
[00:36:03.164][Verbose] Ending frame..
[HOTHAM_SIMULATOR] Done transitioning image 0xfe25f60000000013
[HOTHAM_SIMULATOR] done! Probably?
[00:36:03.165][Verbose] Polling actions..
[00:36:03.165][Verbose] Rendering frame..
[00:36:03.165][Verbose] Check session..
[00:36:03.165][Verbose] Rendering layer..
[00:36:03.165][Verbose] Done locating views 1
[00:36:03.165][Verbose] Checking if 1 == 1
[00:36:03.165][Verbose] 1 == 1
[HOTHAM_SIMULATOR] Acquire swapchain image called..
[HOTHAM_SIMULATOR] Done. Index is 2
[HOTHAM_SIMULATOR] Release image called
[HOTHAM_SIMULATOR] Transitioning image 0x6269300000000015
[00:36:03.166][Verbose] Ending frame..
[HOTHAM_SIMULATOR] Done transitioning image 0x6269300000000015
[HOTHAM_SIMULATOR] done! Probably?
[00:36:03.168][Verbose] Polling actions..
[00:36:03.168][Verbose] Rendering frame..
[00:36:03.168][Verbose] Check session..
[00:36:03.168][Verbose] Rendering layer..
[00:36:03.168][Verbose] Done locating views 1
[00:36:03.168][Verbose] Checking if 1 == 1
[00:36:03.168][Verbose] 1 == 1
[HOTHAM_SIMULATOR] Acquire swapchain image called..
[HOTHAM_SIMULATOR] Done. Index is 0
[HOTHAM_SIMULATOR] Release image called
[HOTHAM_SIMULATOR] Transitioning image 0x1f91b40000000011
[00:36:03.169][Verbose] Ending frame..
[HOTHAM_SIMULATOR] Done transitioning image 0x1f91b40000000011
[HOTHAM_SIMULATOR] done! Probably?
[00:36:03.170][Verbose] Polling actions..
[00:36:03.170][Verbose] Rendering frame..
[00:36:03.170][Verbose] Check session..
[00:36:03.170][Verbose] Rendering layer..
[00:36:03.170][Verbose] Done locating views 1
[00:36:03.170][Verbose] Checking if 1 == 1
[00:36:03.170][Verbose] 1 == 1
[HOTHAM_SIMULATOR] Acquire swapchain image called..
[HOTHAM_SIMULATOR] Done. Index is 1
[HOTHAM_SIMULATOR] Release image called
[HOTHAM_SIMULATOR] Transitioning image 0xfe25f60000000013
[00:36:03.171][Verbose] Ending frame..
[HOTHAM_SIMULATOR] Done transitioning image 0xfe25f60000000013
[HOTHAM_SIMULATOR] done! Probably?
[00:36:03.173][Verbose] Polling actions..
[00:36:03.173][Verbose] Rendering frame..
[00:36:03.173][Verbose] Check session..
[00:36:03.173][Verbose] Rendering layer..
[00:36:03.173][Verbose] Done locating views 1
[00:36:03.173][Verbose] Checking if 1 == 1
[00:36:03.173][Verbose] 1 == 1
[HOTHAM_SIMULATOR] Acquire swapchain image called..
[HOTHAM_SIMULATOR] Done. Index is 2
[HOTHAM_SIMULATOR] Release image called
[HOTHAM_SIMULATOR] Transitioning image 0x6269300000000015
[00:36:03.174][Verbose] Ending frame..
[HOTHAM_SIMULATOR] Done transitioning image 0x6269300000000015
[HOTHAM_SIMULATOR] done! Probably?
[00:36:03.176][Verbose] Polling actions..
[00:36:03.176][Verbose] Rendering frame..
[00:36:03.176][Verbose] Check session..
[00:36:03.176][Verbose] Rendering layer..
[00:36:03.177][Verbose] Done locating views 1
[00:36:03.177][Verbose] Checking if 1 == 1
[00:36:03.177][Verbose] 1 == 1
[HOTHAM_SIMULATOR] Acquire swapchain image called..
[HOTHAM_SIMULATOR] Done. Index is 0
[HOTHAM_SIMULATOR] Release image called
[HOTHAM_SIMULATOR] Transitioning image 0x1f91b40000000011
[00:36:03.178][Verbose] Ending frame..
[HOTHAM_SIMULATOR] Done transitioning image 0x1f91b40000000011
[HOTHAM_SIMULATOR] done! Probably?
[00:36:03.179][Verbose] Polling actions..
[00:36:03.179][Verbose] Rendering frame..
[00:36:03.179][Verbose] Check session..
[00:36:03.179][Verbose] Rendering layer..
[00:36:03.179][Verbose] Done locating views 1
[00:36:03.179][Verbose] Checking if 1 == 1
[00:36:03.179][Verbose] 1 == 1
[HOTHAM_SIMULATOR] Acquire swapchain image called..
[HOTHAM_SIMULATOR] Done. Index is 1
[HOTHAM_SIMULATOR] Release image called
[HOTHAM_SIMULATOR] Transitioning image 0xfe25f60000000013
[00:36:03.181][Verbose] Ending frame..
[HOTHAM_SIMULATOR] Done transitioning image 0xfe25f60000000013
[HOTHAM_SIMULATOR] done! Probably?
[00:36:03.182][Verbose] Polling actions..
[00:36:03.182][Verbose] Rendering frame..
[00:36:03.182][Verbose] Check session..
[00:36:03.182][Verbose] Rendering layer..
[00:36:03.182][Verbose] Done locating views 1
[00:36:03.182][Verbose] Checking if 1 == 1
[00:36:03.182][Verbose] 1 == 1
[HOTHAM_SIMULATOR] Acquire swapchain image called..
[HOTHAM_SIMULATOR] Done. Index is 2
[HOTHAM_SIMULATOR] Release image called
[HOTHAM_SIMULATOR] Transitioning image 0x6269300000000015
[00:36:03.183][Verbose] Ending frame..
[HOTHAM_SIMULATOR] Done transitioning image 0x6269300000000015
[HOTHAM_SIMULATOR] done! Probably?
[00:36:03.184][Verbose] Polling actions..
[00:36:03.184][Verbose] Rendering frame..
[00:36:03.184][Verbose] Check session..
[00:36:03.184][Verbose] Rendering layer..
[00:36:03.185][Verbose] Done locating views 1
[00:36:03.185][Verbose] Checking if 1 == 1
[00:36:03.185][Verbose] 1 == 1
[HOTHAM_SIMULATOR] Acquire swapchain image called..
[HOTHAM_SIMULATOR] Done. Index is 0
[HOTHAM_SIMULATOR] Release image called
[HOTHAM_SIMULATOR] Transitioning image 0x1f91b40000000011
[00:36:03.186][Verbose] Ending frame..
[HOTHAM_SIMULATOR] Done transitioning image 0x1f91b40000000011
[HOTHAM_SIMULATOR] done! Probably?
[00:36:03.187][Verbose] Polling actions..
[00:36:03.187][Verbose] Rendering frame..
[00:36:03.187][Verbose] Check session..
[00:36:03.187][Verbose] Rendering layer..
[00:36:03.188][Verbose] Done locating views 1
[00:36:03.188][Verbose] Checking if 1 == 1
[00:36:03.188][Verbose] 1 == 1
[HOTHAM_SIMULATOR] Acquire swapchain image called..
[HOTHAM_SIMULATOR] Done. Index is 1
[HOTHAM_SIMULATOR] Release image called
[HOTHAM_SIMULATOR] Transitioning image 0xfe25f60000000013
[00:36:03.189][Verbose] Ending frame..
[HOTHAM_SIMULATOR] Done transitioning image 0xfe25f60000000013
[HOTHAM_SIMULATOR] done! Probably?
[00:36:03.190][Verbose] Polling actions..
[00:36:03.190][Verbose] Rendering frame..
[00:36:03.190][Verbose] Check session..
[00:36:03.190][Verbose] Rendering layer..
[00:36:03.190][Verbose] Done locating views 1
[00:36:03.190][Verbose] Checking if 1 == 1
[00:36:03.190][Verbose] 1 == 1
[HOTHAM_SIMULATOR] Acquire swapchain image called..
[HOTHAM_SIMULATOR] Done. Index is 2
[HOTHAM_SIMULATOR] Release image called
[HOTHAM_SIMULATOR] Transitioning image 0x6269300000000015
[00:36:03.192][Verbose] Ending frame..
[HOTHAM_SIMULATOR] Done transitioning image 0x6269300000000015
[HOTHAM_SIMULATOR] done! Probably?
[00:36:03.193][Verbose] Polling actions..
[00:36:03.193][Verbose] Rendering frame..
[00:36:03.193][Verbose] Check session..
[00:36:03.193][Verbose] Rendering layer..
[00:36:03.194][Verbose] Done locating views 1
[00:36:03.194][Verbose] Checking if 1 == 1
[00:36:03.194][Verbose] 1 == 1
[HOTHAM_SIMULATOR] Acquire swapchain image called..
[HOTHAM_SIMULATOR] Done. Index is 0
[HOTHAM_SIMULATOR] Release image called
[HOTHAM_SIMULATOR] Transitioning image 0x1f91b40000000011
[00:36:03.195][Verbose] Ending frame..
[HOTHAM_SIMULATOR] Done transitioning image 0x1f91b40000000011
[HOTHAM_SIMULATOR] done! Probably?
[00:36:03.196][Verbose] Polling actions..
[00:36:03.196][Verbose] Rendering frame..
[00:36:03.196][Verbose] Check session..
[00:36:03.196][Verbose] Rendering layer..
[00:36:03.197][Verbose] Done locating views 1
[00:36:03.197][Verbose] Checking if 1 == 1
[00:36:03.197][Verbose] 1 == 1
[HOTHAM_SIMULATOR] Acquire swapchain image called..
[HOTHAM_SIMULATOR] Done. Index is 1
[HOTHAM_SIMULATOR] Release image called
[HOTHAM_SIMULATOR] Transitioning image 0xfe25f60000000013
[00:36:03.198][Verbose] Ending frame..
[HOTHAM_SIMULATOR] Done transitioning image 0xfe25f60000000013
[HOTHAM_SIMULATOR] done! Probably?
[00:36:03.199][Verbose] Polling actions..
[00:36:03.199][Verbose] Rendering frame..
[00:36:03.199][Verbose] Check session..
[00:36:03.199][Verbose] Rendering layer..
[00:36:03.199][Verbose] Done locating views 1
[00:36:03.199][Verbose] Checking if 1 == 1
[00:36:03.199][Verbose] 1 == 1
[HOTHAM_SIMULATOR] Acquire swapchain image called..
[HOTHAM_SIMULATOR] Done. Index is 2
[HOTHAM_SIMULATOR] Release image called
[HOTHAM_SIMULATOR] Transitioning image 0x6269300000000015
[00:36:03.200][Verbose] Ending frame..
[HOTHAM_SIMULATOR] Done transitioning image 0x6269300000000015
[HOTHAM_SIMULATOR] done! Probably?
[00:36:03.202][Verbose] Polling actions..
[00:36:03.202][Verbose] Rendering frame..
[00:36:03.202][Verbose] Check session..
[00:36:03.202][Verbose] Rendering layer..
[00:36:03.202][Verbose] Done locating views 1
[00:36:03.202][Verbose] Checking if 1 == 1
[00:36:03.202][Verbose] 1 == 1
[HOTHAM_SIMULATOR] Acquire swapchain image called..
[HOTHAM_SIMULATOR] Done. Index is 0
[HOTHAM_SIMULATOR] Release image called
[HOTHAM_SIMULATOR] Transitioning image 0x1f91b40000000011
[00:36:03.203][Verbose] Ending frame..
[HOTHAM_SIMULATOR] Done transitioning image 0x1f91b40000000011
[HOTHAM_SIMULATOR] done! Probably?
[00:36:03.204][Verbose] Polling actions..
[00:36:03.204][Verbose] Rendering frame..
[00:36:03.204][Verbose] Check session..
[00:36:03.204][Verbose] Rendering layer..
[00:36:03.204][Verbose] Done locating views 1
[00:36:03.204][Verbose] Checking if 1 == 1
[00:36:03.205][Verbose] 1 == 1
[HOTHAM_SIMULATOR] Acquire swapchain image called..
[HOTHAM_SIMULATOR] Done. Index is 1
[HOTHAM_SIMULATOR] Release image called
[HOTHAM_SIMULATOR] Transitioning image 0xfe25f60000000013
[00:36:03.206][Verbose] Ending frame..
[HOTHAM_SIMULATOR] Done transitioning image 0xfe25f60000000013
[HOTHAM_SIMULATOR] done! Probably?
[00:36:03.207][Verbose] Polling actions..
[00:36:03.208][Verbose] Rendering frame..
[00:36:03.208][Verbose] Check session..
[00:36:03.208][Verbose] Rendering layer..
[00:36:03.208][Verbose] Done locating views 1
[00:36:03.208][Verbose] Checking if 1 == 1
[00:36:03.208][Verbose] 1 == 1
[HOTHAM_SIMULATOR] Acquire swapchain image called..
[HOTHAM_SIMULATOR] Done. Index is 2
[HOTHAM_SIMULATOR] Release image called
[HOTHAM_SIMULATOR] Transitioning image 0x6269300000000015
[00:36:03.210][Verbose] Ending frame..
[HOTHAM_SIMULATOR] Done transitioning image 0x6269300000000015
[HOTHAM_SIMULATOR] done! Probably?
[00:36:03.212][Verbose] Polling actions..
[00:36:03.212][Verbose] Rendering frame..
[00:36:03.212][Verbose] Check session..
[00:36:03.212][Verbose] Rendering layer..
[00:36:03.213][Verbose] Done locating views 1
[00:36:03.213][Verbose] Checking if 1 == 1
[00:36:03.213][Verbose] 1 == 1
[HOTHAM_SIMULATOR] Acquire swapchain image called..
[HOTHAM_SIMULATOR] Done. Index is 0
[HOTHAM_SIMULATOR] Release image called
[HOTHAM_SIMULATOR] Transitioning image 0x1f91b40000000011
[00:36:03.214][Verbose] Ending frame..
[HOTHAM_SIMULATOR] Done transitioning image 0x1f91b40000000011
[HOTHAM_SIMULATOR] done! Probably?
[00:36:03.216][Verbose] Polling actions..
[00:36:03.217][Verbose] Rendering frame..
[00:36:03.217][Verbose] Check session..
[00:36:03.217][Verbose] Rendering layer..
[00:36:03.217][Verbose] Done locating views 1
[00:36:03.217][Verbose] Checking if 1 == 1
[00:36:03.217][Verbose] 1 == 1
[HOTHAM_SIMULATOR] Acquire swapchain image called..
[HOTHAM_SIMULATOR] Done. Index is 1
[HOTHAM_SIMULATOR] Release image called
[HOTHAM_SIMULATOR] Transitioning image 0xfe25f60000000013
[00:36:03.219][Verbose] Ending frame..
[HOTHAM_SIMULATOR] Done transitioning image 0xfe25f60000000013
[HOTHAM_SIMULATOR] done! Probably?
[00:36:03.220][Verbose] Polling actions..
[00:36:03.220][Verbose] Rendering frame..
[00:36:03.221][Verbose] Check session..
[00:36:03.221][Verbose] Rendering layer..
[00:36:03.221][Verbose] Done locating views 1
[00:36:03.221][Verbose] Checking if 1 == 1
[00:36:03.221][Verbose] 1 == 1
[HOTHAM_SIMULATOR] Acquire swapchain image called..
[HOTHAM_SIMULATOR] Done. Index is 2
[HOTHAM_SIMULATOR] Release image called
[HOTHAM_SIMULATOR] Transitioning image 0x6269300000000015
[00:36:03.222][Verbose] Ending frame..
[HOTHAM_SIMULATOR] Done transitioning image 0x6269300000000015
[HOTHAM_SIMULATOR] done! Probably?
[00:36:03.224][Verbose] Polling actions..
[00:36:03.224][Verbose] Rendering frame..
[00:36:03.224][Verbose] Check session..
[00:36:03.224][Verbose] Rendering layer..
[00:36:03.224][Verbose] Done locating views 1
[00:36:03.224][Verbose] Checking if 1 == 1
[00:36:03.224][Verbose] 1 == 1
[HOTHAM_SIMULATOR] Acquire swapchain image called..
[HOTHAM_SIMULATOR] Done. Index is 0
[HOTHAM_SIMULATOR] Release image called
[HOTHAM_SIMULATOR] Transitioning image 0x1f91b40000000011
[00:36:03.227][Verbose] Ending frame..
[HOTHAM_SIMULATOR] Done transitioning image 0x1f91b40000000011
[HOTHAM_SIMULATOR] done! Probably?
[00:36:03.228][Verbose] Polling actions..
[00:36:03.228][Verbose] Rendering frame..
[00:36:03.228][Verbose] Check session..
[00:36:03.228][Verbose] Rendering layer..
[00:36:03.229][Verbose] Done locating views 1
[00:36:03.229][Verbose] Checking if 1 == 1
[00:36:03.229][Verbose] 1 == 1
[HOTHAM_SIMULATOR] Acquire swapchain image called..
[HOTHAM_SIMULATOR] Done. Index is 1
[HOTHAM_SIMULATOR] Release image called
[HOTHAM_SIMULATOR] Transitioning image 0xfe25f60000000013
[00:36:03.230][Verbose] Ending frame..
[HOTHAM_SIMULATOR] Done transitioning image 0xfe25f60000000013
[HOTHAM_SIMULATOR] done! Probably?
[00:36:03.233][Verbose] Polling actions..
[00:36:03.233][Verbose] Rendering frame..
[00:36:03.233][Verbose] Check session..
[00:36:03.233][Verbose] Rendering layer..
[00:36:03.233][Verbose] Done locating views 1
[00:36:03.233][Verbose] Checking if 1 == 1
[00:36:03.233][Verbose] 1 == 1
[HOTHAM_SIMULATOR] Acquire swapchain image called..
[HOTHAM_SIMULATOR] Done. Index is 2
[HOTHAM_SIMULATOR] Release image called
[HOTHAM_SIMULATOR] Transitioning image 0x6269300000000015
[00:36:03.234][Verbose] Ending frame..
[HOTHAM_SIMULATOR] Done transitioning image 0x6269300000000015
[HOTHAM_SIMULATOR] done! Probably?
[00:36:03.236][Verbose] Polling actions..
[00:36:03.236][Verbose] Rendering frame..
[00:36:03.236][Verbose] Check session..
[00:36:03.236][Verbose] Rendering layer..
[00:36:03.236][Verbose] Done locating views 1
[00:36:03.236][Verbose] Checking if 1 == 1
[00:36:03.236][Verbose] 1 == 1
[HOTHAM_SIMULATOR] Acquire swapchain image called..
[HOTHAM_SIMULATOR] Done. Index is 0
[HOTHAM_SIMULATOR] Release image called
[HOTHAM_SIMULATOR] Transitioning image 0x1f91b40000000011
[00:36:03.238][Verbose] Ending frame..
[HOTHAM_SIMULATOR] Done transitioning image 0x1f91b40000000011
[HOTHAM_SIMULATOR] done! Probably?
[00:36:03.239][Verbose] Polling actions..
[00:36:03.239][Verbose] Rendering frame..
[00:36:03.239][Verbose] Check session..
[00:36:03.239][Verbose] Rendering layer..
[00:36:03.239][Verbose] Done locating views 1
[00:36:03.239][Verbose] Checking if 1 == 1
[00:36:03.239][Verbose] 1 == 1
[HOTHAM_SIMULATOR] Acquire swapchain image called..
[HOTHAM_SIMULATOR] Done. Index is 1
[HOTHAM_SIMULATOR] Release image called
[HOTHAM_SIMULATOR] Transitioning image 0xfe25f60000000013
[00:36:03.241][Verbose] Ending frame..
[HOTHAM_SIMULATOR] Done transitioning image 0xfe25f60000000013
[HOTHAM_SIMULATOR] done! Probably?
[00:36:03.243][Verbose] Polling actions..
[00:36:03.243][Verbose] Rendering frame..
[00:36:03.243][Verbose] Check session..
[00:36:03.243][Verbose] Rendering layer..
[00:36:03.243][Verbose] Done locating views 1
[00:36:03.243][Verbose] Checking if 1 == 1
[00:36:03.243][Verbose] 1 == 1
[HOTHAM_SIMULATOR] Acquire swapchain image called..
[HOTHAM_SIMULATOR] Done. Index is 2
[HOTHAM_SIMULATOR] Release image called
[HOTHAM_SIMULATOR] Transitioning image 0x6269300000000015
[00:36:03.244][Verbose] Ending frame..
[HOTHAM_SIMULATOR] Done transitioning image 0x6269300000000015
[HOTHAM_SIMULATOR] done! Probably?
[00:36:03.246][Verbose] Polling actions..
[00:36:03.246][Verbose] Rendering frame..
[00:36:03.246][Verbose] Check session..
[00:36:03.246][Verbose] Rendering layer..
[00:36:03.246][Verbose] Done locating views 1
[00:36:03.246][Verbose] Checking if 1 == 1
[00:36:03.246][Verbose] 1 == 1
[HOTHAM_SIMULATOR] Acquire swapchain image called..
[HOTHAM_SIMULATOR] Done. Index is 0
[HOTHAM_SIMULATOR] Release image called
[HOTHAM_SIMULATOR] Transitioning image 0x1f91b40000000011
[00:36:03.247][Verbose] Ending frame..
[HOTHAM_SIMULATOR] Done transitioning image 0x1f91b40000000011
[HOTHAM_SIMULATOR] done! Probably?
[00:36:03.249][Verbose] Polling actions..
[00:36:03.249][Verbose] Rendering frame..
[00:36:03.249][Verbose] Check session..
[00:36:03.249][Verbose] Rendering layer..
[00:36:03.249][Verbose] Done locating views 1
[00:36:03.249][Verbose] Checking if 1 == 1
[00:36:03.249][Verbose] 1 == 1
[HOTHAM_SIMULATOR] Acquire swapchain image called..
[HOTHAM_SIMULATOR] Done. Index is 1
[HOTHAM_SIMULATOR] Release image called
[HOTHAM_SIMULATOR] Transitioning image 0xfe25f60000000013
[00:36:03.251][Verbose] Ending frame..
[HOTHAM_SIMULATOR] Done transitioning image 0xfe25f60000000013
[HOTHAM_SIMULATOR] done! Probably?
[00:36:03.253][Verbose] Polling actions..
[00:36:03.253][Verbose] Rendering frame..
[00:36:03.253][Verbose] Check session..
[00:36:03.253][Verbose] Rendering layer..
[00:36:03.253][Verbose] Done locating views 1
[00:36:03.253][Verbose] Checking if 1 == 1
[00:36:03.253][Verbose] 1 == 1
[HOTHAM_SIMULATOR] Acquire swapchain image called..
[HOTHAM_SIMULATOR] Done. Index is 2
[HOTHAM_SIMULATOR] Release image called
[HOTHAM_SIMULATOR] Transitioning image 0x6269300000000015
[00:36:03.254][Verbose] Ending frame..
[HOTHAM_SIMULATOR] Done transitioning image 0x6269300000000015
[HOTHAM_SIMULATOR] done! Probably?
[00:36:03.256][Verbose] Polling actions..
[00:36:03.256][Verbose] Rendering frame..
[00:36:03.256][Verbose] Check session..
[00:36:03.256][Verbose] Rendering layer..
[00:36:03.256][Verbose] Done locating views 1
[00:36:03.256][Verbose] Checking if 1 == 1
[00:36:03.256][Verbose] 1 == 1
[HOTHAM_SIMULATOR] Acquire swapchain image called..
[HOTHAM_SIMULATOR] Done. Index is 0
[HOTHAM_SIMULATOR] Release image called
[HOTHAM_SIMULATOR] Transitioning image 0x1f91b40000000011
[00:36:03.257][Verbose] Ending frame..
[HOTHAM_SIMULATOR] Done transitioning image 0x1f91b40000000011
[HOTHAM_SIMULATOR] done! Probably?
[00:36:03.259][Verbose] Polling actions..
[00:36:03.259][Verbose] Rendering frame..
[00:36:03.259][Verbose] Check session..
[00:36:03.259][Verbose] Rendering layer..
[00:36:03.259][Verbose] Done locating views 1
[00:36:03.259][Verbose] Checking if 1 == 1
[00:36:03.259][Verbose] 1 == 1
[HOTHAM_SIMULATOR] Acquire swapchain image called..
[HOTHAM_SIMULATOR] Done. Index is 1
[HOTHAM_SIMULATOR] Release image called
[HOTHAM_SIMULATOR] Transitioning image 0xfe25f60000000013
[00:36:03.260][Verbose] Ending frame..
[HOTHAM_SIMULATOR] Done transitioning image 0xfe25f60000000013
[HOTHAM_SIMULATOR] done! Probably?
[00:36:03.261][Verbose] Polling actions..
[00:36:03.261][Verbose] Rendering frame..
[00:36:03.261][Verbose] Check session..
[00:36:03.261][Verbose] Rendering layer..
[00:36:03.261][Verbose] Done locating views 1
[00:36:03.261][Verbose] Checking if 1 == 1
[00:36:03.261][Verbose] 1 == 1
[HOTHAM_SIMULATOR] Acquire swapchain image called..
[HOTHAM_SIMULATOR] Done. Index is 2
[HOTHAM_SIMULATOR] Release image called
[HOTHAM_SIMULATOR] Transitioning image 0x6269300000000015
[00:36:03.262][Verbose] Ending frame..
[HOTHAM_SIMULATOR] Done transitioning image 0x6269300000000015
[HOTHAM_SIMULATOR] done! Probably?
[00:36:03.264][Verbose] Polling actions..
[00:36:03.264][Verbose] Rendering frame..
[00:36:03.264][Verbose] Check session..
[00:36:03.264][Verbose] Rendering layer..
[00:36:03.264][Verbose] Done locating views 1
[00:36:03.264][Verbose] Checking if 1 == 1
[00:36:03.264][Verbose] 1 == 1
[HOTHAM_SIMULATOR] Acquire swapchain image called..
[HOTHAM_SIMULATOR] Done. Index is 0
[HOTHAM_SIMULATOR] Release image called
[HOTHAM_SIMULATOR] Transitioning image 0x1f91b40000000011
[00:36:03.265][Verbose] Ending frame..
[HOTHAM_SIMULATOR] Done transitioning image 0x1f91b40000000011
[HOTHAM_SIMULATOR] done! Probably?
[00:36:03.267][Verbose] Polling actions..
[00:36:03.267][Verbose] Rendering frame..
[00:36:03.267][Verbose] Check session..
[00:36:03.267][Verbose] Rendering layer..
[00:36:03.267][Verbose] Done locating views 1
[00:36:03.267][Verbose] Checking if 1 == 1
[00:36:03.267][Verbose] 1 == 1
[HOTHAM_SIMULATOR] Acquire swapchain image called..
[HOTHAM_SIMULATOR] Done. Index is 1
[HOTHAM_SIMULATOR] Release image called
[HOTHAM_SIMULATOR] Transitioning image 0xfe25f60000000013
[00:36:03.268][Verbose] Ending frame..
[HOTHAM_SIMULATOR] Done transitioning image 0xfe25f60000000013
[HOTHAM_SIMULATOR] done! Probably?
[00:36:03.269][Verbose] Polling actions..
[00:36:03.269][Verbose] Rendering frame..
[00:36:03.269][Verbose] Check session..
[00:36:03.269][Verbose] Rendering layer..
[00:36:03.269][Verbose] Done locating views 1
[00:36:03.269][Verbose] Checking if 1 == 1
[00:36:03.269][Verbose] 1 == 1
[HOTHAM_SIMULATOR] Acquire swapchain image called..
[HOTHAM_SIMULATOR] Done. Index is 2
[HOTHAM_SIMULATOR] Release image called
[HOTHAM_SIMULATOR] Transitioning image 0x6269300000000015
[00:36:03.271][Verbose] Ending frame..
[HOTHAM_SIMULATOR] Done transitioning image 0x6269300000000015
[HOTHAM_SIMULATOR] done! Probably?
[00:36:03.272][Verbose] Polling actions..
[00:36:03.272][Verbose] Rendering frame..
[00:36:03.272][Verbose] Check session..
[00:36:03.272][Verbose] Rendering layer..
[00:36:03.272][Verbose] Done locating views 1
[00:36:03.272][Verbose] Checking if 1 == 1
[00:36:03.272][Verbose] 1 == 1
[HOTHAM_SIMULATOR] Acquire swapchain image called..
[HOTHAM_SIMULATOR] Done. Index is 0
[HOTHAM_SIMULATOR] Release image called
[HOTHAM_SIMULATOR] Transitioning image 0x1f91b40000000011
[00:36:03.273][Verbose] Ending frame..
[HOTHAM_SIMULATOR] Done transitioning image 0x1f91b40000000011
[HOTHAM_SIMULATOR] done! Probably?
[00:36:03.274][Verbose] Polling actions..
[00:36:03.274][Verbose] Rendering frame..
[00:36:03.274][Verbose] Check session..
[00:36:03.274][Verbose] Rendering layer..
[00:36:03.275][Verbose] Done locating views 1
[00:36:03.275][Verbose] Checking if 1 == 1
[00:36:03.275][Verbose] 1 == 1
[HOTHAM_SIMULATOR] Acquire swapchain image called..
[HOTHAM_SIMULATOR] Done. Index is 1
[HOTHAM_SIMULATOR] Release image called
[HOTHAM_SIMULATOR] Transitioning image 0xfe25f60000000013
[00:36:03.276][Verbose] Ending frame..
[HOTHAM_SIMULATOR] Done transitioning image 0xfe25f60000000013
[HOTHAM_SIMULATOR] done! Probably?
[00:36:03.277][Verbose] Polling actions..
[00:36:03.277][Verbose] Rendering frame..
[00:36:03.277][Verbose] Check session..
[00:36:03.277][Verbose] Rendering layer..
[00:36:03.277][Verbose] Done locating views 1
[00:36:03.277][Verbose] Checking if 1 == 1
[00:36:03.277][Verbose] 1 == 1
[HOTHAM_SIMULATOR] Acquire swapchain image called..
[HOTHAM_SIMULATOR] Done. Index is 2
[HOTHAM_SIMULATOR] Release image called
[HOTHAM_SIMULATOR] Transitioning image 0x6269300000000015
[00:36:03.278][Verbose] Ending frame..
[HOTHAM_SIMULATOR] Done transitioning image 0x6269300000000015
[HOTHAM_SIMULATOR] done! Probably?
[00:36:03.280][Verbose] Polling actions..
[00:36:03.280][Verbose] Rendering frame..
[00:36:03.280][Verbose] Check session..
[00:36:03.280][Verbose] Rendering layer..
[00:36:03.280][Verbose] Done locating views 1
[00:36:03.280][Verbose] Checking if 1 == 1
[00:36:03.280][Verbose] 1 == 1
[HOTHAM_SIMULATOR] Acquire swapchain image called..
[HOTHAM_SIMULATOR] Done. Index is 0
[HOTHAM_SIMULATOR] Release image called
[HOTHAM_SIMULATOR] Transitioning image 0x1f91b40000000011
[00:36:03.281][Verbose] Ending frame..
[HOTHAM_SIMULATOR] Done transitioning image 0x1f91b40000000011
[HOTHAM_SIMULATOR] done! Probably?
[00:36:03.282][Verbose] Polling actions..
[00:36:03.282][Verbose] Rendering frame..
[00:36:03.282][Verbose] Check session..
[00:36:03.283][Verbose] Rendering layer..
[00:36:03.283][Verbose] Done locating views 1
[00:36:03.283][Verbose] Checking if 1 == 1
[00:36:03.283][Verbose] 1 == 1
[HOTHAM_SIMULATOR] Acquire swapchain image called..
[HOTHAM_SIMULATOR] Done. Index is 1
[HOTHAM_SIMULATOR] Release image called
[HOTHAM_SIMULATOR] Transitioning image 0xfe25f60000000013
[00:36:03.284][Verbose] Ending frame..
[HOTHAM_SIMULATOR] Done transitioning image 0xfe25f60000000013
[HOTHAM_SIMULATOR] done! Probably?
[00:36:03.285][Verbose] Polling actions..
[00:36:03.285][Verbose] Rendering frame..
[00:36:03.285][Verbose] Check session..
[00:36:03.285][Verbose] Rendering layer..
[00:36:03.285][Verbose] Done locating views 1
[00:36:03.285][Verbose] Checking if 1 == 1
[00:36:03.285][Verbose] 1 == 1
[HOTHAM_SIMULATOR] Acquire swapchain image called..
[HOTHAM_SIMULATOR] Done. Index is 2
[HOTHAM_SIMULATOR] Release image called
[HOTHAM_SIMULATOR] Transitioning image 0x6269300000000015
[00:36:03.286][Verbose] Ending frame..
[HOTHAM_SIMULATOR] Done transitioning image 0x6269300000000015
[HOTHAM_SIMULATOR] done! Probably?
[00:36:03.288][Verbose] Polling actions..
[00:36:03.288][Verbose] Rendering frame..
[00:36:03.288][Verbose] Check session..
[00:36:03.288][Verbose] Rendering layer..
[00:36:03.288][Verbose] Done locating views 1
[00:36:03.288][Verbose] Checking if 1 == 1
[00:36:03.288][Verbose] 1 == 1
[HOTHAM_SIMULATOR] Acquire swapchain image called..
[HOTHAM_SIMULATOR] Done. Index is 0
[HOTHAM_SIMULATOR] Release image called
[HOTHAM_SIMULATOR] Transitioning image 0x1f91b40000000011
[00:36:03.289][Verbose] Ending frame..
[HOTHAM_SIMULATOR] Done transitioning image 0x1f91b40000000011
[HOTHAM_SIMULATOR] done! Probably?
[00:36:03.290][Verbose] Polling actions..
[00:36:03.290][Verbose] Rendering frame..
[00:36:03.290][Verbose] Check session..
[00:36:03.290][Verbose] Rendering layer..
[00:36:03.291][Verbose] Done locating views 1
[00:36:03.291][Verbose] Checking if 1 == 1
[00:36:03.291][Verbose] 1 == 1
[HOTHAM_SIMULATOR] Acquire swapchain image called..
[HOTHAM_SIMULATOR] Done. Index is 1
[HOTHAM_SIMULATOR] Release image called
[HOTHAM_SIMULATOR] Transitioning image 0xfe25f60000000013
[00:36:03.292][Verbose] Ending frame..
[HOTHAM_SIMULATOR] Done transitioning image 0xfe25f60000000013
[HOTHAM_SIMULATOR] done! Probably?
[00:36:03.293][Verbose] Polling actions..
[00:36:03.293][Verbose] Rendering frame..
[00:36:03.293][Verbose] Check session..
[00:36:03.293][Verbose] Rendering layer..
[00:36:03.293][Verbose] Done locating views 1
[00:36:03.293][Verbose] Checking if 1 == 1
[00:36:03.293][Verbose] 1 == 1
[HOTHAM_SIMULATOR] Acquire swapchain image called..
[HOTHAM_SIMULATOR] Done. Index is 2
[HOTHAM_SIMULATOR] Release image called
[HOTHAM_SIMULATOR] Transitioning image 0x6269300000000015
[00:36:03.295][Verbose] Ending frame..
[HOTHAM_SIMULATOR] Done transitioning image 0x6269300000000015
[HOTHAM_SIMULATOR] done! Probably?
[00:36:03.296][Verbose] Polling actions..
[00:36:03.296][Verbose] Rendering frame..
[00:36:03.296][Verbose] Check session..
[00:36:03.296][Verbose] Rendering layer..
[00:36:03.296][Verbose] Done locating views 1
[00:36:03.296][Verbose] Checking if 1 == 1
[00:36:03.296][Verbose] 1 == 1
[HOTHAM_SIMULATOR] Acquire swapchain image called..
[HOTHAM_SIMULATOR] Done. Index is 0
[HOTHAM_SIMULATOR] Release image called
[HOTHAM_SIMULATOR] Transitioning image 0x1f91b40000000011
[00:36:03.297][Verbose] Ending frame..
[HOTHAM_SIMULATOR] Done transitioning image 0x1f91b40000000011
[HOTHAM_SIMULATOR] done! Probably?
[00:36:03.299][Verbose] Polling actions..
[00:36:03.299][Verbose] Rendering frame..
[00:36:03.299][Verbose] Check session..
[00:36:03.299][Verbose] Rendering layer..
[00:36:03.299][Verbose] Done locating views 1
[00:36:03.299][Verbose] Checking if 1 == 1
[00:36:03.299][Verbose] 1 == 1
[HOTHAM_SIMULATOR] Acquire swapchain image called..
[HOTHAM_SIMULATOR] Done. Index is 1
[HOTHAM_SIMULATOR] Release image called
[HOTHAM_SIMULATOR] Transitioning image 0xfe25f60000000013
[00:36:03.300][Verbose] Ending frame..
[HOTHAM_SIMULATOR] Done transitioning image 0xfe25f60000000013
[HOTHAM_SIMULATOR] done! Probably?
[00:36:03.302][Verbose] Polling actions..
[00:36:03.302][Verbose] Rendering frame..
[00:36:03.302][Verbose] Check session..
[00:36:03.302][Verbose] Rendering layer..
[00:36:03.302][Verbose] Done locating views 1
[00:36:03.302][Verbose] Checking if 1 == 1
[00:36:03.302][Verbose] 1 == 1
[HOTHAM_SIMULATOR] Acquire swapchain image called..
[HOTHAM_SIMULATOR] Done. Index is 2
[HOTHAM_SIMULATOR] Release image called
[HOTHAM_SIMULATOR] Transitioning image 0x6269300000000015
[00:36:03.303][Verbose] Ending frame..
[HOTHAM_SIMULATOR] Done transitioning image 0x6269300000000015
[HOTHAM_SIMULATOR] done! Probably?
[00:36:03.305][Verbose] Polling actions..
[00:36:03.305][Verbose] Rendering frame..
[00:36:03.305][Verbose] Check session..
[00:36:03.305][Verbose] Rendering layer..
[00:36:03.305][Verbose] Done locating views 1
[00:36:03.305][Verbose] Checking if 1 == 1
[00:36:03.305][Verbose] 1 == 1
[HOTHAM_SIMULATOR] Acquire swapchain image called..
[HOTHAM_SIMULATOR] Done. Index is 0
[HOTHAM_SIMULATOR] Release image called
[HOTHAM_SIMULATOR] Transitioning image 0x1f91b40000000011
[00:36:03.306][Verbose] Ending frame..
[HOTHAM_SIMULATOR] Done transitioning image 0x1f91b40000000011
[HOTHAM_SIMULATOR] done! Probably?
[00:36:03.307][Verbose] Polling actions..
[00:36:03.308][Verbose] Rendering frame..
[00:36:03.308][Verbose] Check session..
[00:36:03.308][Verbose] Rendering layer..
[00:36:03.308][Verbose] Done locating views 1
[00:36:03.308][Verbose] Checking if 1 == 1
[00:36:03.308][Verbose] 1 == 1
[HOTHAM_SIMULATOR] Acquire swapchain image called..
[HOTHAM_SIMULATOR] Done. Index is 1
[HOTHAM_SIMULATOR] Release image called
[HOTHAM_SIMULATOR] Transitioning image 0xfe25f60000000013
[00:36:03.309][Verbose] Ending frame..
[HOTHAM_SIMULATOR] Done transitioning image 0xfe25f60000000013
[HOTHAM_SIMULATOR] done! Probably?
[00:36:03.310][Verbose] Polling actions..
[00:36:03.310][Verbose] Rendering frame..
[00:36:03.310][Verbose] Check session..
[00:36:03.310][Verbose] Rendering layer..
[00:36:03.310][Verbose] Done locating views 1
[00:36:03.310][Verbose] Checking if 1 == 1
[00:36:03.310][Verbose] 1 == 1
[HOTHAM_SIMULATOR] Acquire swapchain image called..
[HOTHAM_SIMULATOR] Done. Index is 2
[HOTHAM_SIMULATOR] Release image called
[HOTHAM_SIMULATOR] Transitioning image 0x6269300000000015
[00:36:03.312][Verbose] Ending frame..
[HOTHAM_SIMULATOR] Done transitioning image 0x6269300000000015
[HOTHAM_SIMULATOR] done! Probably?
[00:36:03.313][Verbose] Polling actions..
[00:36:03.313][Verbose] Rendering frame..
[00:36:03.313][Verbose] Check session..
[00:36:03.313][Verbose] Rendering layer..
[00:36:03.313][Verbose] Done locating views 1
[00:36:03.313][Verbose] Checking if 1 == 1
[00:36:03.313][Verbose] 1 == 1
[HOTHAM_SIMULATOR] Acquire swapchain image called..
[HOTHAM_SIMULATOR] Done. Index is 0
[HOTHAM_SIMULATOR] Release image called
[HOTHAM_SIMULATOR] Transitioning image 0x1f91b40000000011
[00:36:03.314][Verbose] Ending frame..
[HOTHAM_SIMULATOR] Done transitioning image 0x1f91b40000000011
[HOTHAM_SIMULATOR] done! Probably?
[00:36:03.315][Verbose] Polling actions..
[00:36:03.315][Verbose] Rendering frame..
[00:36:03.315][Verbose] Check session..
[00:36:03.315][Verbose] Rendering layer..
[00:36:03.315][Verbose] Done locating views 1
[00:36:03.315][Verbose] Checking if 1 == 1
[00:36:03.315][Verbose] 1 == 1
[HOTHAM_SIMULATOR] Acquire swapchain image called..
[HOTHAM_SIMULATOR] Done. Index is 1
[HOTHAM_SIMULATOR] Release image called
[HOTHAM_SIMULATOR] Transitioning image 0xfe25f60000000013
[00:36:03.317][Verbose] Ending frame..
[HOTHAM_SIMULATOR] Done transitioning image 0xfe25f60000000013
[HOTHAM_SIMULATOR] done! Probably?
[00:36:03.318][Verbose] Polling actions..
[00:36:03.318][Verbose] Rendering frame..
[00:36:03.318][Verbose] Check session..
[00:36:03.318][Verbose] Rendering layer..
[00:36:03.318][Verbose] Done locating views 1
[00:36:03.318][Verbose] Checking if 1 == 1
[00:36:03.318][Verbose] 1 == 1
[HOTHAM_SIMULATOR] Acquire swapchain image called..
[HOTHAM_SIMULATOR] Done. Index is 2
[HOTHAM_SIMULATOR] Release image called
[HOTHAM_SIMULATOR] Transitioning image 0x6269300000000015
[00:36:03.319][Verbose] Ending frame..
[HOTHAM_SIMULATOR] Done transitioning image 0x6269300000000015
[HOTHAM_SIMULATOR] done! Probably?
[00:36:03.321][Verbose] Polling actions..
[00:36:03.321][Verbose] Rendering frame..
[00:36:03.321][Verbose] Check session..
[00:36:03.321][Verbose] Rendering layer..
[00:36:03.321][Verbose] Done locating views 1
[00:36:03.321][Verbose] Checking if 1 == 1
[00:36:03.321][Verbose] 1 == 1
[HOTHAM_SIMULATOR] Acquire swapchain image called..
[HOTHAM_SIMULATOR] Done. Index is 0
[HOTHAM_SIMULATOR] Release image called
[HOTHAM_SIMULATOR] Transitioning image 0x1f91b40000000011
[00:36:03.322][Verbose] Ending frame..
[HOTHAM_SIMULATOR] Done transitioning image 0x1f91b40000000011
[HOTHAM_SIMULATOR] done! Probably?
[00:36:03.324][Verbose] Polling actions..
[00:36:03.324][Verbose] Rendering frame..
[00:36:03.324][Verbose] Check session..
[00:36:03.324][Verbose] Rendering layer..
[00:36:03.324][Verbose] Done locating views 1
[00:36:03.324][Verbose] Checking if 1 == 1
[00:36:03.324][Verbose] 1 == 1
[HOTHAM_SIMULATOR] Acquire swapchain image called..
[HOTHAM_SIMULATOR] Done. Index is 1
[HOTHAM_SIMULATOR] Release image called
[HOTHAM_SIMULATOR] Transitioning image 0xfe25f60000000013
[00:36:03.325][Verbose] Ending frame..
[HOTHAM_SIMULATOR] Done transitioning image 0xfe25f60000000013
[HOTHAM_SIMULATOR] done! Probably?
[00:36:03.327][Verbose] Polling actions..
[00:36:03.327][Verbose] Rendering frame..
[00:36:03.327][Verbose] Check session..
[00:36:03.327][Verbose] Rendering layer..
[00:36:03.328][Verbose] Done locating views 1
[00:36:03.328][Verbose] Checking if 1 == 1
[00:36:03.328][Verbose] 1 == 1
[HOTHAM_SIMULATOR] Acquire swapchain image called..
[HOTHAM_SIMULATOR] Done. Index is 2
[HOTHAM_SIMULATOR] Release image called
[HOTHAM_SIMULATOR] Transitioning image 0x6269300000000015
[00:36:03.329][Verbose] Ending frame..
[HOTHAM_SIMULATOR] Done transitioning image 0x6269300000000015
[HOTHAM_SIMULATOR] done! Probably?
[00:36:03.330][Verbose] Polling actions..
[00:36:03.330][Verbose] Rendering frame..
[00:36:03.330][Verbose] Check session..
[00:36:03.330][Verbose] Rendering layer..
[00:36:03.330][Verbose] Done locating views 1
[00:36:03.330][Verbose] Checking if 1 == 1
[00:36:03.330][Verbose] 1 == 1
[HOTHAM_SIMULATOR] Acquire swapchain image called..
[HOTHAM_SIMULATOR] Done. Index is 0
[HOTHAM_SIMULATOR] Release image called
[HOTHAM_SIMULATOR] Transitioning image 0x1f91b40000000011
[00:36:03.332][Verbose] Ending frame..
[HOTHAM_SIMULATOR] Done transitioning image 0x1f91b40000000011
[HOTHAM_SIMULATOR] done! Probably?
[00:36:03.333][Verbose] Polling actions..
[00:36:03.333][Verbose] Rendering frame..
[00:36:03.333][Verbose] Check session..
[00:36:03.333][Verbose] Rendering layer..
[00:36:03.333][Verbose] Done locating views 1
[00:36:03.333][Verbose] Checking if 1 == 1
[00:36:03.333][Verbose] 1 == 1
[HOTHAM_SIMULATOR] Acquire swapchain image called..
[HOTHAM_SIMULATOR] Done. Index is 1
[HOTHAM_SIMULATOR] Release image called
[HOTHAM_SIMULATOR] Transitioning image 0xfe25f60000000013
[00:36:03.334][Verbose] Ending frame..
[HOTHAM_SIMULATOR] Done transitioning image 0xfe25f60000000013
[HOTHAM_SIMULATOR] done! Probably?
[00:36:03.335][Verbose] Polling actions..
[00:36:03.335][Verbose] Rendering frame..
[00:36:03.335][Verbose] Check session..
[00:36:03.335][Verbose] Rendering layer..
[00:36:03.336][Verbose] Done locating views 1
[00:36:03.336][Verbose] Checking if 1 == 1
[00:36:03.336][Verbose] 1 == 1
[HOTHAM_SIMULATOR] Acquire swapchain image called..
[HOTHAM_SIMULATOR] Done. Index is 2
[HOTHAM_SIMULATOR] Release image called
[HOTHAM_SIMULATOR] Transitioning image 0x6269300000000015
[00:36:03.337][Verbose] Ending frame..
[HOTHAM_SIMULATOR] Done transitioning image 0x6269300000000015
[HOTHAM_SIMULATOR] done! Probably?
[00:36:03.338][Verbose] Polling actions..
[00:36:03.338][Verbose] Rendering frame..
[00:36:03.338][Verbose] Check session..
[00:36:03.338][Verbose] Rendering layer..
[00:36:03.338][Verbose] Done locating views 1
[00:36:03.338][Verbose] Checking if 1 == 1
[00:36:03.338][Verbose] 1 == 1
[HOTHAM_SIMULATOR] Acquire swapchain image called..
[HOTHAM_SIMULATOR] Done. Index is 0
[HOTHAM_SIMULATOR] Release image called
[HOTHAM_SIMULATOR] Transitioning image 0x1f91b40000000011
[00:36:03.339][Verbose] Ending frame..
[HOTHAM_SIMULATOR] Done transitioning image 0x1f91b40000000011
[HOTHAM_SIMULATOR] done! Probably?
[00:36:03.340][Verbose] Polling actions..
[00:36:03.340][Verbose] Rendering frame..
[00:36:03.340][Verbose] Check session..
[00:36:03.340][Verbose] Rendering layer..
[00:36:03.340][Verbose] Done locating views 1
[00:36:03.340][Verbose] Checking if 1 == 1
[00:36:03.340][Verbose] 1 == 1
[HOTHAM_SIMULATOR] Acquire swapchain image called..
[HOTHAM_SIMULATOR] Done. Index is 1
[HOTHAM_SIMULATOR] Release image called
[HOTHAM_SIMULATOR] Transitioning image 0xfe25f60000000013
[00:36:03.341][Verbose] Ending frame..
[HOTHAM_SIMULATOR] Done transitioning image 0xfe25f60000000013
[HOTHAM_SIMULATOR] done! Probably?
[00:36:03.343][Verbose] Polling actions..
[00:36:03.343][Verbose] Rendering frame..
[00:36:03.343][Verbose] Check session..
[00:36:03.343][Verbose] Rendering layer..
[00:36:03.343][Verbose] Done locating views 1
[00:36:03.343][Verbose] Checking if 1 == 1
[00:36:03.343][Verbose] 1 == 1
[HOTHAM_SIMULATOR] Acquire swapchain image called..
[HOTHAM_SIMULATOR] Done. Index is 2
[HOTHAM_SIMULATOR] Release image called
[HOTHAM_SIMULATOR] Transitioning image 0x6269300000000015
[00:36:03.344][Verbose] Ending frame..
[HOTHAM_SIMULATOR] Done transitioning image 0x6269300000000015
[HOTHAM_SIMULATOR] done! Probably?
[00:36:03.346][Verbose] Polling actions..
[00:36:03.346][Verbose] Rendering frame..
[00:36:03.346][Verbose] Check session..
[00:36:03.346][Verbose] Rendering layer..
[00:36:03.346][Verbose] Done locating views 1
[00:36:03.346][Verbose] Checking if 1 == 1
[00:36:03.346][Verbose] 1 == 1
[HOTHAM_SIMULATOR] Acquire swapchain image called..
[HOTHAM_SIMULATOR] Done. Index is 0
[HOTHAM_SIMULATOR] Release image called
[HOTHAM_SIMULATOR] Transitioning image 0x1f91b40000000011
[00:36:03.347][Verbose] Ending frame..
[HOTHAM_SIMULATOR] Done transitioning image 0x1f91b40000000011
[HOTHAM_SIMULATOR] done! Probably?
[00:36:03.348][Verbose] Polling actions..
[00:36:03.348][Verbose] Rendering frame..
[00:36:03.348][Verbose] Check session..
[00:36:03.348][Verbose] Rendering layer..
[00:36:03.348][Verbose] Done locating views 1
[00:36:03.348][Verbose] Checking if 1 == 1
[00:36:03.348][Verbose] 1 == 1
[HOTHAM_SIMULATOR] Acquire swapchain image called..
[HOTHAM_SIMULATOR] Done. Index is 1
[HOTHAM_SIMULATOR] Release image called
[HOTHAM_SIMULATOR] Transitioning image 0xfe25f60000000013
[00:36:03.349][Verbose] Ending frame..
[HOTHAM_SIMULATOR] Done transitioning image 0xfe25f60000000013
[HOTHAM_SIMULATOR] done! Probably?
[00:36:03.350][Verbose] Polling actions..
[00:36:03.350][Verbose] Rendering frame..
[00:36:03.350][Verbose] Check session..
[00:36:03.350][Verbose] Rendering layer..
[00:36:03.351][Verbose] Done locating views 1
[00:36:03.351][Verbose] Checking if 1 == 1
[00:36:03.351][Verbose] 1 == 1
[HOTHAM_SIMULATOR] Acquire swapchain image called..
[HOTHAM_SIMULATOR] Done. Index is 2
[HOTHAM_SIMULATOR] Release image called
[HOTHAM_SIMULATOR] Transitioning image 0x6269300000000015
[00:36:03.352][Verbose] Ending frame..
[HOTHAM_SIMULATOR] Done transitioning image 0x6269300000000015
[HOTHAM_SIMULATOR] done! Probably?
[00:36:03.353][Verbose] Polling actions..
[00:36:03.353][Verbose] Rendering frame..
[00:36:03.353][Verbose] Check session..
[00:36:03.353][Verbose] Rendering layer..
[00:36:03.353][Verbose] Done locating views 1
[00:36:03.353][Verbose] Checking if 1 == 1
[00:36:03.353][Verbose] 1 == 1
[HOTHAM_SIMULATOR] Acquire swapchain image called..
[HOTHAM_SIMULATOR] Done. Index is 0
[HOTHAM_SIMULATOR] Release image called
[HOTHAM_SIMULATOR] Transitioning image 0x1f91b40000000011
[00:36:03.354][Verbose] Ending frame..
[HOTHAM_SIMULATOR] Done transitioning image 0x1f91b40000000011
[HOTHAM_SIMULATOR] done! Probably?
[00:36:03.355][Verbose] Polling actions..
[00:36:03.355][Verbose] Rendering frame..
[00:36:03.355][Verbose] Check session..
[00:36:03.355][Verbose] Rendering layer..
[00:36:03.355][Verbose] Done locating views 1
[00:36:03.355][Verbose] Checking if 1 == 1
[00:36:03.355][Verbose] 1 == 1
[HOTHAM_SIMULATOR] Acquire swapchain image called..
[HOTHAM_SIMULATOR] Done. Index is 1
[HOTHAM_SIMULATOR] Release image called
[HOTHAM_SIMULATOR] Transitioning image 0xfe25f60000000013
[00:36:03.357][Verbose] Ending frame..
[HOTHAM_SIMULATOR] Done transitioning image 0xfe25f60000000013
[HOTHAM_SIMULATOR] done! Probably?
[00:36:03.358][Verbose] Polling actions..
[00:36:03.358][Verbose] Rendering frame..
[00:36:03.358][Verbose] Check session..
[00:36:03.358][Verbose] Rendering layer..
[00:36:03.358][Verbose] Done locating views 1
[00:36:03.358][Verbose] Checking if 1 == 1
[00:36:03.358][Verbose] 1 == 1
[HOTHAM_SIMULATOR] Acquire swapchain image called..
[HOTHAM_SIMULATOR] Done. Index is 2
[HOTHAM_SIMULATOR] Release image called
[HOTHAM_SIMULATOR] Transitioning image 0x6269300000000015
[00:36:03.359][Verbose] Ending frame..
[HOTHAM_SIMULATOR] Done transitioning image 0x6269300000000015
[HOTHAM_SIMULATOR] done! Probably?
[00:36:03.362][Verbose] Polling actions..
[00:36:03.362][Verbose] Rendering frame..
[00:36:03.362][Verbose] Check session..
[00:36:03.362][Verbose] Rendering layer..
[00:36:03.362][Verbose] Done locating views 1
[00:36:03.362][Verbose] Checking if 1 == 1
[00:36:03.362][Verbose] 1 == 1
[HOTHAM_SIMULATOR] Acquire swapchain image called..
[HOTHAM_SIMULATOR] Done. Index is 0
[HOTHAM_SIMULATOR] Release image called
[HOTHAM_SIMULATOR] Transitioning image 0x1f91b40000000011
[00:36:03.363][Verbose] Ending frame..
[HOTHAM_SIMULATOR] Done transitioning image 0x1f91b40000000011
[HOTHAM_SIMULATOR] done! Probably?
[00:36:03.365][Verbose] Polling actions..
[00:36:03.365][Verbose] Rendering frame..
[00:36:03.365][Verbose] Check session..
[00:36:03.365][Verbose] Rendering layer..
[00:36:03.365][Verbose] Done locating views 1
[00:36:03.365][Verbose] Checking if 1 == 1
[00:36:03.365][Verbose] 1 == 1
[HOTHAM_SIMULATOR] Acquire swapchain image called..
[HOTHAM_SIMULATOR] Done. Index is 1
[HOTHAM_SIMULATOR] Release image called
[HOTHAM_SIMULATOR] Transitioning image 0xfe25f60000000013
[00:36:03.367][Verbose] Ending frame..
[HOTHAM_SIMULATOR] Done transitioning image 0xfe25f60000000013
[HOTHAM_SIMULATOR] done! Probably?
[00:36:03.368][Verbose] Polling actions..
[00:36:03.368][Verbose] Rendering frame..
[00:36:03.368][Verbose] Check session..
[00:36:03.368][Verbose] Rendering layer..
[00:36:03.368][Verbose] Done locating views 1
[00:36:03.368][Verbose] Checking if 1 == 1
[00:36:03.368][Verbose] 1 == 1
[HOTHAM_SIMULATOR] Acquire swapchain image called..
[HOTHAM_SIMULATOR] Done. Index is 2
[HOTHAM_SIMULATOR] Release image called
[HOTHAM_SIMULATOR] Transitioning image 0x6269300000000015
[00:36:03.369][Verbose] Ending frame..
[HOTHAM_SIMULATOR] Done transitioning image 0x6269300000000015
[HOTHAM_SIMULATOR] done! Probably?
[00:36:03.370][Verbose] Polling actions..
[00:36:03.370][Verbose] Rendering frame..
[00:36:03.370][Verbose] Check session..
[00:36:03.370][Verbose] Rendering layer..
[00:36:03.371][Verbose] Done locating views 1
[00:36:03.371][Verbose] Checking if 1 == 1
[00:36:03.371][Verbose] 1 == 1
[HOTHAM_SIMULATOR] Acquire swapchain image called..
[HOTHAM_SIMULATOR] Done. Index is 0
[HOTHAM_SIMULATOR] Release image called
[HOTHAM_SIMULATOR] Transitioning image 0x1f91b40000000011
[00:36:03.372][Verbose] Ending frame..
[HOTHAM_SIMULATOR] Done transitioning image 0x1f91b40000000011
[HOTHAM_SIMULATOR] done! Probably?
[00:36:03.373][Verbose] Polling actions..
[00:36:03.373][Verbose] Rendering frame..
[00:36:03.373][Verbose] Check session..
[00:36:03.373][Verbose] Rendering layer..
[00:36:03.373][Verbose] Done locating views 1
[00:36:03.373][Verbose] Checking if 1 == 1
[00:36:03.374][Verbose] 1 == 1
[HOTHAM_SIMULATOR] Acquire swapchain image called..
[HOTHAM_SIMULATOR] Done. Index is 1
[HOTHAM_SIMULATOR] Release image called
[HOTHAM_SIMULATOR] Transitioning image 0xfe25f60000000013
[00:36:03.375][Verbose] Ending frame..
[HOTHAM_SIMULATOR] Done transitioning image 0xfe25f60000000013
[HOTHAM_SIMULATOR] done! Probably?
[00:36:03.376][Verbose] Polling actions..
[00:36:03.376][Verbose] Rendering frame..
[00:36:03.376][Verbose] Check session..
[00:36:03.376][Verbose] Rendering layer..
[00:36:03.376][Verbose] Done locating views 1
[00:36:03.376][Verbose] Checking if 1 == 1
[00:36:03.376][Verbose] 1 == 1
[HOTHAM_SIMULATOR] Acquire swapchain image called..
[HOTHAM_SIMULATOR] Done. Index is 2
[HOTHAM_SIMULATOR] Release image called
[HOTHAM_SIMULATOR] Transitioning image 0x6269300000000015
[00:36:03.377][Verbose] Ending frame..
[HOTHAM_SIMULATOR] Done transitioning image 0x6269300000000015
[HOTHAM_SIMULATOR] done! Probably?
[00:36:03.379][Verbose] Polling actions..
[00:36:03.379][Verbose] Rendering frame..
[00:36:03.379][Verbose] Check session..
[00:36:03.379][Verbose] Rendering layer..
[00:36:03.379][Verbose] Done locating views 1
[00:36:03.379][Verbose] Checking if 1 == 1
[00:36:03.379][Verbose] 1 == 1
[HOTHAM_SIMULATOR] Acquire swapchain image called..
[HOTHAM_SIMULATOR] Done. Index is 0
[HOTHAM_SIMULATOR] Release image called
[HOTHAM_SIMULATOR] Transitioning image 0x1f91b40000000011
[00:36:03.380][Verbose] Ending frame..
[HOTHAM_SIMULATOR] Done transitioning image 0x1f91b40000000011
[HOTHAM_SIMULATOR] done! Probably?
[00:36:03.382][Verbose] Polling actions..
[00:36:03.382][Verbose] Rendering frame..
[00:36:03.382][Verbose] Check session..
[00:36:03.382][Verbose] Rendering layer..
[00:36:03.382][Verbose] Done locating views 1
[00:36:03.382][Verbose] Checking if 1 == 1
[00:36:03.382][Verbose] 1 == 1
[HOTHAM_SIMULATOR] Acquire swapchain image called..
[HOTHAM_SIMULATOR] Done. Index is 1
[HOTHAM_SIMULATOR] Release image called
[HOTHAM_SIMULATOR] Transitioning image 0xfe25f60000000013
[00:36:03.383][Verbose] Ending frame..
[HOTHAM_SIMULATOR] Done transitioning image 0xfe25f60000000013
[HOTHAM_SIMULATOR] done! Probably?
[00:36:03.384][Verbose] Polling actions..
[00:36:03.384][Verbose] Rendering frame..
[00:36:03.384][Verbose] Check session..
[00:36:03.384][Verbose] Rendering layer..
[00:36:03.384][Verbose] Done locating views 1
[00:36:03.385][Verbose] Checking if 1 == 1
[00:36:03.385][Verbose] 1 == 1
[HOTHAM_SIMULATOR] Acquire swapchain image called..
[HOTHAM_SIMULATOR] Done. Index is 2
[HOTHAM_SIMULATOR] Release image called
[HOTHAM_SIMULATOR] Transitioning image 0x6269300000000015
[00:36:03.385][Verbose] Ending frame..
[HOTHAM_SIMULATOR] Done transitioning image 0x6269300000000015
[HOTHAM_SIMULATOR] done! Probably?
[00:36:03.387][Verbose] Polling actions..
[00:36:03.387][Verbose] Rendering frame..
[00:36:03.387][Verbose] Check session..
[00:36:03.387][Verbose] Rendering layer..
[00:36:03.387][Verbose] Done locating views 1
[00:36:03.387][Verbose] Checking if 1 == 1
[00:36:03.387][Verbose] 1 == 1
[HOTHAM_SIMULATOR] Acquire swapchain image called..
[HOTHAM_SIMULATOR] Done. Index is 0
[HOTHAM_SIMULATOR] Release image called
[HOTHAM_SIMULATOR] Transitioning image 0x1f91b40000000011
[00:36:03.388][Verbose] Ending frame..
[HOTHAM_SIMULATOR] Done transitioning image 0x1f91b40000000011
[HOTHAM_SIMULATOR] done! Probably?
[00:36:03.390][Verbose] Polling actions..
[00:36:03.390][Verbose] Rendering frame..
[00:36:03.390][Verbose] Check session..
[00:36:03.390][Verbose] Rendering layer..
[00:36:03.390][Verbose] Done locating views 1
[00:36:03.390][Verbose] Checking if 1 == 1
[00:36:03.390][Verbose] 1 == 1
[HOTHAM_SIMULATOR] Acquire swapchain image called..
[HOTHAM_SIMULATOR] Done. Index is 1
[HOTHAM_SIMULATOR] Release image called
[HOTHAM_SIMULATOR] Transitioning image 0xfe25f60000000013
[00:36:03.391][Verbose] Ending frame..
[HOTHAM_SIMULATOR] Done transitioning image 0xfe25f60000000013
[HOTHAM_SIMULATOR] done! Probably?
[00:36:03.392][Verbose] Polling actions..
[00:36:03.392][Verbose] Rendering frame..
[00:36:03.392][Verbose] Check session..
[00:36:03.392][Verbose] Rendering layer..
[00:36:03.393][Verbose] Done locating views 1
[00:36:03.393][Verbose] Checking if 1 == 1
[00:36:03.393][Verbose] 1 == 1
[HOTHAM_SIMULATOR] Acquire swapchain image called..
[HOTHAM_SIMULATOR] Done. Index is 2
[HOTHAM_SIMULATOR] Release image called
[HOTHAM_SIMULATOR] Transitioning image 0x6269300000000015
[00:36:03.394][Verbose] Ending frame..
[HOTHAM_SIMULATOR] Done transitioning image 0x6269300000000015
[HOTHAM_SIMULATOR] done! Probably?
[00:36:03.395][Verbose] Polling actions..
[00:36:03.395][Verbose] Rendering frame..
[00:36:03.395][Verbose] Check session..
[00:36:03.395][Verbose] Rendering layer..
[00:36:03.396][Verbose] Done locating views 1
[00:36:03.396][Verbose] Checking if 1 == 1
[00:36:03.396][Verbose] 1 == 1
[HOTHAM_SIMULATOR] Acquire swapchain image called..
[HOTHAM_SIMULATOR] Done. Index is 0
[HOTHAM_SIMULATOR] Release image called
[HOTHAM_SIMULATOR] Transitioning image 0x1f91b40000000011
[00:36:03.397][Verbose] Ending frame..
[HOTHAM_SIMULATOR] Done transitioning image 0x1f91b40000000011
[HOTHAM_SIMULATOR] done! Probably?
[00:36:03.398][Verbose] Polling actions..
[00:36:03.398][Verbose] Rendering frame..
[00:36:03.398][Verbose] Check session..
[00:36:03.398][Verbose] Rendering layer..
[00:36:03.398][Verbose] Done locating views 1
[00:36:03.399][Verbose] Checking if 1 == 1
[00:36:03.399][Verbose] 1 == 1
[HOTHAM_SIMULATOR] Acquire swapchain image called..
[HOTHAM_SIMULATOR] Done. Index is 1
[HOTHAM_SIMULATOR] Release image called
[HOTHAM_SIMULATOR] Transitioning image 0xfe25f60000000013
[00:36:03.400][Verbose] Ending frame..
[HOTHAM_SIMULATOR] Done transitioning image 0xfe25f60000000013
[HOTHAM_SIMULATOR] done! Probably?
[00:36:03.401][Verbose] Polling actions..
[00:36:03.401][Verbose] Rendering frame..
[00:36:03.401][Verbose] Check session..
[00:36:03.401][Verbose] Rendering layer..
[00:36:03.401][Verbose] Done locating views 1
[00:36:03.401][Verbose] Checking if 1 == 1
[00:36:03.401][Verbose] 1 == 1
[HOTHAM_SIMULATOR] Acquire swapchain image called..
[HOTHAM_SIMULATOR] Done. Index is 2
[HOTHAM_SIMULATOR] Release image called
[HOTHAM_SIMULATOR] Transitioning image 0x6269300000000015
[00:36:03.402][Verbose] Ending frame..
[HOTHAM_SIMULATOR] Done transitioning image 0x6269300000000015
[HOTHAM_SIMULATOR] done! Probably?
[00:36:03.403][Verbose] Polling actions..
[00:36:03.403][Verbose] Rendering frame..
[00:36:03.403][Verbose] Check session..
[00:36:03.403][Verbose] Rendering layer..
[00:36:03.404][Verbose] Done locating views 1
[00:36:03.404][Verbose] Checking if 1 == 1
[00:36:03.404][Verbose] 1 == 1
[HOTHAM_SIMULATOR] Acquire swapchain image called..
[HOTHAM_SIMULATOR] Done. Index is 0
[HOTHAM_SIMULATOR] Release image called
[HOTHAM_SIMULATOR] Transitioning image 0x1f91b40000000011
[00:36:03.404][Verbose] Ending frame..
[HOTHAM_SIMULATOR] Done transitioning image 0x1f91b40000000011
[HOTHAM_SIMULATOR] done! Probably?
[00:36:03.406][Verbose] Polling actions..
[00:36:03.406][Verbose] Rendering frame..
[00:36:03.406][Verbose] Check session..
[00:36:03.406][Verbose] Rendering layer..
[00:36:03.406][Verbose] Done locating views 1
[00:36:03.406][Verbose] Checking if 1 == 1
[00:36:03.406][Verbose] 1 == 1
[HOTHAM_SIMULATOR] Acquire swapchain image called..
[HOTHAM_SIMULATOR] Done. Index is 1
[HOTHAM_SIMULATOR] Release image called
[HOTHAM_SIMULATOR] Transitioning image 0xfe25f60000000013
[00:36:03.407][Verbose] Ending frame..
[HOTHAM_SIMULATOR] Done transitioning image 0xfe25f60000000013
[HOTHAM_SIMULATOR] done! Probably?
[00:36:03.409][Verbose] Polling actions..
[00:36:03.409][Verbose] Rendering frame..
[00:36:03.409][Verbose] Check session..
[00:36:03.409][Verbose] Rendering layer..
[00:36:03.409][Verbose] Done locating views 1
[00:36:03.409][Verbose] Checking if 1 == 1
[00:36:03.409][Verbose] 1 == 1
[HOTHAM_SIMULATOR] Acquire swapchain image called..
[HOTHAM_SIMULATOR] Done. Index is 2
[HOTHAM_SIMULATOR] Release image called
[HOTHAM_SIMULATOR] Transitioning image 0x6269300000000015
[00:36:03.411][Verbose] Ending frame..
[HOTHAM_SIMULATOR] Done transitioning image 0x6269300000000015
[HOTHAM_SIMULATOR] done! Probably?
[00:36:03.412][Verbose] Polling actions..
[00:36:03.412][Verbose] Rendering frame..
[00:36:03.412][Verbose] Check session..
[00:36:03.412][Verbose] Rendering layer..
[00:36:03.412][Verbose] Done locating views 1
[00:36:03.412][Verbose] Checking if 1 == 1
[00:36:03.413][Verbose] 1 == 1
[HOTHAM_SIMULATOR] Acquire swapchain image called..
[HOTHAM_SIMULATOR] Done. Index is 0
[HOTHAM_SIMULATOR] Release image called
[HOTHAM_SIMULATOR] Transitioning image 0x1f91b40000000011
[00:36:03.414][Verbose] Ending frame..
[HOTHAM_SIMULATOR] Done transitioning image 0x1f91b40000000011
[HOTHAM_SIMULATOR] done! Probably?
[00:36:03.415][Verbose] Polling actions..
[00:36:03.415][Verbose] Rendering frame..
[00:36:03.415][Verbose] Check session..
[00:36:03.415][Verbose] Rendering layer..
[00:36:03.415][Verbose] Done locating views 1
[00:36:03.415][Verbose] Checking if 1 == 1
[00:36:03.415][Verbose] 1 == 1
[HOTHAM_SIMULATOR] Acquire swapchain image called..
[HOTHAM_SIMULATOR] Done. Index is 1
[HOTHAM_SIMULATOR] Release image called
[HOTHAM_SIMULATOR] Transitioning image 0xfe25f60000000013
[00:36:03.417][Verbose] Ending frame..
[HOTHAM_SIMULATOR] Done transitioning image 0xfe25f60000000013
[HOTHAM_SIMULATOR] done! Probably?
[00:36:03.418][Verbose] Polling actions..
[00:36:03.418][Verbose] Rendering frame..
[00:36:03.418][Verbose] Check session..
[00:36:03.418][Verbose] Rendering layer..
[00:36:03.418][Verbose] Done locating views 1
[00:36:03.418][Verbose] Checking if 1 == 1
[00:36:03.418][Verbose] 1 == 1
[HOTHAM_SIMULATOR] Acquire swapchain image called..
[HOTHAM_SIMULATOR] Done. Index is 2
[HOTHAM_SIMULATOR] Release image called
[HOTHAM_SIMULATOR] Transitioning image 0x6269300000000015
[00:36:03.420][Verbose] Ending frame..
[HOTHAM_SIMULATOR] Done transitioning image 0x6269300000000015
[HOTHAM_SIMULATOR] done! Probably?
[00:36:03.421][Verbose] Polling actions..
[00:36:03.421][Verbose] Rendering frame..
[00:36:03.421][Verbose] Check session..
[00:36:03.421][Verbose] Rendering layer..
[00:36:03.421][Verbose] Done locating views 1
[00:36:03.421][Verbose] Checking if 1 == 1
[00:36:03.421][Verbose] 1 == 1
[HOTHAM_SIMULATOR] Acquire swapchain image called..
[HOTHAM_SIMULATOR] Done. Index is 0
[HOTHAM_SIMULATOR] Release image called
[HOTHAM_SIMULATOR] Transitioning image 0x1f91b40000000011
[00:36:03.422][Verbose] Ending frame..
[HOTHAM_SIMULATOR] Done transitioning image 0x1f91b40000000011
[HOTHAM_SIMULATOR] done! Probably?
[00:36:03.423][Verbose] Polling actions..
[00:36:03.423][Verbose] Rendering frame..
[00:36:03.423][Verbose] Check session..
[00:36:03.423][Verbose] Rendering layer..
[00:36:03.424][Verbose] Done locating views 1
[00:36:03.424][Verbose] Checking if 1 == 1
[00:36:03.424][Verbose] 1 == 1
[HOTHAM_SIMULATOR] Acquire swapchain image called..
[HOTHAM_SIMULATOR] Done. Index is 1
[HOTHAM_SIMULATOR] Release image called
[HOTHAM_SIMULATOR] Transitioning image 0xfe25f60000000013
[00:36:03.425][Verbose] Ending frame..
[HOTHAM_SIMULATOR] Done transitioning image 0xfe25f60000000013
[HOTHAM_SIMULATOR] done! Probably?
[00:36:03.426][Verbose] Polling actions..
[00:36:03.426][Verbose] Rendering frame..
[00:36:03.426][Verbose] Check session..
[00:36:03.426][Verbose] Rendering layer..
[00:36:03.426][Verbose] Done locating views 1
[00:36:03.426][Verbose] Checking if 1 == 1
[00:36:03.426][Verbose] 1 == 1
[HOTHAM_SIMULATOR] Acquire swapchain image called..
[HOTHAM_SIMULATOR] Done. Index is 2
[HOTHAM_SIMULATOR] Release image called
[HOTHAM_SIMULATOR] Transitioning image 0x6269300000000015
[00:36:03.428][Verbose] Ending frame..
[HOTHAM_SIMULATOR] Done transitioning image 0x6269300000000015
[HOTHAM_SIMULATOR] done! Probably?
[00:36:03.431][Verbose] Polling actions..
[00:36:03.431][Verbose] Rendering frame..
[00:36:03.431][Verbose] Check session..
[00:36:03.431][Verbose] Rendering layer..
[00:36:03.431][Verbose] Done locating views 1
[00:36:03.431][Verbose] Checking if 1 == 1
[00:36:03.431][Verbose] 1 == 1
[HOTHAM_SIMULATOR] Acquire swapchain image called..
[HOTHAM_SIMULATOR] Done. Index is 0
[HOTHAM_SIMULATOR] Release image called
[HOTHAM_SIMULATOR] Transitioning image 0x1f91b40000000011
[00:36:03.435][Verbose] Ending frame..
[HOTHAM_SIMULATOR] Done transitioning image 0x1f91b40000000011
[HOTHAM_SIMULATOR] done! Probably?
[00:36:03.437][Verbose] Polling actions..
[00:36:03.437][Verbose] Rendering frame..
[00:36:03.437][Verbose] Check session..
[00:36:03.437][Verbose] Rendering layer..
[00:36:03.438][Verbose] Done locating views 1
[00:36:03.438][Verbose] Checking if 1 == 1
[00:36:03.438][Verbose] 1 == 1
[HOTHAM_SIMULATOR] Acquire swapchain image called..
[HOTHAM_SIMULATOR] Done. Index is 1
[HOTHAM_SIMULATOR] Release image called
[HOTHAM_SIMULATOR] Transitioning image 0xfe25f60000000013
[00:36:03.439][Verbose] Ending frame..
[HOTHAM_SIMULATOR] Done transitioning image 0xfe25f60000000013
[HOTHAM_SIMULATOR] done! Probably?
[00:36:03.442][Verbose] Polling actions..
[00:36:03.443][Verbose] Rendering frame..
[00:36:03.443][Verbose] Check session..
[00:36:03.443][Verbose] Rendering layer..
[00:36:03.443][Verbose] Done locating views 1
[00:36:03.443][Verbose] Checking if 1 == 1
[00:36:03.443][Verbose] 1 == 1
[HOTHAM_SIMULATOR] Acquire swapchain image called..
[HOTHAM_SIMULATOR] Done. Index is 2
[HOTHAM_SIMULATOR] Release image called
[HOTHAM_SIMULATOR] Transitioning image 0x6269300000000015
[00:36:03.445][Verbose] Ending frame..
[HOTHAM_SIMULATOR] Done transitioning image 0x6269300000000015
[HOTHAM_SIMULATOR] done! Probably?
[00:36:03.447][Verbose] Polling actions..
[00:36:03.448][Verbose] Rendering frame..
[00:36:03.448][Verbose] Check session..
[00:36:03.448][Verbose] Rendering layer..
[00:36:03.448][Verbose] Done locating views 1
[00:36:03.448][Verbose] Checking if 1 == 1
[00:36:03.448][Verbose] 1 == 1
[HOTHAM_SIMULATOR] Acquire swapchain image called..
[HOTHAM_SIMULATOR] Done. Index is 0
[HOTHAM_SIMULATOR] Release image called
[HOTHAM_SIMULATOR] Transitioning image 0x1f91b40000000011
[00:36:03.450][Verbose] Ending frame..
[HOTHAM_SIMULATOR] Done transitioning image 0x1f91b40000000011
[HOTHAM_SIMULATOR] done! Probably?
[00:36:03.452][Verbose] Polling actions..
[00:36:03.452][Verbose] Rendering frame..
[00:36:03.452][Verbose] Check session..
[00:36:03.452][Verbose] Rendering layer..
[00:36:03.453][Verbose] Done locating views 1
[00:36:03.453][Verbose] Checking if 1 == 1
[00:36:03.453][Verbose] 1 == 1
[HOTHAM_SIMULATOR] Acquire swapchain image called..
[HOTHAM_SIMULATOR] Done. Index is 1
[HOTHAM_SIMULATOR] Release image called
[HOTHAM_SIMULATOR] Transitioning image 0xfe25f60000000013
[00:36:03.454][Verbose] Ending frame..
[HOTHAM_SIMULATOR] Done transitioning image 0xfe25f60000000013
[HOTHAM_SIMULATOR] done! Probably?
[00:36:03.457][Verbose] Polling actions..
[00:36:03.457][Verbose] Rendering frame..
[00:36:03.457][Verbose] Check session..
[00:36:03.457][Verbose] Rendering layer..
[00:36:03.457][Verbose] Done locating views 1
[00:36:03.457][Verbose] Checking if 1 == 1
[00:36:03.457][Verbose] 1 == 1
[HOTHAM_SIMULATOR] Acquire swapchain image called..
[HOTHAM_SIMULATOR] Done. Index is 2
[HOTHAM_SIMULATOR] Release image called
[HOTHAM_SIMULATOR] Transitioning image 0x6269300000000015
[00:36:03.459][Verbose] Ending frame..
[HOTHAM_SIMULATOR] Done transitioning image 0x6269300000000015
[HOTHAM_SIMULATOR] done! Probably?
[00:36:03.460][Verbose] Polling actions..
[00:36:03.460][Verbose] Rendering frame..
[00:36:03.460][Verbose] Check session..
[00:36:03.460][Verbose] Rendering layer..
[00:36:03.460][Verbose] Done locating views 1
[00:36:03.460][Verbose] Checking if 1 == 1
[00:36:03.460][Verbose] 1 == 1
[HOTHAM_SIMULATOR] Acquire swapchain image called..
[HOTHAM_SIMULATOR] Done. Index is 0
[HOTHAM_SIMULATOR] Release image called
[HOTHAM_SIMULATOR] Transitioning image 0x1f91b40000000011
[00:36:03.462][Verbose] Ending frame..
[HOTHAM_SIMULATOR] Done transitioning image 0x1f91b40000000011
[HOTHAM_SIMULATOR] done! Probably?
[00:36:03.463][Verbose] Polling actions..
[00:36:03.463][Verbose] Rendering frame..
[00:36:03.463][Verbose] Check session..
[00:36:03.463][Verbose] Rendering layer..
[00:36:03.463][Verbose] Done locating views 1
[00:36:03.463][Verbose] Checking if 1 == 1
[00:36:03.463][Verbose] 1 == 1
[HOTHAM_SIMULATOR] Acquire swapchain image called..
[HOTHAM_SIMULATOR] Done. Index is 1
[HOTHAM_SIMULATOR] Release image called
[HOTHAM_SIMULATOR] Transitioning image 0xfe25f60000000013
[00:36:03.465][Verbose] Ending frame..
[HOTHAM_SIMULATOR] Done transitioning image 0xfe25f60000000013
[HOTHAM_SIMULATOR] done! Probably?
[00:36:03.466][Verbose] Polling actions..
[00:36:03.466][Verbose] Rendering frame..
[00:36:03.466][Verbose] Check session..
[00:36:03.466][Verbose] Rendering layer..
[00:36:03.467][Verbose] Done locating views 1
[00:36:03.467][Verbose] Checking if 1 == 1
[00:36:03.467][Verbose] 1 == 1
[HOTHAM_SIMULATOR] Acquire swapchain image called..
[HOTHAM_SIMULATOR] Done. Index is 2
[HOTHAM_SIMULATOR] Release image called
[HOTHAM_SIMULATOR] Transitioning image 0x6269300000000015
[00:36:03.468][Verbose] Ending frame..
[HOTHAM_SIMULATOR] Done transitioning image 0x6269300000000015
[HOTHAM_SIMULATOR] done! Probably?
[00:36:03.469][Verbose] Polling actions..
[00:36:03.469][Verbose] Rendering frame..
[00:36:03.469][Verbose] Check session..
[00:36:03.469][Verbose] Rendering layer..
[00:36:03.469][Verbose] Done locating views 1
[00:36:03.469][Verbose] Checking if 1 == 1
[00:36:03.470][Verbose] 1 == 1
[HOTHAM_SIMULATOR] Acquire swapchain image called..
[HOTHAM_SIMULATOR] Done. Index is 0
[HOTHAM_SIMULATOR] Release image called
[HOTHAM_SIMULATOR] Transitioning image 0x1f91b40000000011
[00:36:03.471][Verbose] Ending frame..
[HOTHAM_SIMULATOR] Done transitioning image 0x1f91b40000000011
[HOTHAM_SIMULATOR] done! Probably?
[00:36:03.473][Verbose] Polling actions..
[00:36:03.473][Verbose] Rendering frame..
[00:36:03.473][Verbose] Check session..
[00:36:03.473][Verbose] Rendering layer..
[00:36:03.473][Verbose] Done locating views 1
[00:36:03.473][Verbose] Checking if 1 == 1
[00:36:03.473][Verbose] 1 == 1
[HOTHAM_SIMULATOR] Acquire swapchain image called..
[HOTHAM_SIMULATOR] Done. Index is 1
[HOTHAM_SIMULATOR] Release image called
[HOTHAM_SIMULATOR] Transitioning image 0xfe25f60000000013
[00:36:03.474][Verbose] Ending frame..
[HOTHAM_SIMULATOR] Done transitioning image 0xfe25f60000000013
[HOTHAM_SIMULATOR] done! Probably?
[00:36:03.476][Verbose] Polling actions..
[00:36:03.476][Verbose] Rendering frame..
[00:36:03.476][Verbose] Check session..
[00:36:03.476][Verbose] Rendering layer..
[00:36:03.476][Verbose] Done locating views 1
[00:36:03.476][Verbose] Checking if 1 == 1
[00:36:03.476][Verbose] 1 == 1
[HOTHAM_SIMULATOR] Acquire swapchain image called..
[HOTHAM_SIMULATOR] Done. Index is 2
[HOTHAM_SIMULATOR] Release image called
[HOTHAM_SIMULATOR] Transitioning image 0x6269300000000015
[00:36:03.478][Verbose] Ending frame..
[HOTHAM_SIMULATOR] Done transitioning image 0x6269300000000015
[HOTHAM_SIMULATOR] done! Probably?
[00:36:03.479][Verbose] Polling actions..
[00:36:03.479][Verbose] Rendering frame..
[00:36:03.479][Verbose] Check session..
[00:36:03.480][Verbose] Rendering layer..
[00:36:03.480][Verbose] Done locating views 1
[00:36:03.480][Verbose] Checking if 1 == 1
[00:36:03.480][Verbose] 1 == 1
[HOTHAM_SIMULATOR] Acquire swapchain image called..
[HOTHAM_SIMULATOR] Done. Index is 0
[HOTHAM_SIMULATOR] Release image called
[HOTHAM_SIMULATOR] Transitioning image 0x1f91b40000000011
[00:36:03.481][Verbose] Ending frame..
[HOTHAM_SIMULATOR] Done transitioning image 0x1f91b40000000011
[HOTHAM_SIMULATOR] done! Probably?
[00:36:03.483][Verbose] Polling actions..
[00:36:03.483][Verbose] Rendering frame..
[00:36:03.483][Verbose] Check session..
[00:36:03.483][Verbose] Rendering layer..
[00:36:03.483][Verbose] Done locating views 1
[00:36:03.483][Verbose] Checking if 1 == 1
[00:36:03.483][Verbose] 1 == 1
[HOTHAM_SIMULATOR] Acquire swapchain image called..
[HOTHAM_SIMULATOR] Done. Index is 1
[HOTHAM_SIMULATOR] Release image called
[HOTHAM_SIMULATOR] Transitioning image 0xfe25f60000000013
[00:36:03.485][Verbose] Ending frame..
[HOTHAM_SIMULATOR] Done transitioning image 0xfe25f60000000013
[HOTHAM_SIMULATOR] done! Probably?
[00:36:03.486][Verbose] Polling actions..
[00:36:03.486][Verbose] Rendering frame..
[00:36:03.486][Verbose] Check session..
[00:36:03.486][Verbose] Rendering layer..
[00:36:03.486][Verbose] Done locating views 1
[00:36:03.486][Verbose] Checking if 1 == 1
[00:36:03.486][Verbose] 1 == 1
[HOTHAM_SIMULATOR] Acquire swapchain image called..
[HOTHAM_SIMULATOR] Done. Index is 2
[HOTHAM_SIMULATOR] Release image called
[HOTHAM_SIMULATOR] Transitioning image 0x6269300000000015
[00:36:03.488][Verbose] Ending frame..
[HOTHAM_SIMULATOR] Done transitioning image 0x6269300000000015
[HOTHAM_SIMULATOR] done! Probably?
[00:36:03.489][Verbose] Polling actions..
[00:36:03.489][Verbose] Rendering frame..
[00:36:03.489][Verbose] Check session..
[00:36:03.489][Verbose] Rendering layer..
[00:36:03.489][Verbose] Done locating views 1
[00:36:03.489][Verbose] Checking if 1 == 1
[00:36:03.490][Verbose] 1 == 1
[HOTHAM_SIMULATOR] Acquire swapchain image called..
[HOTHAM_SIMULATOR] Done. Index is 0
[HOTHAM_SIMULATOR] Release image called
[HOTHAM_SIMULATOR] Transitioning image 0x1f91b40000000011
[00:36:03.491][Verbose] Ending frame..
[HOTHAM_SIMULATOR] Done transitioning image 0x1f91b40000000011
[HOTHAM_SIMULATOR] done! Probably?
[00:36:03.492][Verbose] Polling actions..
[00:36:03.492][Verbose] Rendering frame..
[00:36:03.492][Verbose] Check session..
[00:36:03.492][Verbose] Rendering layer..
[00:36:03.492][Verbose] Done locating views 1
[00:36:03.492][Verbose] Checking if 1 == 1
[00:36:03.492][Verbose] 1 == 1
[HOTHAM_SIMULATOR] Acquire swapchain image called..
[HOTHAM_SIMULATOR] Done. Index is 1
[HOTHAM_SIMULATOR] Release image called
[HOTHAM_SIMULATOR] Transitioning image 0xfe25f60000000013
[00:36:03.493][Verbose] Ending frame..
[HOTHAM_SIMULATOR] Done transitioning image 0xfe25f60000000013
[HOTHAM_SIMULATOR] done! Probably?
[00:36:03.494][Verbose] Polling actions..
[00:36:03.494][Verbose] Rendering frame..
[00:36:03.494][Verbose] Check session..
[00:36:03.494][Verbose] Rendering layer..
[00:36:03.494][Verbose] Done locating views 1
[00:36:03.494][Verbose] Checking if 1 == 1
[00:36:03.495][Verbose] 1 == 1
[HOTHAM_SIMULATOR] Acquire swapchain image called..
[HOTHAM_SIMULATOR] Done. Index is 2
[HOTHAM_SIMULATOR] Release image called
[HOTHAM_SIMULATOR] Transitioning image 0x6269300000000015
[00:36:03.495][Verbose] Ending frame..
[HOTHAM_SIMULATOR] Done transitioning image 0x6269300000000015
[HOTHAM_SIMULATOR] done! Probably?
[00:36:03.497][Verbose] Polling actions..
[00:36:03.497][Verbose] Rendering frame..
[00:36:03.497][Verbose] Check session..
[00:36:03.497][Verbose] Rendering layer..
[00:36:03.497][Verbose] Done locating views 1
[00:36:03.497][Verbose] Checking if 1 == 1
[00:36:03.497][Verbose] 1 == 1
[HOTHAM_SIMULATOR] Acquire swapchain image called..
[HOTHAM_SIMULATOR] Done. Index is 0
[HOTHAM_SIMULATOR] Release image called
[HOTHAM_SIMULATOR] Transitioning image 0x1f91b40000000011
[00:36:03.498][Verbose] Ending frame..
[HOTHAM_SIMULATOR] Done transitioning image 0x1f91b40000000011
[HOTHAM_SIMULATOR] done! Probably?
[00:36:03.499][Verbose] Polling actions..
[00:36:03.499][Verbose] Rendering frame..
[00:36:03.499][Verbose] Check session..
[00:36:03.499][Verbose] Rendering layer..
[00:36:03.499][Verbose] Done locating views 1
[00:36:03.499][Verbose] Checking if 1 == 1
[00:36:03.499][Verbose] 1 == 1
[HOTHAM_SIMULATOR] Acquire swapchain image called..
[HOTHAM_SIMULATOR] Done. Index is 1
[HOTHAM_SIMULATOR] Release image called
[HOTHAM_SIMULATOR] Transitioning image 0xfe25f60000000013
[00:36:03.500][Verbose] Ending frame..
[HOTHAM_SIMULATOR] Done transitioning image 0xfe25f60000000013
[HOTHAM_SIMULATOR] done! Probably?
[00:36:03.502][Verbose] Polling actions..
[00:36:03.502][Verbose] Rendering frame..
[00:36:03.502][Verbose] Check session..
[00:36:03.502][Verbose] Rendering layer..
[00:36:03.502][Verbose] Done locating views 1
[00:36:03.502][Verbose] Checking if 1 == 1
[00:36:03.502][Verbose] 1 == 1
[HOTHAM_SIMULATOR] Acquire swapchain image called..
[HOTHAM_SIMULATOR] Done. Index is 2
[HOTHAM_SIMULATOR] Release image called
[HOTHAM_SIMULATOR] Transitioning image 0x6269300000000015
[00:36:03.503][Verbose] Ending frame..
[HOTHAM_SIMULATOR] Done transitioning image 0x6269300000000015
[HOTHAM_SIMULATOR] done! Probably?
[00:36:03.504][Verbose] Polling actions..
[00:36:03.505][Verbose] Rendering frame..
[00:36:03.505][Verbose] Check session..
[00:36:03.505][Verbose] Rendering layer..
[00:36:03.505][Verbose] Done locating views 1
[00:36:03.505][Verbose] Checking if 1 == 1
[00:36:03.505][Verbose] 1 == 1
[HOTHAM_SIMULATOR] Acquire swapchain image called..
[HOTHAM_SIMULATOR] Done. Index is 0
[HOTHAM_SIMULATOR] Release image called
[HOTHAM_SIMULATOR] Transitioning image 0x1f91b40000000011
[00:36:03.506][Verbose] Ending frame..
[HOTHAM_SIMULATOR] Done transitioning image 0x1f91b40000000011
[HOTHAM_SIMULATOR] done! Probably?
[00:36:03.507][Verbose] Polling actions..
[00:36:03.507][Verbose] Rendering frame..
[00:36:03.507][Verbose] Check session..
[00:36:03.507][Verbose] Rendering layer..
[00:36:03.507][Verbose] Done locating views 1
[00:36:03.507][Verbose] Checking if 1 == 1
[00:36:03.507][Verbose] 1 == 1
[HOTHAM_SIMULATOR] Acquire swapchain image called..
[HOTHAM_SIMULATOR] Done. Index is 1
[HOTHAM_SIMULATOR] Release image called
[HOTHAM_SIMULATOR] Transitioning image 0xfe25f60000000013
[00:36:03.509][Verbose] Ending frame..
[HOTHAM_SIMULATOR] Done transitioning image 0xfe25f60000000013
[HOTHAM_SIMULATOR] done! Probably?
[00:36:03.510][Verbose] Polling actions..
[00:36:03.510][Verbose] Rendering frame..
[00:36:03.510][Verbose] Check session..
[00:36:03.510][Verbose] Rendering layer..
[00:36:03.510][Verbose] Done locating views 1
[00:36:03.510][Verbose] Checking if 1 == 1
[00:36:03.510][Verbose] 1 == 1
[HOTHAM_SIMULATOR] Acquire swapchain image called..
[HOTHAM_SIMULATOR] Done. Index is 2
[HOTHAM_SIMULATOR] Release image called
[HOTHAM_SIMULATOR] Transitioning image 0x6269300000000015
[00:36:03.511][Verbose] Ending frame..
[HOTHAM_SIMULATOR] Done transitioning image 0x6269300000000015
[HOTHAM_SIMULATOR] done! Probably?
[00:36:03.513][Verbose] Polling actions..
[00:36:03.513][Verbose] Rendering frame..
[00:36:03.513][Verbose] Check session..
[00:36:03.513][Verbose] Rendering layer..
[00:36:03.513][Verbose] Done locating views 1
[00:36:03.513][Verbose] Checking if 1 == 1
[00:36:03.513][Verbose] 1 == 1
[HOTHAM_SIMULATOR] Acquire swapchain image called..
[HOTHAM_SIMULATOR] Done. Index is 0
[HOTHAM_SIMULATOR] Release image called
[HOTHAM_SIMULATOR] Transitioning image 0x1f91b40000000011
[00:36:03.514][Verbose] Ending frame..
[HOTHAM_SIMULATOR] Done transitioning image 0x1f91b40000000011
[HOTHAM_SIMULATOR] done! Probably?
[00:36:03.515][Verbose] Polling actions..
[00:36:03.516][Verbose] Rendering frame..
[00:36:03.516][Verbose] Check session..
[00:36:03.516][Verbose] Rendering layer..
[00:36:03.516][Verbose] Done locating views 1
[00:36:03.516][Verbose] Checking if 1 == 1
[00:36:03.516][Verbose] 1 == 1
[HOTHAM_SIMULATOR] Acquire swapchain image called..
[HOTHAM_SIMULATOR] Done. Index is 1
[HOTHAM_SIMULATOR] Release image called
[HOTHAM_SIMULATOR] Transitioning image 0xfe25f60000000013
[00:36:03.517][Verbose] Ending frame..
[HOTHAM_SIMULATOR] Done transitioning image 0xfe25f60000000013
[HOTHAM_SIMULATOR] done! Probably?
[00:36:03.518][Verbose] Polling actions..
[00:36:03.518][Verbose] Rendering frame..
[00:36:03.518][Verbose] Check session..
[00:36:03.518][Verbose] Rendering layer..
[00:36:03.518][Verbose] Done locating views 1
[00:36:03.518][Verbose] Checking if 1 == 1
[00:36:03.518][Verbose] 1 == 1
[HOTHAM_SIMULATOR] Acquire swapchain image called..
[HOTHAM_SIMULATOR] Done. Index is 2
[HOTHAM_SIMULATOR] Release image called
[HOTHAM_SIMULATOR] Transitioning image 0x6269300000000015
[00:36:03.519][Verbose] Ending frame..
[HOTHAM_SIMULATOR] Done transitioning image 0x6269300000000015
[HOTHAM_SIMULATOR] done! Probably?
[00:36:03.521][Verbose] Polling actions..
[00:36:03.521][Verbose] Rendering frame..
[00:36:03.521][Verbose] Check session..
[00:36:03.521][Verbose] Rendering layer..
[00:36:03.521][Verbose] Done locating views 1
[00:36:03.521][Verbose] Checking if 1 == 1
[00:36:03.521][Verbose] 1 == 1
[HOTHAM_SIMULATOR] Acquire swapchain image called..
[HOTHAM_SIMULATOR] Done. Index is 0
[HOTHAM_SIMULATOR] Release image called
[HOTHAM_SIMULATOR] Transitioning image 0x1f91b40000000011
[00:36:03.522][Verbose] Ending frame..
[HOTHAM_SIMULATOR] Done transitioning image 0x1f91b40000000011
[HOTHAM_SIMULATOR] done! Probably?
[00:36:03.523][Verbose] Polling actions..
[00:36:03.523][Verbose] Rendering frame..
[00:36:03.523][Verbose] Check session..
[00:36:03.523][Verbose] Rendering layer..
[00:36:03.523][Verbose] Done locating views 1
[00:36:03.523][Verbose] Checking if 1 == 1
[00:36:03.523][Verbose] 1 == 1
[HOTHAM_SIMULATOR] Acquire swapchain image called..
[HOTHAM_SIMULATOR] Done. Index is 1
[HOTHAM_SIMULATOR] Release image called
[HOTHAM_SIMULATOR] Transitioning image 0xfe25f60000000013
[00:36:03.525][Verbose] Ending frame..
[HOTHAM_SIMULATOR] Done transitioning image 0xfe25f60000000013
[HOTHAM_SIMULATOR] done! Probably?
[00:36:03.526][Verbose] Polling actions..
[00:36:03.526][Verbose] Rendering frame..
[00:36:03.526][Verbose] Check session..
[00:36:03.526][Verbose] Rendering layer..
[00:36:03.526][Verbose] Done locating views 1
[00:36:03.526][Verbose] Checking if 1 == 1
[00:36:03.526][Verbose] 1 == 1
[HOTHAM_SIMULATOR] Acquire swapchain image called..
[HOTHAM_SIMULATOR] Done. Index is 2
[HOTHAM_SIMULATOR] Release image called
[HOTHAM_SIMULATOR] Transitioning image 0x6269300000000015
[00:36:03.528][Verbose] Ending frame..
[HOTHAM_SIMULATOR] Done transitioning image 0x6269300000000015
[HOTHAM_SIMULATOR] done! Probably?
[00:36:03.529][Verbose] Polling actions..
[00:36:03.529][Verbose] Rendering frame..
[00:36:03.529][Verbose] Check session..
[00:36:03.529][Verbose] Rendering layer..
[00:36:03.529][Verbose] Done locating views 1
[00:36:03.529][Verbose] Checking if 1 == 1
[00:36:03.529][Verbose] 1 == 1
[HOTHAM_SIMULATOR] Acquire swapchain image called..
[HOTHAM_SIMULATOR] Done. Index is 0
[HOTHAM_SIMULATOR] Release image called
[HOTHAM_SIMULATOR] Transitioning image 0x1f91b40000000011
[00:36:03.530][Verbose] Ending frame..
[HOTHAM_SIMULATOR] Done transitioning image 0x1f91b40000000011
[HOTHAM_SIMULATOR] done! Probably?
[00:36:03.532][Verbose] Polling actions..
[00:36:03.532][Verbose] Rendering frame..
[00:36:03.532][Verbose] Check session..
[00:36:03.532][Verbose] Rendering layer..
[00:36:03.532][Verbose] Done locating views 1
[00:36:03.532][Verbose] Checking if 1 == 1
[00:36:03.532][Verbose] 1 == 1
[HOTHAM_SIMULATOR] Acquire swapchain image called..
[HOTHAM_SIMULATOR] Done. Index is 1
[HOTHAM_SIMULATOR] Release image called
[HOTHAM_SIMULATOR] Transitioning image 0xfe25f60000000013
[00:36:03.533][Verbose] Ending frame..
[HOTHAM_SIMULATOR] Done transitioning image 0xfe25f60000000013
[HOTHAM_SIMULATOR] done! Probably?
[00:36:03.535][Verbose] Polling actions..
[00:36:03.535][Verbose] Rendering frame..
[00:36:03.535][Verbose] Check session..
[00:36:03.535][Verbose] Rendering layer..
[00:36:03.535][Verbose] Done locating views 1
[00:36:03.535][Verbose] Checking if 1 == 1
[00:36:03.535][Verbose] 1 == 1
[HOTHAM_SIMULATOR] Acquire swapchain image called..
[HOTHAM_SIMULATOR] Done. Index is 2
[HOTHAM_SIMULATOR] Release image called
[HOTHAM_SIMULATOR] Transitioning image 0x6269300000000015
[00:36:03.536][Verbose] Ending frame..
[HOTHAM_SIMULATOR] Done transitioning image 0x6269300000000015
[HOTHAM_SIMULATOR] done! Probably?
[00:36:03.538][Verbose] Polling actions..
[00:36:03.538][Verbose] Rendering frame..
[00:36:03.538][Verbose] Check session..
[00:36:03.538][Verbose] Rendering layer..
[00:36:03.538][Verbose] Done locating views 1
[00:36:03.538][Verbose] Checking if 1 == 1
[00:36:03.538][Verbose] 1 == 1
[HOTHAM_SIMULATOR] Acquire swapchain image called..
[HOTHAM_SIMULATOR] Done. Index is 0
[HOTHAM_SIMULATOR] Release image called
[HOTHAM_SIMULATOR] Transitioning image 0x1f91b40000000011
[00:36:03.540][Verbose] Ending frame..
[HOTHAM_SIMULATOR] Done transitioning image 0x1f91b40000000011
[HOTHAM_SIMULATOR] done! Probably?
[00:36:03.541][Verbose] Polling actions..
[00:36:03.541][Verbose] Rendering frame..
[00:36:03.541][Verbose] Check session..
[00:36:03.541][Verbose] Rendering layer..
[00:36:03.541][Verbose] Done locating views 1
[00:36:03.542][Verbose] Checking if 1 == 1
[00:36:03.542][Verbose] 1 == 1
[HOTHAM_SIMULATOR] Acquire swapchain image called..
[HOTHAM_SIMULATOR] Done. Index is 1
[HOTHAM_SIMULATOR] Release image called
[HOTHAM_SIMULATOR] Transitioning image 0xfe25f60000000013
[00:36:03.543][Verbose] Ending frame..
[HOTHAM_SIMULATOR] Done transitioning image 0xfe25f60000000013
[HOTHAM_SIMULATOR] done! Probably?
[00:36:03.545][Verbose] Polling actions..
[00:36:03.545][Verbose] Rendering frame..
[00:36:03.545][Verbose] Check session..
[00:36:03.545][Verbose] Rendering layer..
[00:36:03.545][Verbose] Done locating views 1
[00:36:03.545][Verbose] Checking if 1 == 1
[00:36:03.545][Verbose] 1 == 1
[HOTHAM_SIMULATOR] Acquire swapchain image called..
[HOTHAM_SIMULATOR] Done. Index is 2
[HOTHAM_SIMULATOR] Release image called
[HOTHAM_SIMULATOR] Transitioning image 0x6269300000000015
[00:36:03.546][Verbose] Ending frame..
[HOTHAM_SIMULATOR] Done transitioning image 0x6269300000000015
[HOTHAM_SIMULATOR] done! Probably?
[00:36:03.547][Verbose] Polling actions..
[00:36:03.547][Verbose] Rendering frame..
[00:36:03.548][Verbose] Check session..
[00:36:03.548][Verbose] Rendering layer..
[00:36:03.548][Verbose] Done locating views 1
[00:36:03.548][Verbose] Checking if 1 == 1
[00:36:03.548][Verbose] 1 == 1
[HOTHAM_SIMULATOR] Acquire swapchain image called..
[HOTHAM_SIMULATOR] Done. Index is 0
[HOTHAM_SIMULATOR] Release image called
[HOTHAM_SIMULATOR] Transitioning image 0x1f91b40000000011
[00:36:03.549][Verbose] Ending frame..
[HOTHAM_SIMULATOR] Done transitioning image 0x1f91b40000000011
[HOTHAM_SIMULATOR] done! Probably?
[00:36:03.550][Verbose] Polling actions..
[00:36:03.550][Verbose] Rendering frame..
[00:36:03.550][Verbose] Check session..
[00:36:03.550][Verbose] Rendering layer..
[00:36:03.550][Verbose] Done locating views 1
[00:36:03.550][Verbose] Checking if 1 == 1
[00:36:03.550][Verbose] 1 == 1
[HOTHAM_SIMULATOR] Acquire swapchain image called..
[HOTHAM_SIMULATOR] Done. Index is 1
